Component: ARM Compiler 5.06 update 6 (build 750) Tool: armlink [4d35ed]

==============================================================================

Section Cross References

    test.o(Main) refers to test.o(MyData) for value2
    startup_armcm4.o(STACK) refers (Special) to heapauxi.o(.text) for __use_two_region_memory
    startup_armcm4.o(HEAP) refers (Special) to heapauxi.o(.text) for __use_two_region_memory
    startup_armcm4.o(RESET) refers (Special) to heapauxi.o(.text) for __use_two_region_memory
    startup_armcm4.o(RESET) refers to startup_armcm4.o(STACK) for __initial_sp
    startup_armcm4.o(RESET) refers to startup_armcm4.o(.text) for Reset_Handler
    startup_armcm4.o(.text) refers (Special) to heapauxi.o(.text) for __use_two_region_memory
    startup_armcm4.o(.text) refers to system_armcm4.o(i.SystemInit) for SystemInit
    startup_armcm4.o(.text) refers to test.o(Main) for __main
    system_armcm4.o(i.SystemCoreClockUpdate) refers to system_armcm4.o(.data) for SystemCoreClock
    system_armcm4.o(i.SystemInit) refers to startup_armcm4.o(RESET) for __Vectors
    system_armcm4.o(i.SystemInit) refers to system_armcm4.o(.data) for SystemCoreClock


==============================================================================

Removing Unused input sections from the image.

    Removing startup_armcm4.o(HEAP), (3072 bytes).
    Removing system_armcm4.o(.rev16_text), (4 bytes).
    Removing system_armcm4.o(.revsh_text), (4 bytes).
    Removing system_armcm4.o(.rrx_text), (6 bytes).
    Removing system_armcm4.o(i.SystemCoreClockUpdate), (16 bytes).

5 unused section(s) (total 3102 bytes) removed from the image.

==============================================================================

Image Symbol Table

    Local Symbols

    Symbol Name                              Value     Ov Type        Size  Object(Section)

    RESET                                    0x00000000   Section      960  startup_armcm4.o(RESET)
    ../clib/heapaux.c                        0x00000000   Number         0  heapauxi.o ABSOLUTE
    RTE\Device\ARMCM4\startup_ARMCM4.s       0x00000000   Number         0  startup_armcm4.o ABSOLUTE
    RTE\Device\ARMCM4\system_ARMCM4.c        0x00000000   Number         0  system_armcm4.o ABSOLUTE
    RTE\\Device\\ARMCM4\\system_ARMCM4.c     0x00000000   Number         0  system_armcm4.o ABSOLUTE
    dc.s                                     0x00000000   Number         0  dc.o ABSOLUTE
    test.s                                   0x00000000   Number         0  test.o ABSOLUTE
    .text                                    0x000003c0   Section       56  startup_armcm4.o(.text)
    .text                                    0x000003f8   Section        0  heapauxi.o(.text)
    Main                                     0x00000400   Section       36  test.o(Main)
    i.SystemInit                             0x00000424   Section        0  system_armcm4.o(i.SystemInit)
    .data                                    0x20000000   Section        4  system_armcm4.o(.data)
    MyData                                   0x20000004   Section        4  test.o(MyData)
    value2                                   0x20000004   Data           4  test.o(MyData)
    STACK                                    0x20000008   Section     1024  startup_armcm4.o(STACK)

    Global Symbols

    Symbol Name                              Value     Ov Type        Size  Object(Section)

    BuildAttributes$$THM_ISAv4$E$P$D$K$B$S$7EM$PE$A:L22UL41UL21$X:L11$S22US41US21$IEEE1$IW$USESV6$~STKCKD$USESV7$~SHL$OSPACE$ROPI$EBA8$STANDARDLIB$REQ8$EABIv2 0x00000000   Number         0  anon$$obj.o ABSOLUTE
    __Vectors                                0x00000000   Data           4  startup_armcm4.o(RESET)
    Reset_Handler                            0x000003c1   Thumb Code     8  startup_armcm4.o(.text)
    __Vectors_End                            0x000003c0   Data           0  startup_armcm4.o(RESET)
    __Vectors_Size                           0x000003c0   Number         0  startup_armcm4.o ABSOLUTE
    NMI_Handler                              0x000003c9   Thumb Code     2  startup_armcm4.o(.text)
    HardFault_Handler                        0x000003cb   Thumb Code     2  startup_armcm4.o(.text)
    MemManage_Handler                        0x000003cd   Thumb Code     2  startup_armcm4.o(.text)
    BusFault_Handler                         0x000003cf   Thumb Code     2  startup_armcm4.o(.text)
    UsageFault_Handler                       0x000003d1   Thumb Code     2  startup_armcm4.o(.text)
    SVC_Handler                              0x000003d3   Thumb Code     2  startup_armcm4.o(.text)
    DebugMon_Handler                         0x000003d5   Thumb Code     2  startup_armcm4.o(.text)
    PendSV_Handler                           0x000003d7   Thumb Code     2  startup_armcm4.o(.text)
    SysTick_Handler                          0x000003d9   Thumb Code     2  startup_armcm4.o(.text)
    Interrupt0_Handler                       0x000003db   Thumb Code     2  startup_armcm4.o(.text)
    Interrupt1_Handler                       0x000003dd   Thumb Code     2  startup_armcm4.o(.text)
    Interrupt2_Handler                       0x000003df   Thumb Code     2  startup_armcm4.o(.text)
    Interrupt3_Handler                       0x000003e1   Thumb Code     2  startup_armcm4.o(.text)
    Interrupt4_Handler                       0x000003e3   Thumb Code     2  startup_armcm4.o(.text)
    Interrupt5_Handler                       0x000003e5   Thumb Code     2  startup_armcm4.o(.text)
    Interrupt6_Handler                       0x000003e7   Thumb Code     2  startup_armcm4.o(.text)
    Interrupt7_Handler                       0x000003e9   Thumb Code     2  startup_armcm4.o(.text)
    Interrupt8_Handler                       0x000003eb   Thumb Code     2  startup_armcm4.o(.text)
    Interrupt9_Handler                       0x000003ed   Thumb Code     2  startup_armcm4.o(.text)
    __use_two_region_memory                  0x000003f9   Thumb Code     2  heapauxi.o(.text)
    __rt_heap_escrow$2region                 0x000003fb   Thumb Code     2  heapauxi.o(.text)
    __rt_heap_expand$2region                 0x000003fd   Thumb Code     2  heapauxi.o(.text)
    __main                                   0x00000401   Thumb Code     0  test.o(Main)
    SystemInit                               0x00000425   Thumb Code    14  system_armcm4.o(i.SystemInit)
    SystemCoreClock                          0x20000000   Data           4  system_armcm4.o(.data)
    __stack_limit                            0x20000008   Data           0  startup_armcm4.o(STACK)
    __initial_sp                             0x20000408   Data           0  startup_armcm4.o(STACK)



==============================================================================

Memory Map of the image

  Image Entry point : 0x000003c1

  Load Region LR_1 (Base: 0x00000000, Size: 0x0000044c, Max: 0xffffffff, ABSOLUTE)

    Execution Region ER_RO (Exec base: 0x00000000, Load base: 0x00000000, Size: 0x00000444, Max: 0xffffffff, ABSOLUTE)

    Exec Addr    Load Addr    Size         Type   Attr      Idx    E Section Name        Object

    0x00000000   0x00000000   0x000003c0   Data   RO            9    RESET               startup_armcm4.o
    0x000003c0   0x000003c0   0x00000038   Code   RO           10  * .text               startup_armcm4.o
    0x000003f8   0x000003f8   0x00000006   Code   RO           76    .text               c_w.l(heapauxi.o)
    0x000003fe   0x000003fe   0x00000002   PAD
    0x00000400   0x00000400   0x00000024   Code   RO            2  * Main                test.o
    0x00000424   0x00000424   0x00000020   Code   RO           18    i.SystemInit        system_armcm4.o


    Execution Region ER_RW (Exec base: 0x20000000, Load base: 0x00000444, Size: 0x00000008, Max: 0xffffffff, ABSOLUTE)

    Exec Addr    Load Addr    Size         Type   Attr      Idx    E Section Name        Object

    0x20000000   0x00000444   0x00000004   Data   RW           19    .data               system_armcm4.o
    0x20000004   0x00000448   0x00000004   Data   RW            1    MyData              test.o


    Execution Region ER_ZI (Exec base: 0x20000008, Load base: 0x0000044c, Size: 0x00000400, Max: 0xffffffff, ABSOLUTE)

    Exec Addr    Load Addr    Size         Type   Attr      Idx    E Section Name        Object

    0x20000008        -       0x00000400   Zero   RW            7    STACK               startup_armcm4.o


==============================================================================

Image component sizes


      Code (inc. data)   RO Data    RW Data    ZI Data      Debug   Object Name

        56         10        960          0       1024       1196   startup_armcm4.o
        32         18          0          4          0       5231   system_armcm4.o
        36          4          0          4          0        280   test.o

    ----------------------------------------------------------------------
       124         32        960          8       1024       6707   Object Totals
         0          0          0          0          0          0   (incl. Generated)
         0          0          0          0          0          0   (incl. Padding)

    ----------------------------------------------------------------------

      Code (inc. data)   RO Data    RW Data    ZI Data      Debug   Library Member Name

         6          0          0          0          0        152   heapauxi.o

    ----------------------------------------------------------------------
         8          0          0          0          0        152   Library Totals
         2          0          0          0          0          0   (incl. Padding)

    ----------------------------------------------------------------------

      Code (inc. data)   RO Data    RW Data    ZI Data      Debug   Library Name

         6          0          0          0          0        152   c_w.l

    ----------------------------------------------------------------------
         8          0          0          0          0        152   Library Totals

    ----------------------------------------------------------------------

==============================================================================


      Code (inc. data)   RO Data    RW Data    ZI Data      Debug   

       132         32        960          8       1024       6859   Grand Totals
       132         32        960          8       1024       6859   ELF Image Totals
       132         32        960          8          0          0   ROM Totals

==============================================================================

    Total RO  Size (Code + RO Data)                 1092 (   1.07kB)
    Total RW  Size (RW Data + ZI Data)              1032 (   1.01kB)
    Total ROM Size (Code + RO Data + RW Data)       1100 (   1.07kB)

==============================================================================

