Archive member included to satisfy reference by file (symbol)

Release/spim.a(spim.o)        Output/Snake Release/Obj/main.o (SpimInit)
../Src/App/GUI/STemWin_CM7_OS_wc32.a(GUICC_M565.o)
                              Output/Snake Release/Obj/LCDConf_FlexColor.o (LCD_API_ColorConv_M565)
../Src/App/GUI/STemWin_CM7_OS_wc32.a(GUI_2DLib.o)
                              Output/Snake Release/Obj/main.o (GUI_DrawRect)
../Src/App/GUI/STemWin_CM7_OS_wc32.a(GUI_Alloc.o)
                              Output/Snake Release/Obj/GUIConf.o (GUI_ALLOC_AssignMemory)
../Src/App/GUI/STemWin_CM7_OS_wc32.a(GUI_Common.o)
                              Output/Snake Release/Obj/main.o (GUI_SetBkColor)
../Src/App/GUI/STemWin_CM7_OS_wc32.a(GUI_Core.o)
                              ../Src/App/GUI/STemWin_CM7_OS_wc32.a(GUI_Common.o) (GUI_pfExecAnimations)
../Src/App/GUI/STemWin_CM7_OS_wc32.a(GUI_Device.o)
                              Output/Snake Release/Obj/LCDConf_FlexColor.o (GUI_DEVICE_CreateAndLink)
../Src/App/GUI/STemWin_CM7_OS_wc32.a(GUI_DispString.o)
                              ../Src/App/GUI/STemWin_CM7_OS_wc32.a(GUI_Common.o) (GUI_DispString)
../Src/App/GUI/STemWin_CM7_OS_wc32.a(GUI_DispStringInRectEx.o)
                              ../Src/App/GUI/STemWin_CM7_OS_wc32.a(GUI_DispString.o) (GUI_DispStringInRectEx)
../Src/App/GUI/STemWin_CM7_OS_wc32.a(GUI_DrawBitmap.o)
                              Output/Snake Release/Obj/main.o (GUI_DrawBitmap)
../Src/App/GUI/STemWin_CM7_OS_wc32.a(GUI_DrawLib.o)
                              Output/Snake Release/Obj/main.o (GUI_FillRect)
../Src/App/GUI/STemWin_CM7_OS_wc32.a(GUI_DrawLine.o)
                              ../Src/App/GUI/STemWin_CM7_OS_wc32.a(GUI_DrawLib.o) (GL_DrawLineToEx)
../Src/App/GUI/STemWin_CM7_OS_wc32.a(GUI_FillPolygon.o)
                              ../Src/App/GUI/STemWin_CM7_OS_wc32.a(GUI_DrawLine.o) (GL_FillPolygon)
../Src/App/GUI/STemWin_CM7_OS_wc32.a(GUI_OnKey.o)
                              ../Src/App/GUI/STemWin_CM7_OS_wc32.a(GUI_Common.o) (GUI_GetKey)
../Src/App/GUI/STemWin_CM7_OS_wc32.a(GUI_Task.o)
                              ../Src/App/GUI/STemWin_CM7_OS_wc32.a(GUI_2DLib.o) (GUI_Unlock)
../Src/App/GUI/STemWin_CM7_OS_wc32.a(GUI_UC.o)
                              ../Src/App/GUI/STemWin_CM7_OS_wc32.a(GUI_DispString.o) (GUI_UC__GetCharCodeInc)
../Src/App/GUI/STemWin_CM7_OS_wc32.a(GUI_UC_EncodeNone.o)
                              ../Src/App/GUI/STemWin_CM7_OS_wc32.a(GUI_Core.o) (GUI_UC_None)
../Src/App/GUI/STemWin_CM7_OS_wc32.a(GUI_WaitEvent.o)
                              ../Src/App/GUI/STemWin_CM7_OS_wc32.a(GUI_OnKey.o) (GUI_SignalEvent)
../Src/App/GUI/STemWin_CM7_OS_wc32.a(GUI__DivTbl.o)
                              ../Src/App/GUI/STemWin_CM7_OS_wc32.a(GUICC_M565.o) (GUI__aConvert_255_63)
../Src/App/GUI/STemWin_CM7_OS_wc32.a(GUI__Private.o)
                              ../Src/App/GUI/STemWin_CM7_OS_wc32.a(GUI_Common.o) (GUI__HandleEOLine)
../Src/App/GUI/STemWin_CM7_OS_wc32.a(GUI__SinHQ.o)
                              ../Src/App/GUI/STemWin_CM7_OS_wc32.a(GUI_Common.o) (GUI__SinHQ)
../Src/App/GUI/STemWin_CM7_OS_wc32.a(GUI__Wrap.o)
                              ../Src/App/GUI/STemWin_CM7_OS_wc32.a(GUI_DispString.o) (GUI__WrapGetNumCharsDisp)
../Src/App/GUI/STemWin_CM7_OS_wc32.a(LCD.o)
                              ../Src/App/GUI/STemWin_CM7_OS_wc32.a(GUI_Common.o) (LCD_SetDrawMode)
../Src/App/GUI/STemWin_CM7_OS_wc32.a(LCD_AA.o)
                              ../Src/App/GUI/STemWin_CM7_OS_wc32.a(GUI_DrawBitmap.o) (LCD_AA_SetAndMask)
../Src/App/GUI/STemWin_CM7_OS_wc32.a(LCD_Color.o)
                              ../Src/App/GUI/STemWin_CM7_OS_wc32.a(LCD.o) (LCD_InitColors)
../Src/App/GUI/STemWin_CM7_OS_wc32.a(LCD_GetColorIndex.o)
                              ../Src/App/GUI/STemWin_CM7_OS_wc32.a(GUI_Common.o) (LCD_GetBkColorIndex)
../Src/App/GUI/STemWin_CM7_OS_wc32.a(LCD_GetEx.o)
                              ../Src/App/GUI/STemWin_CM7_OS_wc32.a(LCD_Color.o) (LCD_GetBitsPerPixelEx)
../Src/App/GUI/STemWin_CM7_OS_wc32.a(LCD_GetNumDisplays.o)
                              ../Src/App/GUI/STemWin_CM7_OS_wc32.a(LCD_Color.o) (LCD_GetNumLayers)
../Src/App/GUI/STemWin_CM7_OS_wc32.a(LCD_GetP.o)
                              ../Src/App/GUI/STemWin_CM7_OS_wc32.a(GUI_Common.o) (LCD_GetPixelIndex)
../Src/App/GUI/STemWin_CM7_OS_wc32.a(LCD_GetPixelColor.o)
                              ../Src/App/GUI/STemWin_CM7_OS_wc32.a(GUI__Private.o) (LCD_GetPixelColor)
../Src/App/GUI/STemWin_CM7_OS_wc32.a(LCD_Rotate180.o)
                              ../Src/App/GUI/STemWin_CM7_OS_wc32.a(GUI_DispString.o) (LCD_APIList180)
../Src/App/GUI/STemWin_CM7_OS_wc32.a(LCD_RotateCCW.o)
                              ../Src/App/GUI/STemWin_CM7_OS_wc32.a(GUI_DispString.o) (LCD_APIListCCW)
../Src/App/GUI/STemWin_CM7_OS_wc32.a(LCD_RotateCW.o)
                              ../Src/App/GUI/STemWin_CM7_OS_wc32.a(GUI_DispString.o) (LCD_APIListCW)
../Src/App/GUI/STemWin_CM7_OS_wc32.a(LCD_SelectLCD.o)
[...]
Memory Configuration

Name             Origin             Length             Attributes
UNPLACED_SECTIONS 0x0000000100000000 0x0000000000000000 xw
SDRAM            0x00000000c0000000 0x0000000000800000 xw
RAM              0x0000000020000000 0x0000000000010000 xw
FLASH            0x0000000008000000 0x0000000000100000 xr
FLASH2           0x0000000000200000 0x0000000000100000 xr
RAM2             0x0000000020010000 0x0000000000040000 xw
*default*        0x0000000000000000 0xffffffffffffffff

Linker script and memory map

                0x000000000800be18                __vfprintf = __vfprintf_float_long
                0x0000000000000000                __vfscanf = __vfscanf_int
                0x00000000c0000000                __SDRAM_segment_start__ = 0xc0000000
                0x00000000c0800000                __SDRAM_segment_end__ = 0xc0800000
                0x0000000000800000                __SDRAM_segment_size__ = 0x800000
                0x0000000020000000                __RAM_segment_start__ = 0x20000000
                0x0000000020010000                __RAM_segment_end__ = 0x20010000
                0x0000000000010000                __RAM_segment_size__ = 0x10000
                0x0000000008000000                __FLASH_segment_start__ = 0x8000000
                0x0000000008100000                __FLASH_segment_end__ = 0x8100000
                0x0000000000100000                __FLASH_segment_size__ = 0x100000
                0x0000000000200000                __FLASH2_segment_start__ = 0x200000
                0x0000000000300000                __FLASH2_segment_end__ = 0x300000
                0x0000000000100000                __FLASH2_segment_size__ = 0x100000
                0x0000000020010000                __RAM2_segment_start__ = 0x20010000
                0x0000000020050000                __RAM2_segment_end__ = 0x20050000
                0x0000000000040000                __RAM2_segment_size__ = 0x40000
                0x0000000000000200                __HEAPSIZE__ = 0x200
                0x0000000000000000                __STACKSIZE_PROCESS__ = 0x0
                0x0000000000000400                __STACKSIZE__ = 0x400
                0x00000000c0000000                __GUI_RAM_load_start__ = ALIGN (__SDRAM_segment_start__, 0x4)

.GUI_RAM        0x00000000c0000000        0x0
                0x00000000c0000000                __GUI_RAM_start__ = .
 *(.GUI_RAM .GUI_RAM.*)
                0x00000000c0000000                __GUI_RAM_end__ = (__GUI_RAM_start__ + SIZEOF (.GUI_RAM))
                0x0000000000000000                __GUI_RAM_size__ = SIZEOF (.GUI_RAM)
                0x00000000c0000000                __GUI_RAM_load_end__ = __GUI_RAM_end__
                0x00000000c0000000                __SDRAM_segment_used_end__ = (ALIGN (__SDRAM_segment_start__, 0x4) + SIZEOF (.GUI_RAM))
                0x0000000000000000                __SDRAM_segment_used_size__ = (__SDRAM_segment_used_end__ - __SDRAM_segment_start__)
                0x0000000000000001                . = ASSERT (((__GUI_RAM_start__ == __GUI_RAM_end__) || ((__GUI_RAM_end__ - __SDRAM_segment_start__) <= __SDRAM_segment_size__)), error: .GUI_RAM is too large to fit in SDRAM memory segment)
                0x0000000000200000                __text2_load_start__ = ALIGN (__FLASH2_segment_start__, 0x4)

.text2          0x0000000000200000        0x0
                0x0000000000200000                __text2_start__ = .
 *(.text2 .text2.*)
                0x0000000000200000                __text2_end__ = (__text2_start__ + SIZEOF (.text2))
                0x0000000000000000                __text2_size__ = SIZEOF (.text2)
                0x0000000000200000                __text2_load_end__ = __text2_end__
                0x0000000000000001                . = ASSERT (((__text2_start__ == __text2_end__) || ((__text2_end__ - __FLASH2_segment_start__) <= __FLASH2_segment_size__)), error: .text2 is too large to fit in FLASH2 memory segment)
                0x0000000000200000                __rodata2_load_start__ = ALIGN (__text2_end__, 0x4)

.rodata2        0x0000000000200000        0x0
                0x0000000000200000                __rodata2_start__ = .
 *(.rodata2 .rodata2.*)
                0x0000000000200000                __rodata2_end__ = (__rodata2_start__ + SIZEOF (.rodata2))
                0x0000000000000000                __rodata2_size__ = SIZEOF (.rodata2)
                0x0000000000200000                __rodata2_load_end__ = __rodata2_end__
                0x0000000000000001                . = ASSERT (((__rodata2_start__ == __rodata2_end__) || ((__rodata2_end__ - __FLASH2_segment_start__) <= __FLASH2_segment_size__)), error: .rodata2 is too large to fit in FLASH2 memory segment)
                0x0000000000200000                __data2_load_start__ = ALIGN (__rodata2_end__, 0x4)

.data2          0x0000000020000000        0x0 load address 0x0000000000200000
                0x0000000020000000                __data2_start__ = .
 *(.data2 .data2.*)
                0x0000000020000000                __data2_end__ = (__data2_start__ + SIZEOF (.data2))
                0x0000000000000000                __data2_size__ = SIZEOF (.data2)
                0x0000000000200000                __data2_load_end__ = (__data2_load_start__ + SIZEOF (.data2))
                0x0000000000200000                __FLASH2_segment_used_end__ = (ALIGN (__rodata2_end__, 0x4) + SIZEOF (.data2))
                0x0000000000000000                __FLASH2_segment_used_size__ = (__FLASH2_segment_used_end__ - __FLASH2_segment_start__)
                0x0000000000000001                . = ASSERT (((__data2_load_start__ == __data2_load_end__) || ((__data2_load_end__ - __FLASH2_segment_start__) <= __FLASH2_segment_size__)), error: .data2 is too large to fit in FLASH2 memory segment)

.data2_run      0x0000000020000000        0x0
                0x0000000020000000                __data2_run_start__ = .
                0x0000000020000000                . = MAX ((__data2_run_start__ + SIZEOF (.data2)), .)
                0x0000000020000000                __data2_run_end__ = (__data2_run_start__ + SIZEOF (.data2_run))
                0x0000000000000000                __data2_run_size__ = SIZEOF (.data2_run)
                0x0000000020000000                __data2_run_load_end__ = __data2_run_end__
                0x0000000000000001                . = ASSERT (((__data2_run_start__ == __data2_run_end__) || ((__data2_run_end__ - __RAM_segment_start__) <= __RAM_segment_size__)), error: .data2_run is too large to fit in RAM memory segment)
                0x0000000020000000                __bss2_load_start__ = ALIGN (__data2_run_end__, 0x4)

.bss2           0x0000000020000000        0x0
                0x0000000020000000                __bss2_start__ = .
 *(.bss2 .bss2.*)
                0x0000000020000000                __bss2_end__ = (__bss2_start__ + SIZEOF (.bss2))
                0x0000000000000000                __bss2_size__ = SIZEOF (.bss2)
                0x0000000020000000                __bss2_load_end__ = __bss2_end__
                0x0000000000000001                . = ASSERT (((__bss2_start__ == __bss2_end__) || ((__bss2_end__ - __RAM_segment_start__) <= __RAM_segment_size__)), error: .bss2 is too large to fit in RAM memory segment)
                0x0000000020000000                __IP_RAM_load_start__ = ALIGN (__bss2_end__, 0x4)

IP_RAM          0x0000000020000000        0x0
                0x0000000020000000                __IP_RAM_start__ = .
 *(IP_RAM IP_RAM.*)
                0x0000000020000000                __IP_RAM_end__ = (__IP_RAM_start__ + SIZEOF (IP_RAM))
                0x0000000000000000                __IP_RAM_size__ = SIZEOF (IP_RAM)
                0x0000000020000000                __IP_RAM_load_end__ = __IP_RAM_end__
                0x0000000000000001                . = ASSERT (((__IP_RAM_start__ == __IP_RAM_end__) || ((__IP_RAM_end__ - __RAM_segment_start__) <= __RAM_segment_size__)), error: IP_RAM is too large to fit in RAM memory segment)
                0x0000000020000000                __FS_RAM_load_start__ = ALIGN (__IP_RAM_end__, 0x4)

FS_RAM          0x0000000020000000        0x0
                0x0000000020000000                __FS_RAM_start__ = .
 *(FS_RAM FS_RAM.*)
                0x0000000020000000                __FS_RAM_end__ = (__FS_RAM_start__ + SIZEOF (FS_RAM))
                0x0000000000000000                __FS_RAM_size__ = SIZEOF (FS_RAM)
                0x0000000020000000                __FS_RAM_load_end__ = __FS_RAM_end__
                0x0000000000000001                . = ASSERT (((__FS_RAM_start__ == __FS_RAM_end__) || ((__FS_RAM_end__ - __RAM_segment_start__) <= __RAM_segment_size__)), error: FS_RAM is too large to fit in RAM memory segment)
                0x0000000020000000                __USB_RAM_load_start__ = ALIGN (__FS_RAM_end__, 0x4)

USB_RAM         0x0000000020000000        0x0
                0x0000000020000000                __USB_RAM_start__ = .
 *(USB_RAM USB_RAM.*)
                0x0000000020000000                __USB_RAM_end__ = (__USB_RAM_start__ + SIZEOF (USB_RAM))
                0x0000000000000000                __USB_RAM_size__ = SIZEOF (USB_RAM)
                0x0000000020000000                __USB_RAM_load_end__ = __USB_RAM_end__
                0x0000000020000000                __RAM_segment_used_end__ = (ALIGN (__FS_RAM_end__, 0x4) + SIZEOF (USB_RAM))
                0x0000000000000000                __RAM_segment_used_size__ = (__RAM_segment_used_end__ - __RAM_segment_start__)
                0x0000000000000001                . = ASSERT (((__USB_RAM_start__ == __USB_RAM_end__) || ((__USB_RAM_end__ - __RAM_segment_start__) <= __RAM_segment_size__)), error: USB_RAM is too large to fit in RAM memory segment)
                0x0000000020010000                __vectors_ram_load_start__ = ALIGN (__RAM2_segment_start__, 0x100)

.vectors_ram    0x0000000020010000        0x0
                0x0000000020010000                __vectors_ram_start__ = .
 *(.vectors_ram .vectors_ram.*)
                0x0000000020010000                __vectors_ram_end__ = (__vectors_ram_start__ + SIZEOF (.vectors_ram))
                0x0000000000000000                __vectors_ram_size__ = SIZEOF (.vectors_ram)
                0x0000000020010000                __vectors_ram_load_end__ = __vectors_ram_end__
                0x0000000000000001                . = ASSERT (((__vectors_ram_start__ == __vectors_ram_end__) || ((__vectors_ram_end__ - __RAM2_segment_start__) <= __RAM2_segment_size__)), error: .vectors_ram is too large to fit in RAM2 memory segment)
                0x0000000008000000                __vectors_load_start__ = ALIGN (__FLASH_segment_start__, 0x100)

.vectors        0x0000000008000000      0x1c8
                0x0000000008000000                __vectors_start__ = .
 *(.vectors .vectors.*)
 .vectors       0x0000000008000000      0x1c8 Output/Snake Release/Obj/STM32F7x6_v1r1_Vectors.o
                0x0000000008000000                _vectors
                0x00000000080001c8                __vectors_end__ = (__vectors_start__ + SIZEOF (.vectors))
                0x00000000000001c8                __vectors_size__ = SIZEOF (.vectors)
                0x00000000080001c8                __vectors_load_end__ = __vectors_end__
                0x0000000000000001                . = ASSERT (((__vectors_start__ == __vectors_end__) || ((__vectors_end__ - __FLASH_segment_start__) <= __FLASH_segment_size__)), error: .vectors is too large to fit in FLASH memory segment)
                0x00000000080001c8                __init_load_start__ = ALIGN (__vectors_end__, 0x4)

.init           0x00000000080001c8      0x250
                0x00000000080001c8                __init_start__ = .
 *(.init .init.*)
 .init          0x00000000080001c8      0x158 Output/Snake Release/Obj/thumb_crt0.o
                0x00000000080001c8                _start
                0x000000000800027a                exit
 .init          0x0000000008000320       0xd0 Output/Snake Release/Obj/STM32F7x6_v1r1_Vectors.o
                0x0000000008000320                NMI_Handler
                0x000000000800032c                WWDG_IRQHandler
                0x000000000800032e                PVD_IRQHandler
                0x0000000008000330                TAMP_STAMP_IRQHandler
                0x0000000008000332                RTC_WKUP_IRQHandler
                0x0000000008000334                FLASH_IRQHandler
                0x0000000008000336                RCC_IRQHandler
                0x0000000008000350                ADC_IRQHandler
                0x0000000008000352                CAN1_TX_IRQHandler
                0x0000000008000354                CAN1_RX0_IRQHandler
                0x0000000008000356                CAN1_RX1_IRQHandler
                0x0000000008000358                CAN1_SCE_IRQHandler
                0x000000000800035c                TIM1_BRK_TIM9_IRQHandler
                0x000000000800035e                TIM1_UP_TIM10_IRQHandler
                0x0000000008000360                TIM1_TRG_COM_TIM11_IRQHandler
                0x0000000008000362                TIM1_CC_IRQHandler
                0x0000000008000364                TIM2_IRQHandler
                0x0000000008000366                TIM3_IRQHandler
                0x0000000008000368                TIM4_IRQHandler
                0x000000000800036a                I2C1_EV_IRQHandler
                0x000000000800036c                I2C1_ER_IRQHandler
                0x000000000800036e                I2C2_EV_IRQHandler
                0x0000000008000370                I2C2_ER_IRQHandler
                0x0000000008000376                USART1_IRQHandler
                0x0000000008000378                USART2_IRQHandler
                0x000000000800037a                USART3_IRQHandler
                0x000000000800037e                RTC_ALARM_IRQHandler
                0x0000000008000380                OTG_FS_WKUP_IRQHandler
                0x0000000008000382                TIM8_BRK_TIM12_IRQHandler
                0x0000000008000384                TIM8_UP_TIM13_IRQHandler
                0x0000000008000386                TIM8_TRG_COM_TIM14_IRQHandler
                0x0000000008000388                TIM8_CC_IRQHandler
                0x000000000800038c                FMC_IRQHandler
                0x000000000800038e                SDMMC1_IRQHandler
                0x0000000008000390                TIM5_IRQHandler
                0x0000000008000394                UART4_IRQHandler
                0x0000000008000396                UART5_IRQHandler
                0x0000000008000398                TIM6_DAC_IRQHandler
                0x000000000800039a                TIM7_IRQHandler
                0x00000000080003a6                ETH_IRQHandler
                0x00000000080003a8                ETH_WKUP_IRQHandler
                0x00000000080003aa                CAN2_TX_IRQHandler
                0x00000000080003ac                CAN2_RX0_IRQHandler
                0x00000000080003ae                CAN2_RX1_IRQHandler
                0x00000000080003b0                CAN2_SCE_IRQHandler
                0x00000000080003b2                OTG_FS_IRQHandler
                0x00000000080003ba                USART6_IRQHandler
                0x00000000080003bc                I2C3_EV_IRQHandler
                0x00000000080003be                I2C3_ER_IRQHandler
                0x00000000080003c0                OTG_HS_EP1_OUT_IRQHandler
                0x00000000080003c2                OTG_HS_EP1_IN_IRQHandler
                0x00000000080003c4                OTG_HS_WKUP_IRQHandler
                0x00000000080003c6                OTG_HS_IRQHandler
                0x00000000080003c8                DCMI_IRQHandler
                0x00000000080003ca                CRYP_IRQHandler
                0x00000000080003cc                HASH_RNG_IRQHandler
                0x00000000080003ce                FPU_IRQHandler
                0x00000000080003d0                UART7_IRQHandler
                0x00000000080003d2                UART8_IRQHandler
                0x00000000080003d8                SPI6_IRQHandler
                0x00000000080003da                SAI1_IRQHandler
                0x00000000080003dc                LCD_TFT_IRQHandler
                0x00000000080003de                LTDC_ER_IRQHandler
                0x00000000080003e0                DMA2D_IRQHandler
                0x00000000080003e2                SAI2_IRQHandler
                0x00000000080003e4                QUADSPI_IRQHandler
                0x00000000080003e6                LPTIM1_IRQHandler
                0x00000000080003e8                CEC_IRQHandler
                0x00000000080003ea                I2C4_EV_IRQHandler
                0x00000000080003ec                I2C4_ER_IRQHandler
                0x00000000080003ee                SPDIF_RX_IRQHandler
 .init          0x00000000080003f0       0x28 Output/Snake Release/Obj/STM32F7xx_Startup.o
                0x00000000080003f0                Reset_Handler
                0x0000000008000418                __init_end__ = (__init_start__ + SIZEOF (.init))
                0x0000000000000250                __init_size__ = SIZEOF (.init)
                0x0000000008000418                __init_load_end__ = __init_end__
                0x0000000000000001                . = ASSERT (((__init_start__ == __init_end__) || ((__init_end__ - __FLASH_segment_start__) <= __FLASH_segment_size__)), error: .init is too large to fit in FLASH memory segment)
                0x0000000008000418                __init_rodata_load_start__ = ALIGN (__init_end__, 0x4)

.init_rodata    0x0000000008000418        0x0
                0x0000000008000418                __init_rodata_start__ = .
 *(.init_rodata .init_rodata.*)
                0x0000000008000418                __init_rodata_end__ = (__init_rodata_start__ + SIZEOF (.init_rodata))
                0x0000000000000000                __init_rodata_size__ = SIZEOF (.init_rodata)
                0x0000000008000418                __init_rodata_load_end__ = __init_rodata_end__
                0x0000000000000001                . = ASSERT (((__init_rodata_start__ == __init_rodata_end__) || ((__init_rodata_end__ - __FLASH_segment_start__) <= __FLASH_segment_size__)), error: .init_rodata is too large to fit in FLASH memory segment)
                0x0000000008000418                __text_load_start__ = ALIGN (__init_rodata_end__, 0x4)

.text           0x0000000008000418     0xd1b8
                0x0000000008000418                __text_start__ = .
 *(.text .text.* .glue_7t .glue_7 .gnu.linkonce.t.* .gcc_except_table .ARM.extab* .gnu.linkonce.armextab.*)
 .glue_7        0x0000000008000418        0x0 linker stubs
 .glue_7t       0x0000000008000418        0x0 linker stubs
 .text.SystemInit
                0x0000000008000418       0x50 Output/Snake Release/Obj/system_stm32f7xx.o
                0x0000000008000418                SystemInit
 .text.SystemCoreClockUpdate
                0x0000000008000468       0x70 Output/Snake Release/Obj/system_stm32f7xx.o
                0x0000000008000468                SystemCoreClockUpdate
 .text.Led2Task
                0x00000000080004d8       0x2c Output/Snake Release/Obj/main.o
 .text.Led1Task
                0x0000000008000504       0x2c Output/Snake Release/Obj/main.o
 .text.SystemInitTask
                0x0000000008000530      0x148 Output/Snake Release/Obj/main.o
 .text.ScoreTask
                0x0000000008000678       0x74 Output/Snake Release/Obj/main.o
 .text.startup.main
                0x00000000080006ec       0xa0 Output/Snake Release/Obj/main.o
                0x00000000080006ec                main
 .text.OS_SysTickHandler
                0x000000000800078c       0x28 Output/Snake Release/Obj/main.o
                0x000000000800078c                OS_SysTickHandler
 .text.SNAKE_PrepareDisplay
                0x00000000080007b4       0x4c Output/Snake Release/Obj/main.o
                0x00000000080007b4                SNAKE_PrepareDisplay
 .text.SNAKE_SetDefaultSnake
                0x0000000008000800      0x298 Output/Snake Release/Obj/main.o
                0x0000000008000800                SNAKE_SetDefaultSnake
 .text.SNAKE_GenerateTarget
                0x0000000008000a98       0xd8 Output/Snake Release/Obj/main.o
                0x0000000008000a98                SNAKE_GenerateTarget
 .text.SnakeTask
                0x0000000008000b70      0x4f8 Output/Snake Release/Obj/main.o
 .text.Navigation_SWitchIRQHandler
                0x0000000008001068       0xfc Output/Snake Release/Obj/main.o
                0x0000000008001068                Navigation_SWitchIRQHandler
 .text.BSPInit  0x0000000008001164       0x98 Output/Snake Release/Obj/BSP.o
                0x0000000008001164                BSPInit
 .text.HardFault_Handler
                0x00000000080011fc       0x24 Output/Snake Release/Obj/BSP.o
                0x00000000080011fc                HardFault_Handler
 .text.PortInit
                0x0000000008001220      0x660 Output/Snake Release/Obj/Hal.o
                0x0000000008001220                PortInit
 .text.IRQInit  0x0000000008001880       0x20 Output/Snake Release/Obj/IRQ.o
                0x0000000008001880                IRQInit
 .text.EXTI0_IRQHandler
                0x00000000080018a0        0xc Output/Snake Release/Obj/IRQ.o
                0x00000000080018a0                EXTI0_IRQHandler
 .text.EXTI1_IRQHandler
                0x00000000080018ac        0xc Output/Snake Release/Obj/IRQ.o
                0x00000000080018ac                EXTI1_IRQHandler
 .text.EXTI2_IRQHandler
                0x00000000080018b8       0x10 Output/Snake Release/Obj/IRQ.o
                0x00000000080018b8                EXTI2_IRQHandler
 .text.EXTI3_IRQHandler
                0x00000000080018c8        0xc Output/Snake Release/Obj/IRQ.o
                0x00000000080018c8                EXTI3_IRQHandler
 .text.EXTI4_IRQHandler
                0x00000000080018d4       0x14 Output/Snake Release/Obj/IRQ.o
                0x00000000080018d4                EXTI4_IRQHandler
 .text.EXTI9_5_IRQHandler
                0x00000000080018e8        0xc Output/Snake Release/Obj/IRQ.o
                0x00000000080018e8                EXTI9_5_IRQHandler
 .text.EXTI15_10_IRQHandler
                0x00000000080018f4       0x64 Output/Snake Release/Obj/IRQ.o
                0x00000000080018f4                EXTI15_10_IRQHandler
 .text.ClockInit
                0x0000000008001958       0xc4 Output/Snake Release/Obj/Clock.o
                0x0000000008001958                ClockInit
 .text.spi_DmaRx
                0x0000000008001a1c       0x74 Release/spim.a(spim.o)
 .text.spi_DmaTx
                0x0000000008001a90       0x5c Release/spim.a(spim.o)
 .text.SpimInit
                0x0000000008001aec      0x21c Release/spim.a(spim.o)
                0x0000000008001aec                SpimInit
 .text.SpimSetDataSize
                0x0000000008001d08       0xe0 Release/spim.a(spim.o)
                0x0000000008001d08                SpimSetDataSize
 .text.SpimAddCallbackTransferDone
                0x0000000008001de8        0x4 Release/spim.a(spim.o)
                0x0000000008001de8                SpimAddCallbackTransferDone
 .text.SpimTransfer
                0x0000000008001dec       0xb4 Release/spim.a(spim.o)
                0x0000000008001dec                SpimTransfer
 .text.SPI1_IRQHandler
                0x0000000008001ea0       0x90 Release/spim.a(spim.o)
                0x0000000008001ea0                SPI1_IRQHandler
 .text.SPI2_IRQHandler
                0x0000000008001f30       0x90 Release/spim.a(spim.o)
                0x0000000008001f30                SPI2_IRQHandler
 .text.SPI3_IRQHandler
                0x0000000008001fc0       0x90 Release/spim.a(spim.o)
                0x0000000008001fc0                SPI3_IRQHandler
 .text.SPI4_IRQHandler
                0x0000000008002050       0x90 Release/spim.a(spim.o)
                0x0000000008002050                SPI4_IRQHandler
 .text.SPI5_IRQHandler
                0x00000000080020e0       0x90 Release/spim.a(spim.o)
                0x00000000080020e0                SPI5_IRQHandler
 .text.DmaInit  0x0000000008002170      0x124 Output/Snake Release/Obj/dma.o
                0x0000000008002170                DmaInit
 .text.DmaStart
                0x0000000008002294       0x50 Output/Snake Release/Obj/dma.o
                0x0000000008002294                DmaStart
 .text.DMA1_Stream0_IRQHandler
                0x00000000080022e4       0xcc Output/Snake Release/Obj/dma.o
                0x00000000080022e4                DMA1_Stream0_IRQHandler
 .text.DMA1_Stream1_IRQHandler
                0x00000000080023b0       0xcc Output/Snake Release/Obj/dma.o
                0x00000000080023b0                DMA1_Stream1_IRQHandler
 .text.DMA1_Stream2_IRQHandler
                0x000000000800247c       0xcc Output/Snake Release/Obj/dma.o
                0x000000000800247c                DMA1_Stream2_IRQHandler
 .text.DMA1_Stream3_IRQHandler
                0x0000000008002548       0xcc Output/Snake Release/Obj/dma.o
                0x0000000008002548                DMA1_Stream3_IRQHandler
 .text.DMA1_Stream4_IRQHandler
                0x0000000008002614       0xcc Output/Snake Release/Obj/dma.o
                0x0000000008002614                DMA1_Stream4_IRQHandler
 .text.DMA1_Stream5_IRQHandler
                0x00000000080026e0       0xcc Output/Snake Release/Obj/dma.o
                0x00000000080026e0                DMA1_Stream5_IRQHandler
 .text.DMA1_Stream6_IRQHandler
                0x00000000080027ac       0xcc Output/Snake Release/Obj/dma.o
                0x00000000080027ac                DMA1_Stream6_IRQHandler
 .text.DMA1_Stream7_IRQHandler
                0x0000000008002878       0xcc Output/Snake Release/Obj/dma.o
                0x0000000008002878                DMA1_Stream7_IRQHandler
 .text.DMA2_Stream0_IRQHandler
                0x0000000008002944       0xcc Output/Snake Release/Obj/dma.o
                0x0000000008002944                DMA2_Stream0_IRQHandler
 .text.DMA2_Stream1_IRQHandler
                0x0000000008002a10       0xcc Output/Snake Release/Obj/dma.o
                0x0000000008002a10                DMA2_Stream1_IRQHandler
 .text.DMA2_Stream2_IRQHandler
                0x0000000008002adc       0xcc Output/Snake Release/Obj/dma.o
                0x0000000008002adc                DMA2_Stream2_IRQHandler
 .text.DMA2_Stream3_IRQHandler
                0x0000000008002ba8       0xcc Output/Snake Release/Obj/dma.o
                0x0000000008002ba8                DMA2_Stream3_IRQHandler
 .text.DMA2_Stream4_IRQHandler
                0x0000000008002c74       0xcc Output/Snake Release/Obj/dma.o
                0x0000000008002c74                DMA2_Stream4_IRQHandler
 .text.DMA2_Stream5_IRQHandler
                0x0000000008002d40       0xcc Output/Snake Release/Obj/dma.o
                0x0000000008002d40                DMA2_Stream5_IRQHandler
 .text.DMA2_Stream6_IRQHandler
                0x0000000008002e0c       0xcc Output/Snake Release/Obj/dma.o
                0x0000000008002e0c                DMA2_Stream6_IRQHandler
 .text.DMA2_Stream7_IRQHandler
                0x0000000008002ed8       0xcc Output/Snake Release/Obj/dma.o
                0x0000000008002ed8                DMA2_Stream7_IRQHandler
 .text.vListInitialise
                0x0000000008002fa4       0x18 Output/Snake Release/Obj/list.o
                0x0000000008002fa4                vListInitialise
 .text.vListInitialiseItem
                0x0000000008002fbc        0x8 Output/Snake Release/Obj/list.o
                0x0000000008002fbc                vListInitialiseItem
 .text.vListInsertEnd
                0x0000000008002fc4       0x20 Output/Snake Release/Obj/list.o
                0x0000000008002fc4                vListInsertEnd
 .text.vListInsert
                0x0000000008002fe4       0x34 Output/Snake Release/Obj/list.o
                0x0000000008002fe4                vListInsert
 .text.uxListRemove
                0x0000000008003018       0x28 Output/Snake Release/Obj/list.o
                0x0000000008003018                uxListRemove
 .text.prvTaskExitError
                0x0000000008003040       0x24 Output/Snake Release/Obj/port.o
 .text.prvPortStartFirstTask
                0x0000000008003064       0x28 Output/Snake Release/Obj/port.o
 .text.vPortEnableVFP
                0x000000000800308c       0x14 Output/Snake Release/Obj/port.o
 .text.pxPortInitialiseStack
                0x00000000080030a0       0x30 Output/Snake Release/Obj/port.o
                0x00000000080030a0                pxPortInitialiseStack
 .text.SVC_Handler
                0x00000000080030d0       0x24 Output/Snake Release/Obj/port.o
                0x00000000080030d0                SVC_Handler
 .text.vPortEnterCritical
                0x00000000080030f4       0x24 Output/Snake Release/Obj/port.o
                0x00000000080030f4                vPortEnterCritical
 .text.vPortExitCritical
                0x0000000008003118       0x14 Output/Snake Release/Obj/port.o
                0x0000000008003118                vPortExitCritical
 *fill*         0x000000000800312c        0x4 
 .text.PendSV_Handler
                0x0000000008003130       0x64 Output/Snake Release/Obj/port.o
                0x0000000008003130                PendSV_Handler
 .text.SysTick_Handler
                0x0000000008003194       0x30 Output/Snake Release/Obj/port.o
                0x0000000008003194                SysTick_Handler
 .text.vPortSetupTimerInterrupt
                0x00000000080031c4       0x3c Output/Snake Release/Obj/port.o
                0x00000000080031c4                vPortSetupTimerInterrupt
 .text.xPortStartScheduler
                0x0000000008003200       0xc4 Output/Snake Release/Obj/port.o
                0x0000000008003200                xPortStartScheduler
 .text.vPortValidateInterruptPriority
                0x00000000080032c4       0x14 Output/Snake Release/Obj/port.o
                0x00000000080032c4                vPortValidateInterruptPriority
 .text.prvCopyDataToQueue
                0x00000000080032d8       0x78 Output/Snake Release/Obj/queue.o
 .text.prvUnlockQueue
                0x0000000008003350      0x12c Output/Snake Release/Obj/queue.o
 .text.prvNotifyQueueSetContainer
                0x000000000800347c       0xbc Output/Snake Release/Obj/queue.o
 .text.xQueueGenericCreateStatic
                0x0000000008003538       0x60 Output/Snake Release/Obj/queue.o
                0x0000000008003538                xQueueGenericCreateStatic
 .text.xQueueCreateCountingSemaphoreStatic
                0x0000000008003598       0x5c Output/Snake Release/Obj/queue.o
                0x0000000008003598                xQueueCreateCountingSemaphoreStatic
 .text.xQueueGenericSend
                0x00000000080035f4      0x138 Output/Snake Release/Obj/queue.o
                0x00000000080035f4                xQueueGenericSend
 .text.xQueueCreateMutexStatic
                0x000000000800372c       0x6c Output/Snake Release/Obj/queue.o
                0x000000000800372c                xQueueCreateMutexStatic
 .text.xQueueGiveFromISR
                0x0000000008003798       0x84 Output/Snake Release/Obj/queue.o
                0x0000000008003798                xQueueGiveFromISR
 .text.xQueueReceive
                0x000000000800381c      0x130 Output/Snake Release/Obj/queue.o
                0x000000000800381c                xQueueReceive
 .text.xQueueSemaphoreTake
                0x000000000800394c      0x174 Output/Snake Release/Obj/queue.o
                0x000000000800394c                xQueueSemaphoreTake
 .text.xQueueReceiveFromISR
                0x0000000008003ac0       0x90 Output/Snake Release/Obj/queue.o
                0x0000000008003ac0                xQueueReceiveFromISR
 .text.vQueueAddToRegistry
                0x0000000008003b50       0x54 Output/Snake Release/Obj/queue.o
                0x0000000008003b50                vQueueAddToRegistry
 .text.vQueueWaitForMessageRestricted
                0x0000000008003ba4       0x50 Output/Snake Release/Obj/queue.o
                0x0000000008003ba4                vQueueWaitForMessageRestricted
 .text.vApplicationGetTimerTaskMemory
                0x0000000008003bf4       0x1c Output/Snake Release/Obj/RTOS.o
                0x0000000008003bf4                vApplicationGetTimerTaskMemory
 .text.vApplicationGetIdleTaskMemory
                0x0000000008003c10       0x1c Output/Snake Release/Obj/RTOS.o
                0x0000000008003c10                vApplicationGetIdleTaskMemory
 .text.vApplicationStackOverflowHook
                0x0000000008003c2c        0x4 Output/Snake Release/Obj/RTOS.o
                0x0000000008003c2c                vApplicationStackOverflowHook
 .text.vApplicationTickHook
                0x0000000008003c30        0x8 Output/Snake Release/Obj/RTOS.o
                0x0000000008003c30                vApplicationTickHook
 .text.prvIdleTask
                0x0000000008003c38       0x60 Output/Snake Release/Obj/tasks.o
 .text.prvAddCurrentTaskToDelayedList
                0x0000000008003c98       0x88 Output/Snake Release/Obj/tasks.o
 .text.xTaskCreateStatic
                0x0000000008003d20      0x1e4 Output/Snake Release/Obj/tasks.o
                0x0000000008003d20                xTaskCreateStatic
 .text.vTaskDelete
                0x0000000008003f04       0xe0 Output/Snake Release/Obj/tasks.o
                0x0000000008003f04                vTaskDelete
 .text.vTaskStartScheduler
                0x0000000008003fe4      0x1ec Output/Snake Release/Obj/tasks.o
                0x0000000008003fe4                vTaskStartScheduler
 .text.vTaskSuspendAll
                0x00000000080041d0       0x10 Output/Snake Release/Obj/tasks.o
                0x00000000080041d0                vTaskSuspendAll
 .text.xTaskGetTickCount
                0x00000000080041e0        0xc Output/Snake Release/Obj/tasks.o
                0x00000000080041e0                xTaskGetTickCount
 .text.xTaskIncrementTick
                0x00000000080041ec      0x158 Output/Snake Release/Obj/tasks.o
                0x00000000080041ec                xTaskIncrementTick
 .text.xTaskResumeAll
                0x0000000008004344      0x12c Output/Snake Release/Obj/tasks.o
                0x0000000008004344                xTaskResumeAll
 .text.vTaskDelay
                0x0000000008004470       0x38 Output/Snake Release/Obj/tasks.o
                0x0000000008004470                vTaskDelay
 .text.vTaskSwitchContext
                0x00000000080044a8       0x90 Output/Snake Release/Obj/tasks.o
                0x00000000080044a8                vTaskSwitchContext
 .text.vTaskPlaceOnEventList
                0x0000000008004538       0x8c Output/Snake Release/Obj/tasks.o
                0x0000000008004538                vTaskPlaceOnEventList
 .text.vTaskPlaceOnEventListRestricted
                0x00000000080045c4       0xac Output/Snake Release/Obj/tasks.o
                0x00000000080045c4                vTaskPlaceOnEventListRestricted
 .text.xTaskRemoveFromEventList
                0x0000000008004670       0x78 Output/Snake Release/Obj/tasks.o
                0x0000000008004670                xTaskRemoveFromEventList
 .text.vTaskInternalSetTimeOutState
                0x00000000080046e8       0x18 Output/Snake Release/Obj/tasks.o
                0x00000000080046e8                vTaskInternalSetTimeOutState
 .text.xTaskCheckForTimeOut
                0x0000000008004700       0x74 Output/Snake Release/Obj/tasks.o
                0x0000000008004700                xTaskCheckForTimeOut
 .text.vTaskMissedYield
                0x0000000008004774        0xc Output/Snake Release/Obj/tasks.o
                0x0000000008004774                vTaskMissedYield
 .text.xTaskGetCurrentTaskHandle
                0x0000000008004780        0xc Output/Snake Release/Obj/tasks.o
                0x0000000008004780                xTaskGetCurrentTaskHandle
 .text.xTaskGetSchedulerState
                0x000000000800478c       0x20 Output/Snake Release/Obj/tasks.o
                0x000000000800478c                xTaskGetSchedulerState
 .text.xTaskPriorityInherit
                0x00000000080047ac       0xb0 Output/Snake Release/Obj/tasks.o
                0x00000000080047ac                xTaskPriorityInherit
 .text.xTaskPriorityDisinherit
                0x000000000800485c       0x84 Output/Snake Release/Obj/tasks.o
                0x000000000800485c                xTaskPriorityDisinherit
 .text.vTaskPriorityDisinheritAfterTimeout
                0x00000000080048e0       0x88 Output/Snake Release/Obj/tasks.o
                0x00000000080048e0                vTaskPriorityDisinheritAfterTimeout
 .text.pvTaskIncrementMutexHeldCount
                0x0000000008004968       0x18 Output/Snake Release/Obj/tasks.o
                0x0000000008004968                pvTaskIncrementMutexHeldCount
 .text.xTaskGenericNotifyFromISR
                0x0000000008004980       0xe8 Output/Snake Release/Obj/tasks.o
                0x0000000008004980                xTaskGenericNotifyFromISR
 .text.prvSwitchTimerLists
                0x0000000008004a68       0x88 Output/Snake Release/Obj/timers.o
 .text.prvTimerTask
                0x0000000008004af0      0x224 Output/Snake Release/Obj/timers.o
 .text.xTimerCreateTimerTask
                0x0000000008004d14       0xb0 Output/Snake Release/Obj/timers.o
                0x0000000008004d14                xTimerCreateTimerTask
 .text.GUI_X_Init
                0x0000000008004dc4        0x4 Output/Snake Release/Obj/GUI_X_OS.o
                0x0000000008004dc4                GUI_X_Init
 .text.GUI_X_InitOS
                0x0000000008004dc8       0x30 Output/Snake Release/Obj/GUI_X_OS.o
                0x0000000008004dc8                GUI_X_InitOS
 .text.GUI_X_Unlock
                0x0000000008004df8       0x50 Output/Snake Release/Obj/GUI_X_OS.o
                0x0000000008004df8                GUI_X_Unlock
 .text.GUI_X_Lock
                0x0000000008004e48       0x4c Output/Snake Release/Obj/GUI_X_OS.o
                0x0000000008004e48                GUI_X_Lock
 .text.GUI_X_GetTaskId
                0x0000000008004e94        0x4 Output/Snake Release/Obj/GUI_X_OS.o
                0x0000000008004e94                GUI_X_GetTaskId
 .text.GUI_X_Config
                0x0000000008004e98       0x1c Output/Snake Release/Obj/GUIConf.o
                0x0000000008004e98                GUI_X_Config
 .text._GetPixelIndex
                0x0000000008004eb4        0x4 Output/Snake Release/Obj/GUIDRV_X.o
 .text._GetDevProp
                0x0000000008004eb8       0x3c Output/Snake Release/Obj/GUIDRV_X.o
 .text._GetDevData
                0x0000000008004ef4       0x10 Output/Snake Release/Obj/GUIDRV_X.o
 .text._GetRect
                0x0000000008004f04       0x14 Output/Snake Release/Obj/GUIDRV_X.o
 .text._GetDevFunc
                0x0000000008004f18       0x18 Output/Snake Release/Obj/GUIDRV_X.o
 .text._SetLUTEntry
                0x0000000008004f30       0x20 Output/Snake Release/Obj/GUIDRV_X.o
 .text._Off     0x0000000008004f50        0xc Output/Snake Release/Obj/GUIDRV_X.o
 .text._On      0x0000000008004f5c        0xc Output/Snake Release/Obj/GUIDRV_X.o
 .text._SetOrg  0x0000000008004f68       0x18 Output/Snake Release/Obj/GUIDRV_X.o
 .text._SetPixelIndex
                0x0000000008004f80       0x18 Output/Snake Release/Obj/GUIDRV_X.o
 .text._XorPixel
                0x0000000008004f98       0x24 Output/Snake Release/Obj/GUIDRV_X.o
 .text._FillRect
                0x0000000008004fbc       0x2c Output/Snake Release/Obj/GUIDRV_X.o
 .text._SetSize
                0x0000000008004fe8       0x54 Output/Snake Release/Obj/GUIDRV_X.o
 .text._DrawBitmap
                0x000000000800503c      0x700 Output/Snake Release/Obj/GUIDRV_X.o
 .text._DrawHLine
                0x000000000800573c       0x28 Output/Snake Release/Obj/GUIDRV_X.o
 .text._DrawVLine
                0x0000000008005764       0x24 Output/Snake Release/Obj/GUIDRV_X.o
 .text._Init    0x0000000008005788       0x38 Output/Snake Release/Obj/GUIDRV_X.o
 .text._SetVSize
                0x00000000080057c0       0x34 Output/Snake Release/Obj/GUIDRV_X.o
 .text._SetVRAMAddr
                0x00000000080057f4       0x44 Output/Snake Release/Obj/GUIDRV_X.o
 .text.LCD_X_Config
                0x0000000008005838       0x3c Output/Snake Release/Obj/LCDConf_FlexColor.o
                0x0000000008005838                LCD_X_Config
 .text.LCD_X_DisplayDriver
                0x0000000008005874        0xc Output/Snake Release/Obj/LCDConf_FlexColor.o
                0x0000000008005874                LCD_X_DisplayDriver
 .text.lcd_cbSpiDone
                0x0000000008005880       0x28 Output/Snake Release/Obj/LCD_ST7735R.o
 .text.LcdInit  0x00000000080058a8      0x9f8 Output/Snake Release/Obj/LCD_ST7735R.o
                0x00000000080058a8                LcdInit
 .text.LCD_GetSize
                0x00000000080062a0       0x18 Output/Snake Release/Obj/LCD_ST7735R.o
                0x00000000080062a0                LCD_GetSize
 .text.LCD_SetArea
                0x00000000080062b8      0x138 Output/Snake Release/Obj/LCD_ST7735R.o
                0x00000000080062b8                LCD_SetArea
 .text.LCD_WriteDataPixelIndex
                0x00000000080063f0       0xb0 Output/Snake Release/Obj/LCD_ST7735R.o
                0x00000000080063f0                LCD_WriteDataPixelIndex
 .text.LCD_WriteDataPixel
                0x00000000080064a0       0x50 Output/Snake Release/Obj/LCD_ST7735R.o
                0x00000000080064a0                LCD_WriteDataPixel
 .text.LCD_WriteSinglePixel
                0x00000000080064f0       0x54 Output/Snake Release/Obj/LCD_ST7735R.o
                0x00000000080064f0                LCD_WriteSinglePixel
 .text.LCD_Index2Color_M565
                0x0000000008006544       0x28 ../Src/App/GUI/STemWin_CM7_OS_wc32.a(GUICC_M565.o)
                0x0000000008006544                LCD_Index2Color_M565
 .text._Color2Index_M565
                0x000000000800656c       0x28 ../Src/App/GUI/STemWin_CM7_OS_wc32.a(GUICC_M565.o)
 .text._GetIndexMask_M565
                0x0000000008006594        0x6 ../Src/App/GUI/STemWin_CM7_OS_wc32.a(GUICC_M565.o)
 *fill*         0x000000000800659a        0x2 
 .text._Color2IndexBulk
                0x000000000800659c       0x5c ../Src/App/GUI/STemWin_CM7_OS_wc32.a(GUICC_M565.o)
 .text._Index2ColorBulk
                0x00000000080065f8       0x64 ../Src/App/GUI/STemWin_CM7_OS_wc32.a(GUICC_M565.o)
 .text.GUI_DrawRect
                0x000000000800665c       0x90 ../Src/App/GUI/STemWin_CM7_OS_wc32.a(GUI_2DLib.o)
                0x000000000800665c                GUI_DrawRect
 .text._PushFreeBlock
                0x00000000080066ec       0x24 ../Src/App/GUI/STemWin_CM7_OS_wc32.a(GUI_Alloc.o)
 .text._RemoveFreeBlock
                0x0000000008006710       0x40 ../Src/App/GUI/STemWin_CM7_OS_wc32.a(GUI_Alloc.o)
 .text._AddFreeMemory
                0x0000000008006750       0xa4 ../Src/App/GUI/STemWin_CM7_OS_wc32.a(GUI_Alloc.o)
 .text._RemoveHoles
                0x00000000080067f4       0x98 ../Src/App/GUI/STemWin_CM7_OS_wc32.a(GUI_Alloc.o)
 .text.GUI_ALLOC_FreeFixedBlock
                0x000000000800688c       0x14 ../Src/App/GUI/STemWin_CM7_OS_wc32.a(GUI_Alloc.o)
                0x000000000800688c                GUI_ALLOC_FreeFixedBlock
 .text.GUI_ALLOC_h2p
                0x00000000080068a0       0x14 ../Src/App/GUI/STemWin_CM7_OS_wc32.a(GUI_Alloc.o)
                0x00000000080068a0                GUI_ALLOC_h2p
 .text.GUI_ALLOC_LockH
                0x00000000080068b4       0x1c ../Src/App/GUI/STemWin_CM7_OS_wc32.a(GUI_Alloc.o)
                0x00000000080068b4                GUI_ALLOC_LockH
 .text.GUI_ALLOC_UnlockH
                0x00000000080068d0       0x30 ../Src/App/GUI/STemWin_CM7_OS_wc32.a(GUI_Alloc.o)
                0x00000000080068d0                GUI_ALLOC_UnlockH
 .text.GUI_ALLOC_AssignMemory
                0x0000000008006900       0x10 ../Src/App/GUI/STemWin_CM7_OS_wc32.a(GUI_Alloc.o)
                0x0000000008006900                GUI_ALLOC_AssignMemory
 .text.GUI_ALLOC_SetAvBlockSize
                0x0000000008006910       0x1c ../Src/App/GUI/STemWin_CM7_OS_wc32.a(GUI_Alloc.o)
                0x0000000008006910                GUI_ALLOC_SetAvBlockSize
 .text.GUI_ALLOC_Free
                0x000000000800692c       0x30 ../Src/App/GUI/STemWin_CM7_OS_wc32.a(GUI_Alloc.o)
                0x000000000800692c                GUI_ALLOC_Free
 .text._EnlargeBlocks
                0x000000000800695c       0x9c ../Src/App/GUI/STemWin_CM7_OS_wc32.a(GUI_Alloc.o)
 .text._InitOnce
                0x00000000080069f8       0x68 ../Src/App/GUI/STemWin_CM7_OS_wc32.a(GUI_Alloc.o)
 .text.GUI_ALLOC_GetFixedBlock
                0x0000000008006a60       0xa4 ../Src/App/GUI/STemWin_CM7_OS_wc32.a(GUI_Alloc.o)
                0x0000000008006a60                GUI_ALLOC_GetFixedBlock
 .text.GUI_ALLOC_GetMaxSize
                0x0000000008006b04       0x3c ../Src/App/GUI/STemWin_CM7_OS_wc32.a(GUI_Alloc.o)
                0x0000000008006b04                GUI_ALLOC_GetMaxSize
 .text._Alloc   0x0000000008006b40       0xf0 ../Src/App/GUI/STemWin_CM7_OS_wc32.a(GUI_Alloc.o)
 .text.GUI_ALLOC_AllocNoInit
                0x0000000008006c30       0x1a ../Src/App/GUI/STemWin_CM7_OS_wc32.a(GUI_Alloc.o)
                0x0000000008006c30                GUI_ALLOC_AllocNoInit
 *fill*         0x0000000008006c4a        0x2 
 .text.GUI_ALLOC_AllocZero
                0x0000000008006c4c       0x3c ../Src/App/GUI/STemWin_CM7_OS_wc32.a(GUI_Alloc.o)
                0x0000000008006c4c                GUI_ALLOC_AllocZero
 .text.GUI_CalcColorDist
                0x0000000008006c88       0x4e ../Src/App/GUI/STemWin_CM7_OS_wc32.a(GUI_Common.o)
                0x0000000008006c88                GUI_CalcColorDist
 .text.GUI_GetColor
                0x0000000008006cd6       0x18 ../Src/App/GUI/STemWin_CM7_OS_wc32.a(GUI_Common.o)
                0x0000000008006cd6                GUI_GetColor
 *fill*         0x0000000008006cee        0x2 
 .text.GUI_GetVersionString
                0x0000000008006cf0       0x18 ../Src/App/GUI/STemWin_CM7_OS_wc32.a(GUI_Common.o)
                0x0000000008006cf0                GUI_GetVersionString
 .text.GUI_MergeRect
                0x0000000008006d08       0x56 ../Src/App/GUI/STemWin_CM7_OS_wc32.a(GUI_Common.o)
                0x0000000008006d08                GUI_MergeRect
 .text.GUI_MoveRect
                0x0000000008006d5e       0x20 ../Src/App/GUI/STemWin_CM7_OS_wc32.a(GUI_Common.o)
                0x0000000008006d5e                GUI_MoveRect
 *fill*         0x0000000008006d7e        0x2 
 .text.GUI_GotoXY
                0x0000000008006d80       0x20 ../Src/App/GUI/STemWin_CM7_OS_wc32.a(GUI_Common.o)
                0x0000000008006d80                GUI_GotoXY
 .text.GUI_RectsIntersect
                0x0000000008006da0       0x3a ../Src/App/GUI/STemWin_CM7_OS_wc32.a(GUI_Common.o)
                0x0000000008006da0                GUI_RectsIntersect
 .text.GUI_SelectLCD
                0x0000000008006dda       0x1a ../Src/App/GUI/STemWin_CM7_OS_wc32.a(GUI_Common.o)
                0x0000000008006dda                GUI_SelectLCD
 .text.GUI_SetBkColor
                0x0000000008006df4       0x16 ../Src/App/GUI/STemWin_CM7_OS_wc32.a(GUI_Common.o)
                0x0000000008006df4                GUI_SetBkColor
 .text.GUI_SetColor
                0x0000000008006e0a       0x16 ../Src/App/GUI/STemWin_CM7_OS_wc32.a(GUI_Common.o)
                0x0000000008006e0a                GUI_SetColor
 .text.GUI_SetDrawMode
                0x0000000008006e20       0x18 ../Src/App/GUI/STemWin_CM7_OS_wc32.a(GUI_Common.o)
                0x0000000008006e20                GUI_SetDrawMode
 .text.GUI_SetFont
                0x0000000008006e38       0x20 ../Src/App/GUI/STemWin_CM7_OS_wc32.a(GUI_Common.o)
                0x0000000008006e38                GUI_SetFont
 .text.GUI_SetOrg
                0x0000000008006e58       0x40 ../Src/App/GUI/STemWin_CM7_OS_wc32.a(GUI_Common.o)
                0x0000000008006e58                GUI_SetOrg
 .text._InitContext
                0x0000000008006e98       0x84 ../Src/App/GUI/STemWin_CM7_OS_wc32.a(GUI_Core.o)
 .text._OnExit  0x0000000008006f1c       0x48 ../Src/App/GUI/STemWin_CM7_OS_wc32.a(GUI_Core.o)
 .text.GUI_ClearRect
                0x0000000008006f64       0x6c ../Src/App/GUI/STemWin_CM7_OS_wc32.a(GUI_Core.o)
                0x0000000008006f64                GUI_ClearRect
 .text.GUI_Clear
                0x0000000008006fd0       0x20 ../Src/App/GUI/STemWin_CM7_OS_wc32.a(GUI_Core.o)
                0x0000000008006fd0                GUI_Clear
 .text.GUI__Config
                0x0000000008006ff0       0x9c ../Src/App/GUI/STemWin_CM7_OS_wc32.a(GUI_Core.o)
                0x0000000008006ff0                GUI__Config
 .text.GUI_Init
                0x000000000800708c      0x18c ../Src/App/GUI/STemWin_CM7_OS_wc32.a(GUI_Core.o)
                0x000000000800708c                GUI_Init
 .text.GUI__RegisterExit
                0x0000000008007218       0x28 ../Src/App/GUI/STemWin_CM7_OS_wc32.a(GUI_Core.o)
                0x0000000008007218                GUI__RegisterExit
 .text.GUI_DEVICE__GetpDriver
                0x0000000008007240       0x20 ../Src/App/GUI/STemWin_CM7_OS_wc32.a(GUI_Device.o)
                0x0000000008007240                GUI_DEVICE__GetpDriver
 .text.GUI_DEVICE_Delete
                0x0000000008007260        0x4 ../Src/App/GUI/STemWin_CM7_OS_wc32.a(GUI_Device.o)
                0x0000000008007260                GUI_DEVICE_Delete
 .text.GUI_DEVICE_Create
                0x0000000008007264       0x4c ../Src/App/GUI/STemWin_CM7_OS_wc32.a(GUI_Device.o)
                0x0000000008007264                GUI_DEVICE_Create
 .text.GUI_DEVICE_Unlink
                0x00000000080072b0       0x30 ../Src/App/GUI/STemWin_CM7_OS_wc32.a(GUI_Device.o)
                0x00000000080072b0                GUI_DEVICE_Unlink
 .text.GUI_DEVICE_Link
                0x00000000080072e0       0x84 ../Src/App/GUI/STemWin_CM7_OS_wc32.a(GUI_Device.o)
                0x00000000080072e0                GUI_DEVICE_Link
 .text.GUI_DEVICE_CreateAndLink
                0x0000000008007364       0x28 ../Src/App/GUI/STemWin_CM7_OS_wc32.a(GUI_Device.o)
                0x0000000008007364                GUI_DEVICE_CreateAndLink
 .text.GUI_DEVICE_UnlinkTaskDevices
                0x000000000800738c        0x4 ../Src/App/GUI/STemWin_CM7_OS_wc32.a(GUI_Device.o)
                0x000000000800738c                GUI_DEVICE_UnlinkTaskDevices
 .text.GUI_DEVICE_LinkDevices
                0x0000000008007390       0x10 ../Src/App/GUI/STemWin_CM7_OS_wc32.a(GUI_Device.o)
                0x0000000008007390                GUI_DEVICE_LinkDevices
 .text.GUI_DispString
                0x00000000080073a0      0x120 ../Src/App/GUI/STemWin_CM7_OS_wc32.a(GUI_DispString.o)
                0x00000000080073a0                GUI_DispString
 .text.GUI_DispStringAt
                0x00000000080074c0       0x28 ../Src/App/GUI/STemWin_CM7_OS_wc32.a(GUI_DispString.o)
                0x00000000080074c0                GUI_DispStringAt
 .text.GL_DrawBitmap
                0x00000000080074e8       0xa8 ../Src/App/GUI/STemWin_CM7_OS_wc32.a(GUI_DrawBitmap.o)
                0x00000000080074e8                GL_DrawBitmap
 .text.GUI_DrawBitmap
                0x0000000008007590       0x58 ../Src/App/GUI/STemWin_CM7_OS_wc32.a(GUI_DrawBitmap.o)
                0x0000000008007590                GUI_DrawBitmap
 .text.GUI_FillRect
                0x00000000080075e8       0x54 ../Src/App/GUI/STemWin_CM7_OS_wc32.a(GUI_DrawLib.o)
                0x00000000080075e8                GUI_FillRect
 .text.GUI_StoreKey
                0x000000000800763c       0x10 ../Src/App/GUI/STemWin_CM7_OS_wc32.a(GUI_OnKey.o)
                0x000000000800763c                GUI_StoreKey
 .text._GetTaskNo
                0x000000000800764c       0x3c ../Src/App/GUI/STemWin_CM7_OS_wc32.a(GUI_Task.o)
 .text._OnExit  0x0000000008007688       0x14 ../Src/App/GUI/STemWin_CM7_OS_wc32.a(GUI_Task.o)
 .text.GUI_Unlock
                0x000000000800769c       0x14 ../Src/App/GUI/STemWin_CM7_OS_wc32.a(GUI_Task.o)
                0x000000000800769c                GUI_Unlock
 .text.GUI_Lock
                0x00000000080076b0       0x78 ../Src/App/GUI/STemWin_CM7_OS_wc32.a(GUI_Task.o)
                0x00000000080076b0                GUI_Lock
 .text.GUITASK_Init
                0x0000000008007728       0x4c ../Src/App/GUI/STemWin_CM7_OS_wc32.a(GUI_Task.o)
                0x0000000008007728                GUITASK_Init
 .text.GUITASK_CopyContext
                0x0000000008007774       0x70 ../Src/App/GUI/STemWin_CM7_OS_wc32.a(GUI_Task.o)
                0x0000000008007774                GUITASK_CopyContext
 .text.GUI_UC__GetCharCodeInc
                0x00000000080077e4       0x28 ../Src/App/GUI/STemWin_CM7_OS_wc32.a(GUI_UC.o)
                0x00000000080077e4                GUI_UC__GetCharCodeInc
 .text.GUI_UC__NumChars2NumBytes
                0x000000000800780c       0x24 ../Src/App/GUI/STemWin_CM7_OS_wc32.a(GUI_UC.o)
                0x000000000800780c                GUI_UC__NumChars2NumBytes
 .text._GetCharCode
                0x0000000008007830        0x4 ../Src/App/GUI/STemWin_CM7_OS_wc32.a(GUI_UC_EncodeNone.o)
 .text._GetCharSize
                0x0000000008007834        0x4 ../Src/App/GUI/STemWin_CM7_OS_wc32.a(GUI_UC_EncodeNone.o)
 .text._CalcSizeOfChar
                0x0000000008007838        0x4 ../Src/App/GUI/STemWin_CM7_OS_wc32.a(GUI_UC_EncodeNone.o)
 .text._Encode  0x000000000800783c        0x6 ../Src/App/GUI/STemWin_CM7_OS_wc32.a(GUI_UC_EncodeNone.o)
 *fill*         0x0000000008007842        0x2 
 .text.GUI_SignalEvent
                0x0000000008007844       0x10 ../Src/App/GUI/STemWin_CM7_OS_wc32.a(GUI_WaitEvent.o)
                0x0000000008007844                GUI_SignalEvent
 .text.GUI__IntersectRect
                0x0000000008007854       0x3a ../Src/App/GUI/STemWin_CM7_OS_wc32.a(GUI__Private.o)
                0x0000000008007854                GUI__IntersectRect
 .text.GUI__IntersectRects
                0x000000000800788e       0x56 ../Src/App/GUI/STemWin_CM7_OS_wc32.a(GUI__Private.o)
                0x000000000800788e                GUI__IntersectRects
 .text.GUI__memset16
                0x00000000080078e4       0x62 ../Src/App/GUI/STemWin_CM7_OS_wc32.a(GUI__Private.o)
                0x00000000080078e4                GUI__memset16
 *fill*         0x0000000008007946        0x2 
 .text._SetDrawMode
                0x0000000008007948       0x28 ../Src/App/GUI/STemWin_CM7_OS_wc32.a(LCD.o)
 .text.LCD_SetDrawMode
                0x0000000008007970        0xc ../Src/App/GUI/STemWin_CM7_OS_wc32.a(LCD.o)
                0x0000000008007970                LCD_SetDrawMode
 .text.LCD_DrawPixel
                0x000000000800797c       0x60 ../Src/App/GUI/STemWin_CM7_OS_wc32.a(LCD.o)
                0x000000000800797c                LCD_DrawPixel
 .text.LCD_DrawHLine
                0x00000000080079dc       0x50 ../Src/App/GUI/STemWin_CM7_OS_wc32.a(LCD.o)
                0x00000000080079dc                LCD_DrawHLine
 .text.LCD_DrawVLine
                0x0000000008007a2c       0x54 ../Src/App/GUI/STemWin_CM7_OS_wc32.a(LCD.o)
                0x0000000008007a2c                LCD_DrawVLine
 .text.LCD_FillRect
                0x0000000008007a80       0x58 ../Src/App/GUI/STemWin_CM7_OS_wc32.a(LCD.o)
                0x0000000008007a80                LCD_FillRect
 .text.LCD__DrawBitmap_1bpp
                0x0000000008007ad8      0x1d8 ../Src/App/GUI/STemWin_CM7_OS_wc32.a(LCD.o)
                0x0000000008007ad8                LCD__DrawBitmap_1bpp
 .text.LCD_DrawBitmap
                0x0000000008007cb0      0x224 ../Src/App/GUI/STemWin_CM7_OS_wc32.a(LCD.o)
                0x0000000008007cb0                LCD_DrawBitmap
 .text.LCD_SetClipRectMax
                0x0000000008007ed4       0x1c ../Src/App/GUI/STemWin_CM7_OS_wc32.a(LCD.o)
                0x0000000008007ed4                LCD_SetClipRectMax
 .text.emWin_LCD_Init
                0x0000000008007ef0       0xa4 ../Src/App/GUI/STemWin_CM7_OS_wc32.a(LCD.o)
                0x0000000008007ef0                emWin_LCD_Init
 .text.LCD_Color2Index
                0x0000000008007f94       0x1c ../Src/App/GUI/STemWin_CM7_OS_wc32.a(LCD.o)
                0x0000000008007f94                LCD_Color2Index
 .text.LCD_Index2Color
                0x0000000008007fb0       0x1c ../Src/App/GUI/STemWin_CM7_OS_wc32.a(LCD.o)
                0x0000000008007fb0                LCD_Index2Color
 .text.LCD_SetColorIndex
                0x0000000008007fcc       0x18 ../Src/App/GUI/STemWin_CM7_OS_wc32.a(LCD.o)
                0x0000000008007fcc                LCD_SetColorIndex
 .text._SetColor
                0x0000000008007fe4       0x20 ../Src/App/GUI/STemWin_CM7_OS_wc32.a(LCD.o)
 .text.LCD_SetBkColorIndex
                0x0000000008008004       0x18 ../Src/App/GUI/STemWin_CM7_OS_wc32.a(LCD.o)
                0x0000000008008004                LCD_SetBkColorIndex
 .text._SetBkColor
                0x000000000800801c       0x20 ../Src/App/GUI/STemWin_CM7_OS_wc32.a(LCD.o)
 .text.LCD_SetBkColor
                0x000000000800803c        0xc ../Src/App/GUI/STemWin_CM7_OS_wc32.a(LCD.o)
                0x000000000800803c                LCD_SetBkColor
 .text.LCD_SetColor
                0x0000000008008048        0xc ../Src/App/GUI/STemWin_CM7_OS_wc32.a(LCD.o)
                0x0000000008008048                LCD_SetColor
 .text._OnExit  0x0000000008008054       0x1c ../Src/App/GUI/STemWin_CM7_OS_wc32.a(LCD_Color.o)
 .text.LCD_InitColors
                0x0000000008008070       0x3c ../Src/App/GUI/STemWin_CM7_OS_wc32.a(LCD_Color.o)
                0x0000000008008070                LCD_InitColors
 .text.LCD_GetpPalConvTableUncached
                0x00000000080080ac       0x6c ../Src/App/GUI/STemWin_CM7_OS_wc32.a(LCD_Color.o)
                0x00000000080080ac                LCD_GetpPalConvTableUncached
 .text.LCD_GetpPalConvTableBM
                0x0000000008008118        0x4 ../Src/App/GUI/STemWin_CM7_OS_wc32.a(LCD_Color.o)
                0x0000000008008118                LCD_GetpPalConvTableBM
 .text.LCD_InitLUT
                0x000000000800811c       0x88 ../Src/App/GUI/STemWin_CM7_OS_wc32.a(LCD_Color.o)
                0x000000000800811c                LCD_InitLUT
 .text.LCD_GetColorIndex
                0x00000000080081a4       0x10 ../Src/App/GUI/STemWin_CM7_OS_wc32.a(LCD_GetColorIndex.o)
                0x00000000080081a4                LCD_GetColorIndex
 .text._GetDevProp
                0x00000000080081b4       0x1e ../Src/App/GUI/STemWin_CM7_OS_wc32.a(LCD_GetEx.o)
 .text._GetMaxValue
                0x00000000080081d2       0x22 ../Src/App/GUI/STemWin_CM7_OS_wc32.a(LCD_GetEx.o)
 .text.LCD_GetBitsPerPixelEx
                0x00000000080081f4        0x6 ../Src/App/GUI/STemWin_CM7_OS_wc32.a(LCD_GetEx.o)
                0x00000000080081f4                LCD_GetBitsPerPixelEx
 .text.LCD_GetNumColorsEx
                0x00000000080081fa        0x6 ../Src/App/GUI/STemWin_CM7_OS_wc32.a(LCD_GetEx.o)
                0x00000000080081fa                LCD_GetNumColorsEx
 .text.LCD_GetNumColors
                0x0000000008008200       0x10 ../Src/App/GUI/STemWin_CM7_OS_wc32.a(LCD_GetEx.o)
                0x0000000008008200                LCD_GetNumColors
 .text.GUI_GetBitsPerPixelEx
                0x0000000008008210       0x14 ../Src/App/GUI/STemWin_CM7_OS_wc32.a(LCD_GetEx.o)
                0x0000000008008210                GUI_GetBitsPerPixelEx
 .text.LCD_GetPaletteEx
                0x0000000008008224       0x16 ../Src/App/GUI/STemWin_CM7_OS_wc32.a(LCD_GetEx.o)
                0x0000000008008224                LCD_GetPaletteEx
 *fill*         0x000000000800823a        0x2 
 .text.LCD_GetPalette
                0x000000000800823c       0x10 ../Src/App/GUI/STemWin_CM7_OS_wc32.a(LCD_GetEx.o)
                0x000000000800823c                LCD_GetPalette
 .text.GUI_GetpfIndex2ColorEx
                0x000000000800824c       0x10 ../Src/App/GUI/STemWin_CM7_OS_wc32.a(LCD_GetEx.o)
                0x000000000800824c                GUI_GetpfIndex2ColorEx
 .text.GUI_GetpfColor2IndexEx
                0x000000000800825c       0x10 ../Src/App/GUI/STemWin_CM7_OS_wc32.a(LCD_GetEx.o)
                0x000000000800825c                GUI_GetpfColor2IndexEx
 .text.LCD_GetXSizeMax
                0x000000000800826c        0x6 ../Src/App/GUI/STemWin_CM7_OS_wc32.a(LCD_GetEx.o)
                0x000000000800826c                LCD_GetXSizeMax
 .text.LCD_GetYSizeMax
                0x0000000008008272        0x6 ../Src/App/GUI/STemWin_CM7_OS_wc32.a(LCD_GetEx.o)
                0x0000000008008272                LCD_GetYSizeMax
 .text.LCD_GetVXSizeMax
                0x0000000008008278        0x6 ../Src/App/GUI/STemWin_CM7_OS_wc32.a(LCD_GetEx.o)
                0x0000000008008278                LCD_GetVXSizeMax
 *fill*         0x000000000800827e        0x2 
 .text.LCD_SetDisplaySize
                0x0000000008008280        0xc ../Src/App/GUI/STemWin_CM7_OS_wc32.a(LCD_GetEx.o)
                0x0000000008008280                LCD_SetDisplaySize
 .text.LCD_GetXSizeDisplay
                0x000000000800828c        0xc ../Src/App/GUI/STemWin_CM7_OS_wc32.a(LCD_GetEx.o)
                0x000000000800828c                LCD_GetXSizeDisplay
 .text.LCD_GetYSizeDisplay
                0x0000000008008298        0xc ../Src/App/GUI/STemWin_CM7_OS_wc32.a(LCD_GetEx.o)
                0x0000000008008298                LCD_GetYSizeDisplay
 .text.LCD__GetBPP
                0x00000000080082a4       0x7e ../Src/App/GUI/STemWin_CM7_OS_wc32.a(LCD_GetEx.o)
                0x00000000080082a4                LCD__GetBPP
 .text.LCD__GetBPPDevice
                0x0000000008008322       0x2c ../Src/App/GUI/STemWin_CM7_OS_wc32.a(LCD_GetEx.o)
                0x0000000008008322                LCD__GetBPPDevice
 .text.LCD_GetNumLayers
                0x000000000800834e       0x1e ../Src/App/GUI/STemWin_CM7_OS_wc32.a(LCD_GetNumDisplays.o)
                0x000000000800834e                LCD_GetNumLayers
 .text.LCD_SelectLCD
                0x000000000800836c       0x40 ../Src/App/GUI/STemWin_CM7_OS_wc32.a(LCD_SelectLCD.o)
                0x000000000800836c                LCD_SelectLCD
 .text.LCD_SetLUTEntryEx
                0x00000000080083ac       0x30 ../Src/App/GUI/STemWin_CM7_OS_wc32.a(LCD_Set.o)
                0x00000000080083ac                LCD_SetLUTEntryEx
 .text.LCD_SetSizeEx
                0x00000000080083dc       0x30 ../Src/App/GUI/STemWin_CM7_OS_wc32.a(LCD_Set.o)
                0x00000000080083dc                LCD_SetSizeEx
 .text.LCD_SetVSizeEx
                0x000000000800840c       0x30 ../Src/App/GUI/STemWin_CM7_OS_wc32.a(LCD_Set.o)
                0x000000000800840c                LCD_SetVSizeEx
 .text.LCD_UpdateColorIndices
                0x000000000800843c       0x24 ../Src/App/GUI/STemWin_CM7_OS_wc32.a(LCD_UpdateColorIndices.o)
                0x000000000800843c                LCD_UpdateColorIndices
 .text._GetDevData
                0x0000000008008460       0x10 ../Src/App/GUI/STemWin_CM7_OS_wc32.a(GUIDEV_16.o)
 .text._GetDevFunc
                0x0000000008008470       0x10 ../Src/App/GUI/STemWin_CM7_OS_wc32.a(GUIDEV_16.o)
 .text._SetOrg  0x0000000008008480        0xc ../Src/App/GUI/STemWin_CM7_OS_wc32.a(GUIDEV_16.o)
 .text._GetRect
                0x000000000800848c       0x36 ../Src/App/GUI/STemWin_CM7_OS_wc32.a(GUIDEV_16.o)
 *fill*         0x00000000080084c2        0x2 
 .text._XY2PTR  0x00000000080084c4       0x40 ../Src/App/GUI/STemWin_CM7_OS_wc32.a(GUIDEV_16.o)
 .text._GetPixelIndex
                0x0000000008008504        0xe ../Src/App/GUI/STemWin_CM7_OS_wc32.a(GUIDEV_16.o)
 *fill*         0x0000000008008512        0x2 
 .text._XorPixel
                0x0000000008008514       0x58 ../Src/App/GUI/STemWin_CM7_OS_wc32.a(GUIDEV_16.o)
 .text._SetPixelIndex
                0x000000000800856c       0x4c ../Src/App/GUI/STemWin_CM7_OS_wc32.a(GUIDEV_16.o)
 .text._DrawVLine
                0x00000000080085b8       0xbc ../Src/App/GUI/STemWin_CM7_OS_wc32.a(GUIDEV_16.o)
 .text._FillRect
                0x0000000008008674       0xb4 ../Src/App/GUI/STemWin_CM7_OS_wc32.a(GUIDEV_16.o)
 .text._DrawHLine
                0x0000000008008728        0xe ../Src/App/GUI/STemWin_CM7_OS_wc32.a(GUIDEV_16.o)
 *fill*         0x0000000008008736        0x2 
 .text._DrawBitmap
                0x0000000008008738      0x754 ../Src/App/GUI/STemWin_CM7_OS_wc32.a(GUIDEV_16.o)
 .text._GetDevProp
                0x0000000008008e8c       0x18 ../Src/App/GUI/STemWin_CM7_OS_wc32.a(GUIDEV_16.o)
 .text.GUI_USAGE_DecUseCnt
                0x0000000008008ea4       0x32 ../Src/App/GUI/STemWin_CM7_OS_wc32.a(GUIDEV_Usage.o)
                0x0000000008008ea4                GUI_USAGE_DecUseCnt
 .text.GUI_USAGE_AddRect
                0x0000000008008ed6       0x26 ../Src/App/GUI/STemWin_CM7_OS_wc32.a(GUIDEV_Usage.o)
                0x0000000008008ed6                GUI_USAGE_AddRect
 .text._Convert16
                0x0000000008008efc       0x3e ../Src/App/GUI/STemWin_CM7_OS_wc32.a(GUIDEV_WriteToActiveOpaque.o)
 .text._Convert8
                0x0000000008008f3a       0x42 ../Src/App/GUI/STemWin_CM7_OS_wc32.a(GUIDEV_WriteToActiveOpaque.o)
 .text.GUI_MEMDEV__WriteToActiveOpaque
                0x0000000008008f7c      0x74c ../Src/App/GUI/STemWin_CM7_OS_wc32.a(GUIDEV_WriteToActiveOpaque.o)
                0x0000000008008f7c                GUI_MEMDEV__WriteToActiveOpaque
 .text._OnExit  0x00000000080096c8       0xa4 ../Src/App/GUI/STemWin_CM7_OS_wc32.a(WM.o)
 .text._Findy1  0x000000000800976c       0xa6 ../Src/App/GUI/STemWin_CM7_OS_wc32.a(WM.o)
 .text._Findx0  0x0000000008009812       0x86 ../Src/App/GUI/STemWin_CM7_OS_wc32.a(WM.o)
 .text._Findx1  0x0000000008009898       0x72 ../Src/App/GUI/STemWin_CM7_OS_wc32.a(WM.o)
 *fill*         0x000000000800990a        0x2 
 .text.WM__ClipAtParentBorders
                0x000000000800990c       0x58 ../Src/App/GUI/STemWin_CM7_OS_wc32.a(WM.o)
                0x000000000800990c                WM__ClipAtParentBorders
 .text.WM__InsertWindowIntoList
                0x0000000008009964       0xac ../Src/App/GUI/STemWin_CM7_OS_wc32.a(WM.o)
                0x0000000008009964                WM__InsertWindowIntoList
 .text.WM__Client2Screen
                0x0000000008009a10       0x10 ../Src/App/GUI/STemWin_CM7_OS_wc32.a(WM.o)
                0x0000000008009a10                WM__Client2Screen
 .text._SetClipRectUserIntersect
                0x0000000008009a20       0x50 ../Src/App/GUI/STemWin_CM7_OS_wc32.a(WM.o)
 .text.WM__ActivateClipRect
                0x0000000008009a70       0x48 ../Src/App/GUI/STemWin_CM7_OS_wc32.a(WM.o)
                0x0000000008009a70                WM__ActivateClipRect
 .text.WM__InvalidateDrawAndDescs
                0x0000000008009ab8       0x50 ../Src/App/GUI/STemWin_CM7_OS_wc32.a(WM.o)
                0x0000000008009ab8                WM__InvalidateDrawAndDescs
 .text.WM__RectIsNZ
                0x0000000008009b08       0x22 ../Src/App/GUI/STemWin_CM7_OS_wc32.a(WM.o)
                0x0000000008009b08                WM__RectIsNZ
 .text.WM__SendMsgNoData
                0x0000000008009b2a       0x16 ../Src/App/GUI/STemWin_CM7_OS_wc32.a(WM.o)
                0x0000000008009b2a                WM__SendMsgNoData
 .text.WM__GetClientRectWin
                0x0000000008009b40       0x18 ../Src/App/GUI/STemWin_CM7_OS_wc32.a(WM.o)
                0x0000000008009b40                WM__GetClientRectWin
 .text.WM__GetTopLevelLayer
                0x0000000008009b58       0x28 ../Src/App/GUI/STemWin_CM7_OS_wc32.a(WM.o)
                0x0000000008009b58                WM__GetTopLevelLayer
 .text._Invalidate1Abs
                0x0000000008009b80       0xa0 ../Src/App/GUI/STemWin_CM7_OS_wc32.a(WM.o)
 .text.WM__Invalidate1Abs
                0x0000000008009c20        0x6 ../Src/App/GUI/STemWin_CM7_OS_wc32.a(WM.o)
                0x0000000008009c20                WM__Invalidate1Abs
 .text.WM_InvalidateWindowAndDescsEx
                0x0000000008009c26       0x64 ../Src/App/GUI/STemWin_CM7_OS_wc32.a(WM.o)
                0x0000000008009c26                WM_InvalidateWindowAndDescsEx
 .text.WM__InvalidateRect
                0x0000000008009c8a       0x76 ../Src/App/GUI/STemWin_CM7_OS_wc32.a(WM.o)
                0x0000000008009c8a                WM__InvalidateRect
 .text.WM__InvalidateRectEx
                0x0000000008009d00        0x6 ../Src/App/GUI/STemWin_CM7_OS_wc32.a(WM.o)
                0x0000000008009d00                WM__InvalidateRectEx
 .text.WM_InvalidateRect
                0x0000000008009d06       0x82 ../Src/App/GUI/STemWin_CM7_OS_wc32.a(WM.o)
                0x0000000008009d06                WM_InvalidateRect
 .text.WM_InvalidateWindow
                0x0000000008009d88        0x6 ../Src/App/GUI/STemWin_CM7_OS_wc32.a(WM.o)
                0x0000000008009d88                WM_InvalidateWindow
 .text.WM__SelectTopLevelLayer
                0x0000000008009d8e       0x14 ../Src/App/GUI/STemWin_CM7_OS_wc32.a(WM.o)
                0x0000000008009d8e                WM__SelectTopLevelLayer
 *fill*         0x0000000008009da2        0x2 
 .text.WM_SelectWindow
                0x0000000008009da4       0x48 ../Src/App/GUI/STemWin_CM7_OS_wc32.a(WM.o)
                0x0000000008009da4                WM_SelectWindow
 .text.WM_CreateWindowAsChild
                0x0000000008009dec      0x168 ../Src/App/GUI/STemWin_CM7_OS_wc32.a(WM.o)
                0x0000000008009dec                WM_CreateWindowAsChild
 .text.WM__GetNextIVR
                0x0000000008009f54      0x184 ../Src/App/GUI/STemWin_CM7_OS_wc32.a(WM.o)
                0x0000000008009f54                WM__GetNextIVR
 .text.WM__InitIVRSearch
                0x000000000800a0d8      0x100 ../Src/App/GUI/STemWin_CM7_OS_wc32.a(WM.o)
                0x000000000800a0d8                WM__InitIVRSearch
 .text.WM_Activate
                0x000000000800a1d8       0x10 ../Src/App/GUI/STemWin_CM7_OS_wc32.a(WM.o)
                0x000000000800a1d8                WM_Activate
 .text.WM_DefaultProc
                0x000000000800a1e8       0x48 ../Src/App/GUI/STemWin_CM7_OS_wc32.a(WM.o)
                0x000000000800a1e8                WM_DefaultProc
 .text._cbBackWin
                0x000000000800a230       0x68 ../Src/App/GUI/STemWin_CM7_OS_wc32.a(WM.o)
 .text.WM_Init  0x000000000800a298       0xf0 ../Src/App/GUI/STemWin_CM7_OS_wc32.a(WM.o)
                0x000000000800a298                WM_Init
 .text.WM_GetDesktopWindow
                0x000000000800a388       0x18 ../Src/App/GUI/STemWin_CM7_OS_wc32.a(WM_Lib.o)
                0x000000000800a388                WM_GetDesktopWindow
 .text.WM_GetFirstChild
                0x000000000800a3a0       0x1a ../Src/App/GUI/STemWin_CM7_OS_wc32.a(WM_Lib.o)
                0x000000000800a3a0                WM_GetFirstChild
 .text.WM_GetParent
                0x000000000800a3ba       0x1a ../Src/App/GUI/STemWin_CM7_OS_wc32.a(WM_Lib.o)
                0x000000000800a3ba                WM_GetParent
 .text.WM_BringToBottom
                0x000000000800a3d4       0x90 ../Src/App/GUI/STemWin_CM7_OS_wc32.a(WM_Lib.o)
                0x000000000800a3d4                WM_BringToBottom
 .text.WM_SendToParent
                0x000000000800a464       0x26 ../Src/App/GUI/STemWin_CM7_OS_wc32.a(WM_Lib.o)
                0x000000000800a464                WM_SendToParent
 .text.WM__GetFirstSibling
                0x000000000800a48a       0x12 ../Src/App/GUI/STemWin_CM7_OS_wc32.a(WM__Private.o)
                0x000000000800a48a                WM__GetFirstSibling
 .text.WM__GetPrevSibling
                0x000000000800a49c       0x26 ../Src/App/GUI/STemWin_CM7_OS_wc32.a(WM__Private.o)
                0x000000000800a49c                WM__GetPrevSibling
 *fill*         0x000000000800a4c2        0x2 
 .text.WM__SendMessage
                0x000000000800a4c4       0x3c ../Src/App/GUI/STemWin_CM7_OS_wc32.a(WM__Private.o)
                0x000000000800a4c4                WM__SendMessage
 .text.WM__AddCriticalHandle
                0x000000000800a500       0x10 ../Src/App/GUI/STemWin_CM7_OS_wc32.a(WM__Private.o)
                0x000000000800a500                WM__AddCriticalHandle
 .text.WM__GetClientRectEx
                0x000000000800a510       0x22 ../Src/App/GUI/STemWin_CM7_OS_wc32.a(WM__Private.o)
                0x000000000800a510                WM__GetClientRectEx
 .text._GetIndexMask_0
                0x000000000800a532       0x52 ../Src/App/GUI/STemWin_CM7_OS_wc32.a(GUICC_0.o)
 .text._Index2Color_0
                0x000000000800a584       0x1e ../Src/App/GUI/STemWin_CM7_OS_wc32.a(GUICC_0.o)
 .text._Color2Index_0
                0x000000000800a5a2       0x52 ../Src/App/GUI/STemWin_CM7_OS_wc32.a(GUICC_0.o)
 .text.GUI_GetYAdjust
                0x000000000800a5f4       0x3c ../Src/App/GUI/STemWin_CM7_OS_wc32.a(GUI_Char.o)
                0x000000000800a5f4                GUI_GetYAdjust
 .text.GUI_GetFontDistY
                0x000000000800a630       0x1c ../Src/App/GUI/STemWin_CM7_OS_wc32.a(GUI_Char.o)
                0x000000000800a630                GUI_GetFontDistY
 .text.GUI_GetCharDistX
                0x000000000800a64c       0x24 ../Src/App/GUI/STemWin_CM7_OS_wc32.a(GUI_Char.o)
                0x000000000800a64c                GUI_GetCharDistX
 .text.GUI_GetCharDistXEx
                0x000000000800a670       0x28 ../Src/App/GUI/STemWin_CM7_OS_wc32.a(GUI_Char.o)
                0x000000000800a670                GUI_GetCharDistXEx
 .text._Log2VisBuffered
                0x000000000800a698        0x2 ../Src/App/GUI/STemWin_CM7_OS_wc32.a(GUI_CharLine.o)
 *fill*         0x000000000800a69a        0x2 
 .text._DispLine
                0x000000000800a69c       0x9c ../Src/App/GUI/STemWin_CM7_OS_wc32.a(GUI_CharLine.o)
 .text.GUI__GetLineNumChars
                0x000000000800a738       0x38 ../Src/App/GUI/STemWin_CM7_OS_wc32.a(GUI_CharLine.o)
                0x000000000800a738                GUI__GetLineNumChars
 .text.GUI__GetOverlap
                0x000000000800a770       0x1c ../Src/App/GUI/STemWin_CM7_OS_wc32.a(GUI_CharLine.o)
                0x000000000800a770                GUI__GetOverlap
 .text.GUI__GetLineDistX
                0x000000000800a78c       0x60 ../Src/App/GUI/STemWin_CM7_OS_wc32.a(GUI_CharLine.o)
                0x000000000800a78c                GUI__GetLineDistX
 .text.GUI__DispLine
                0x000000000800a7ec       0xa8 ../Src/App/GUI/STemWin_CM7_OS_wc32.a(GUI_CharLine.o)
                0x000000000800a7ec                GUI__DispLine
 .text.GUIMONO_DispChar
                0x000000000800a894      0x13c ../Src/App/GUI/STemWin_CM7_OS_wc32.a(GUI_CharM.o)
                0x000000000800a894                GUIMONO_DispChar
 .text.GUIMONO_GetCharDistX
                0x000000000800a9d0       0x18 ../Src/App/GUI/STemWin_CM7_OS_wc32.a(GUI_CharM.o)
                0x000000000800a9d0                GUIMONO_GetCharDistX
 .text.GUIMONO_GetFontInfo
                0x000000000800a9e8        0x6 ../Src/App/GUI/STemWin_CM7_OS_wc32.a(GUI_CharM.o)
                0x000000000800a9e8                GUIMONO_GetFontInfo
 .text.GUIMONO_IsInFont
                0x000000000800a9ee       0x36 ../Src/App/GUI/STemWin_CM7_OS_wc32.a(GUI_CharM.o)
                0x000000000800a9ee                GUIMONO_IsInFont
 .text.GUI_SelectLayer
                0x000000000800aa24       0x38 ../Src/App/GUI/STemWin_CM7_OS_wc32.a(GUI_SelectLayer.o)
                0x000000000800aa24                GUI_SelectLayer
 .text._OnExit  0x000000000800aa5c       0x28 ../Src/App/GUI/STemWin_CM7_OS_wc32.a(GUI__Alpha.o)
 .text.GUI__GetAlphaBuffer
                0x000000000800aa84       0xb8 ../Src/App/GUI/STemWin_CM7_OS_wc32.a(GUI__Alpha.o)
                0x000000000800aa84                GUI__GetAlphaBuffer
 .text.GUI__CompactPixelIndices
                0x000000000800ab3c      0x16e ../Src/App/GUI/STemWin_CM7_OS_wc32.a(GUI__CompactPixelIndices.o)
                0x000000000800ab3c                GUI__CompactPixelIndices
 *fill*         0x000000000800acaa        0x2 
 .text.GUI__ManageCacheEx
                0x000000000800acac       0xdc ../Src/App/GUI/STemWin_CM7_OS_wc32.a(GUI__ManageCache.o)
                0x000000000800acac                GUI__ManageCacheEx
 .text.GUI__ManageCache
                0x000000000800ad88       0x10 ../Src/App/GUI/STemWin_CM7_OS_wc32.a(GUI__ManageCache.o)
                0x000000000800ad88                GUI__ManageCache
 .text.LCD_SetClipRectEx
                0x000000000800ad98       0x30 ../Src/App/GUI/STemWin_CM7_OS_wc32.a(LCD_SetClipRectEx.o)
                0x000000000800ad98                LCD_SetClipRectEx
 .text.GUI_MEMDEV_GetBitsPerPixel
                0x000000000800adc8       0x34 ../Src/App/GUI/STemWin_CM7_OS_wc32.a(GUIDEV.o)
                0x000000000800adc8                GUI_MEMDEV_GetBitsPerPixel
 .text.GUI_MEMDEV_Delete
                0x000000000800adfc       0x4c ../Src/App/GUI/STemWin_CM7_OS_wc32.a(GUIDEV.o)
                0x000000000800adfc                GUI_MEMDEV_Delete
 .text.GUI_MEMDEV_GetDataPtr
                0x000000000800ae48       0x2a ../Src/App/GUI/STemWin_CM7_OS_wc32.a(GUIDEV_GetDataPtr.o)
                0x000000000800ae48                GUI_MEMDEV_GetDataPtr
 *fill*         0x000000000800ae72        0x2 
 .text.RNG_Init
                0x000000000800ae74       0x20 Output/Snake Release/Obj/snake.o
                0x000000000800ae74                RNG_Init
 .text.RNG_Get  0x000000000800ae94        0xc Output/Snake Release/Obj/snake.o
                0x000000000800ae94                RNG_Get
 .text.__aeabi_read_tp
                0x000000000800aea0        0x8 Output/Snake Release/Obj/thumb_crt0.o
                0x000000000800aea0                __aeabi_read_tp
 .text.libc.__int64_to_float64
                0x000000000800aea8       0xa0 C:/Program Files/SEGGER/SEGGER Embedded Studio for ARM 4.22/lib/libm_v7em_fpv5_sp_d16_hard_t_le_eabi.a(libm_asm.o)
                0x000000000800aea8                __int64_to_float64
                0x000000000800aea8                __aeabi_l2d
                0x000000000800aea8                __floatdidf
                0x000000000800aecc                __RAL_aeabi_l2d_common
 .text.libc.__uint64_to_float64
                0x000000000800af48       0x14 C:/Program Files/SEGGER/SEGGER Embedded Studio for ARM 4.22/lib/libm_v7em_fpv5_sp_d16_hard_t_le_eabi.a(libm_asm.o)
                0x000000000800af48                __aeabi_ul2d
                0x000000000800af48                __floatundidf
                0x000000000800af48                __uint64_to_float64
 .text.libc.__float64_to_uint64
                0x000000000800af5c       0x48 C:/Program Files/SEGGER/SEGGER Embedded Studio for ARM 4.22/lib/libm_v7em_fpv5_sp_d16_hard_t_le_eabi.a(libm_asm.o)
                0x000000000800af5c                __fixunsdfdi
                0x000000000800af5c                __float64_to_uint64
                0x000000000800af5c                __aeabi_d2ulz
 .text.libc.__float64_add
                0x000000000800afa4      0x294 C:/Program Files/SEGGER/SEGGER Embedded Studio for ARM 4.22/lib/libm_v7em_fpv5_sp_d16_hard_t_le_eabi.a(libm_asm.o)
                0x000000000800afa4                __aeabi_drsub
                0x000000000800afac                __aeabi_dsub
                0x000000000800afac                __float64_sub
                0x000000000800afac                __subdf3
                0x000000000800afb0                __aeabi_dadd
                0x000000000800afb0                __float64_add
                0x000000000800afb0                __adddf3
 .text.libc.__float64_mul
                0x000000000800b238      0x16c C:/Program Files/SEGGER/SEGGER Embedded Studio for ARM 4.22/lib/libm_v7em_fpv5_sp_d16_hard_t_le_eabi.a(libm_asm.o)
                0x000000000800b238                __float64_mul
                0x000000000800b238                __muldf3
                0x000000000800b238                __aeabi_dmul
 .text.libc.__float64_div
                0x000000000800b3a4      0x214 C:/Program Files/SEGGER/SEGGER Embedded Studio for ARM 4.22/lib/libm_v7em_fpv5_sp_d16_hard_t_le_eabi.a(libm_asm.o)
                0x000000000800b3a4                __divdf3
                0x000000000800b3a4                __float64_div
                0x000000000800b3a4                __aeabi_ddiv
 .text.libc.__float64_cmpeq
                0x000000000800b5b8       0x32 C:/Program Files/SEGGER/SEGGER Embedded Studio for ARM 4.22/lib/libm_v7em_fpv5_sp_d16_hard_t_le_eabi.a(libm_asm.o)
                0x000000000800b5b8                __aeabi_dcmpeq
 .text.libc.__float64_cmple
                0x000000000800b5ea       0x3c C:/Program Files/SEGGER/SEGGER Embedded Studio for ARM 4.22/lib/libm_v7em_fpv5_sp_d16_hard_t_le_eabi.a(libm_asm.o)
                0x000000000800b5ea                __aeabi_dcmple
 .text.libc.__float64_cmpge
                0x000000000800b626       0x3c C:/Program Files/SEGGER/SEGGER Embedded Studio for ARM 4.22/lib/libm_v7em_fpv5_sp_d16_hard_t_le_eabi.a(libm_asm.o)
                0x000000000800b626                __aeabi_dcmpge
 .text.libc.__float64_cmplt
                0x000000000800b662       0x38 C:/Program Files/SEGGER/SEGGER Embedded Studio for ARM 4.22/lib/libm_v7em_fpv5_sp_d16_hard_t_le_eabi.a(libm_asm.o)
                0x000000000800b662                __aeabi_dcmplt
 .text.libc.__float64_cmpgt
                0x000000000800b69a       0x38 C:/Program Files/SEGGER/SEGGER Embedded Studio for ARM 4.22/lib/libm_v7em_fpv5_sp_d16_hard_t_le_eabi.a(libm_asm.o)
                0x000000000800b69a                __aeabi_dcmpgt
 .text.libc.__float64_signbit
                0x000000000800b6d2        0xa C:/Program Files/SEGGER/SEGGER Embedded Studio for ARM 4.22/lib/libm_v7em_fpv5_sp_d16_hard_t_le_eabi.a(libm_asm.o)
                0x000000000800b6d2                __float64_signbit
 .text.libc.__float64_isinf
                0x000000000800b6dc       0x14 C:/Program Files/SEGGER/SEGGER Embedded Studio for ARM 4.22/lib/libm_v7em_fpv5_sp_d16_hard_t_le_eabi.a(libm_asm.o)
                0x000000000800b6dc                __float64_isinf
 .text.libc.__float64_isnan
                0x000000000800b6f0       0x14 C:/Program Files/SEGGER/SEGGER Embedded Studio for ARM 4.22/lib/libm_v7em_fpv5_sp_d16_hard_t_le_eabi.a(libm_asm.o)
                0x000000000800b6f0                __float64_isnan
 .text.libc.frexp
                0x000000000800b704       0x50 C:/Program Files/SEGGER/SEGGER Embedded Studio for ARM 4.22/lib/libm_v7em_fpv5_sp_d16_hard_t_le_eabi.a(libm2.o)
                0x000000000800b704                frexp
                0x000000000800b704                frexp(double, int*)
 *fill*         0x000000000800b754        0x4 
 .text.libc.ldexp
                0x000000000800b758       0x7c C:/Program Files/SEGGER/SEGGER Embedded Studio for ARM 4.22/lib/libm_v7em_fpv5_sp_d16_hard_t_le_eabi.a(libm2.o)
                0x000000000800b758                ldexp
                0x000000000800b758                ldexp(double, int)
 .text.libc.modf
                0x000000000800b7d4       0x94 C:/Program Files/SEGGER/SEGGER Embedded Studio for ARM 4.22/lib/libm_v7em_fpv5_sp_d16_hard_t_le_eabi.a(libm2.o)
                0x000000000800b7d4                modf(double, double*)
                0x000000000800b7d4                modf
 .text.libc.floor
                0x000000000800b868       0xc0 C:/Program Files/SEGGER/SEGGER Embedded Studio for ARM 4.22/lib/libm_v7em_fpv5_sp_d16_hard_t_le_eabi.a(libm2.o)
                0x000000000800b868                floor(double)
                0x000000000800b868                floor
 .text.libc.fmod
                0x000000000800b928      0x198 C:/Program Files/SEGGER/SEGGER Embedded Studio for ARM 4.22/lib/libm_v7em_fpv5_sp_d16_hard_t_le_eabi.a(libm2.o)
                0x000000000800b928                fmod
                0x000000000800b928                fmod(double, double)
 .text.libc.fabs
                0x000000000800bac0        0xe C:/Program Files/SEGGER/SEGGER Embedded Studio for ARM 4.22/lib/libm_v7em_fpv5_sp_d16_hard_t_le_eabi.a(libm2_asm.o)
                0x000000000800bac0                fabs(double)
                0x000000000800bac0                fabs
 *fill*         0x000000000800bace        0x2 
 .text.libc.__RAL_pow10
                0x000000000800bad0       0x54 C:/Program Files/SEGGER/SEGGER Embedded Studio for ARM 4.22/lib/libc_v7em_fpv5_sp_d16_hard_t_le_eabi.a(libc2.o)
                0x000000000800bad0                __RAL_pow10
 .text.libc.__putc
                0x000000000800bb24       0x34 C:/Program Files/SEGGER/SEGGER Embedded Studio for ARM 4.22/lib/libc_v7em_fpv5_sp_d16_hard_t_le_eabi.a(libc2.o)
                0x000000000800bb24                __putc
 .text.libc.__RAL_print_padding
                0x000000000800bb58       0x1c C:/Program Files/SEGGER/SEGGER Embedded Studio for ARM 4.22/lib/libc_v7em_fpv5_sp_d16_hard_t_le_eabi.a(libc2.o)
                0x000000000800bb58                __RAL_print_padding
 .text.libc.__RAL_pre_padding
                0x000000000800bb74       0x1c C:/Program Files/SEGGER/SEGGER Embedded Studio for ARM 4.22/lib/libc_v7em_fpv5_sp_d16_hard_t_le_eabi.a(libc2.o)
                0x000000000800bb74                __RAL_pre_padding
 .text.libc.abs
                0x000000000800bb90        0x8 C:/Program Files/SEGGER/SEGGER Embedded Studio for ARM 4.22/lib/libc_v7em_fpv5_sp_d16_hard_t_le_eabi.a(libc2.o)
                0x000000000800bb90                abs
 .text.libc.__aeabi_errno_addr
                0x000000000800bb98       0x14 C:/Program Files/SEGGER/SEGGER Embedded Studio for ARM 4.22/lib/libc_v7em_fpv5_sp_d16_hard_t_le_eabi.a(libc2.o)
                0x000000000800bb98                __aeabi_errno_addr
 .text.libc.memmove
                0x000000000800bbac       0x3a C:/Program Files/SEGGER/SEGGER Embedded Studio for ARM 4.22/lib/libc_v7em_fpv5_sp_d16_hard_t_le_eabi.a(libc2.o)
                0x000000000800bbac                __aeabi_memmove8
                0x000000000800bbac                __aeabi_memmove
                0x000000000800bbac                __aeabi_memmove4
                0x000000000800bbac                memmove
 .text.libc.sprintf
                0x000000000800bbe6       0x2a C:/Program Files/SEGGER/SEGGER Embedded Studio for ARM 4.22/lib/libc_v7em_fpv5_sp_d16_hard_t_le_eabi.a(libc2.o)
                0x000000000800bbe6                sprintf
 .text.libc.strnlen
                0x000000000800bc10       0x22 C:/Program Files/SEGGER/SEGGER Embedded Studio for ARM 4.22/lib/libc_v7em_fpv5_sp_d16_hard_t_le_eabi.a(libc2.o)
                0x000000000800bc10                strnlen
 .text.libc.memcpy
                0x000000000800bc32       0x52 C:/Program Files/SEGGER/SEGGER Embedded Studio for ARM 4.22/lib/libc_v7em_fpv5_sp_d16_hard_t_le_eabi.a(libc2_asm.o)
                0x000000000800bc32                __aeabi_memcpy
                0x000000000800bc32                memcpy
                0x000000000800bc3e                __aeabi_memcpy8
                0x000000000800bc3e                __aeabi_memcpy4
 .text.libc.memset
                0x000000000800bc84       0x66 C:/Program Files/SEGGER/SEGGER Embedded Studio for ARM 4.22/lib/libc_v7em_fpv5_sp_d16_hard_t_le_eabi.a(libc2_asm.o)
                0x000000000800bc84                memset
 .text.libc.strlen
                0x000000000800bcea       0x60 C:/Program Files/SEGGER/SEGGER Embedded Studio for ARM 4.22/lib/libc_v7em_fpv5_sp_d16_hard_t_le_eabi.a(libc2_asm.o)
                0x000000000800bcea                strlen
 .text.libc.__int64_udivmod
                0x000000000800bd4a       0xce C:/Program Files/SEGGER/SEGGER Embedded Studio for ARM 4.22/lib/libc_v7em_fpv5_sp_d16_hard_t_le_eabi.a(libc_asm.o)
                0x000000000800bd4a                __aeabi_uldivmod
                0x000000000800bd4a                __int64_udiv
                0x000000000800bd4a                __udivdi3
                0x000000000800bd4a                __int64_udivmod
 .text.libc.__vfprintf_float_long
                0x000000000800be18     0x11d0 C:/Program Files/SEGGER/SEGGER Embedded Studio for ARM 4.22/lib/libvfprintf_v7em_fpv5_sp_d16_hard_t_le_eabi.o
                0x000000000800be18                __vfprintf_float_long
 .text._DrawBitmap
                0x000000000800cfe8       0x2c ../Src/App/GUI/STemWin_CM7_OS_wc32.a(GUI_DrawBitmap_565.o)
 .text._DrawBitmapSwapRB
                0x000000000800d014       0x2c ../Src/App/GUI/STemWin_CM7_OS_wc32.a(GUI_DrawBitmap_565.o)
 .text.GUI__DrawBitmap16bpp
                0x000000000800d040      0x224 ../Src/App/GUI/STemWin_CM7_OS_wc32.a(GUI__DrawBitmap16bpp.o)
                0x000000000800d040                GUI__DrawBitmap16bpp
 .text._NextPixel_FlushBuffer
                0x000000000800d264       0x50 ../Src/App/GUI/STemWin_CM7_OS_wc32.a(LCD_NextPixelAPI.o)
 .text._NextPixel_SetPixel
                0x000000000800d2b4      0x108 ../Src/App/GUI/STemWin_CM7_OS_wc32.a(LCD_NextPixelAPI.o)
 .text._NextPixel_NextLine
                0x000000000800d3bc       0x1c ../Src/App/GUI/STemWin_CM7_OS_wc32.a(LCD_NextPixelAPI.o)
 .text._NextPixel_End
                0x000000000800d3d8       0x28 ../Src/App/GUI/STemWin_CM7_OS_wc32.a(LCD_NextPixelAPI.o)
 .text._NextPixel_Start
                0x000000000800d400       0xb8 ../Src/App/GUI/STemWin_CM7_OS_wc32.a(LCD_NextPixelAPI.o)
 .text.LCD_GetNextPixelAPI
                0x000000000800d4b8       0x38 ../Src/App/GUI/STemWin_CM7_OS_wc32.a(LCD_NextPixelAPI.o)
                0x000000000800d4b8                LCD_GetNextPixelAPI
 .text.LCD_Index2Color_565
                0x000000000800d4f0       0x28 ../Src/App/GUI/STemWin_CM7_OS_wc32.a(GUICC_565.o)
                0x000000000800d4f0                LCD_Index2Color_565
 .text._Color2Index_565
                0x000000000800d518       0x28 ../Src/App/GUI/STemWin_CM7_OS_wc32.a(GUICC_565.o)
 .text._GetIndexMask_565
                0x000000000800d540        0x6 ../Src/App/GUI/STemWin_CM7_OS_wc32.a(GUICC_565.o)
 *fill*         0x000000000800d546        0x2 
 .text._Color2IndexBulk
                0x000000000800d548       0x3c ../Src/App/GUI/STemWin_CM7_OS_wc32.a(GUICC_565.o)
 .text._Index2ColorBulk
                0x000000000800d584       0x4c ../Src/App/GUI/STemWin_CM7_OS_wc32.a(GUICC_565.o)
                0x000000000800d5d0                __text_end__ = (__text_start__ + SIZEOF (.text))
                0x000000000000d1b8                __text_size__ = SIZEOF (.text)
                0x000000000800d5d0                __text_load_end__ = __text_end__

.vfp11_veneer   0x0000000100000000        0x0
 .vfp11_veneer  0x0000000100000000        0x0 linker stubs

.v4_bx          0x0000000100000000        0x0
 .v4_bx         0x0000000100000000        0x0 linker stubs

.iplt           0x0000000100000000        0x0
 .iplt          0x0000000100000000        0x0 Output/Snake Release/Obj/system_stm32f7xx.o
                0x0000000000000001                . = ASSERT (((__text_start__ == __text_end__) || ((__text_end__ - __FLASH_segment_start__) <= __FLASH_segment_size__)), error: .text is too large to fit in FLASH memory segment)
                0x000000000800d5d0                __os_load_start__ = ALIGN (__text_end__, 0x4)

.os             0x000000000800d5d0        0x0
                0x000000000800d5d0                __os_start__ = .
 *(.os .os.*)
                0x000000000800d5d0                __os_end__ = (__os_start__ + SIZEOF (.os))
                0x0000000000000000                __os_size__ = SIZEOF (.os)
                0x000000000800d5d0                __os_load_end__ = __os_end__
                0x0000000000000001                . = ASSERT (((__os_start__ == __os_end__) || ((__os_end__ - __FLASH_segment_start__) <= __FLASH_segment_size__)), error: .os is too large to fit in FLASH memory segment)
                0x000000000800d5d0                __dtors_load_start__ = ALIGN (__os_end__, 0x4)

.dtors          0x000000000800d5d0        0x0
                0x000000000800d5d0                __dtors_start__ = .
 *(SORT_BY_NAME(.dtors.*))
 *(.dtors)
 *(.fini_array)
 *(SORT_BY_NAME(.fini_array.*))
                0x000000000800d5d0                __dtors_end__ = (__dtors_start__ + SIZEOF (.dtors))
                0x0000000000000000                __dtors_size__ = SIZEOF (.dtors)
                0x000000000800d5d0                __dtors_load_end__ = __dtors_end__
                0x0000000000000001                . = ASSERT (((__dtors_start__ == __dtors_end__) || ((__dtors_end__ - __FLASH_segment_start__) <= __FLASH_segment_size__)), error: .dtors is too large to fit in FLASH memory segment)
                0x000000000800d5d0                __ctors_load_start__ = ALIGN (__dtors_end__, 0x4)

.ctors          0x000000000800d5d0        0x0
                0x000000000800d5d0                __ctors_start__ = .
 *(SORT_BY_NAME(.ctors.*))
 *(.ctors)
 *(.init_array)
 *(SORT_BY_NAME(.init_array.*))
                0x000000000800d5d0                __ctors_end__ = (__ctors_start__ + SIZEOF (.ctors))
                0x0000000000000000                __ctors_size__ = SIZEOF (.ctors)
                0x000000000800d5d0                __ctors_load_end__ = __ctors_end__
                0x0000000000000001                . = ASSERT (((__ctors_start__ == __ctors_end__) || ((__ctors_end__ - __FLASH_segment_start__) <= __FLASH_segment_size__)), error: .ctors is too large to fit in FLASH memory segment)
                0x000000000800d5d0                __rodata_load_start__ = ALIGN (__ctors_end__, 0x4)

.rodata         0x000000000800d5d0     0xb728
                0x000000000800d5d0                __rodata_start__ = .
 *(.rodata .rodata.* .gnu.linkonce.r.*)
 .rodata.AHBPrescTable
                0x000000000800d5d0       0x10 Output/Snake Release/Obj/system_stm32f7xx.o
                0x000000000800d5d0                AHBPrescTable
 .rodata.ScoreTask.str1.4
                0x000000000800d5e0       0x17 Output/Snake Release/Obj/main.o
 *fill*         0x000000000800d5f7        0x1 
 .rodata.SnakeTask.str1.4
                0x000000000800d5f8        0xb Output/Snake Release/Obj/main.o
 *fill*         0x000000000800d603        0x1 
 .rodata.SystemInitTask.str1.4
                0x000000000800d604       0x46 Output/Snake Release/Obj/main.o
 *fill*         0x000000000800d64a        0x2 
 .rodata.main.str1.4
                0x000000000800d64c        0xf Output/Snake Release/Obj/main.o
 *fill*         0x000000000800d65b        0x1 