Archive member included to satisfy reference by file (symbol)

Release/spim.a(spim.o)        Output/Skeleton Debug/Obj/main.o (SpimInit)
C:/Program Files/SEGGER/SEGGER Embedded Studio for ARM 4.22/lib/libm_v7em_fpv5_sp_d16_hard_t_le_eabi.a(libm2.o)
                              Release/spim.a(spim.o) (pow)
C:/Program Files/SEGGER/SEGGER Embedded Studio for ARM 4.22/lib/libm_v7em_fpv5_sp_d16_hard_t_le_eabi.a(libm2_asm.o)
                              C:/Program Files/SEGGER/SEGGER Embedded Studio for ARM 4.22/lib/libm_v7em_fpv5_sp_d16_hard_t_le_eabi.a(libm2.o) (fabs)
C:/Program Files/SEGGER/SEGGER Embedded Studio for ARM 4.22/lib/libm_v7em_fpv5_sp_d16_hard_t_le_eabi.a(libm_asm.o)
                              C:/Program Files/SEGGER/SEGGER Embedded Studio for ARM 4.22/lib/libm_v7em_fpv5_sp_d16_hard_t_le_eabi.a(libm2.o) (__aeabi_i2d)
C:/Program Files/SEGGER/SEGGER Embedded Studio for ARM 4.22/lib/libc_v7em_fpv5_sp_d16_hard_t_le_eabi.a(libc2.o)
                              C:/Program Files/SEGGER/SEGGER Embedded Studio for ARM 4.22/lib/libm_v7em_fpv5_sp_d16_hard_t_le_eabi.a(libm2.o) (__aeabi_errno_addr)
C:/Program Files/SEGGER/SEGGER Embedded Studio for ARM 4.22/lib/libc_v7em_fpv5_sp_d16_hard_t_le_eabi.a(libc2_asm.o)
                              Output/Skeleton Debug/Obj/SEGGER_RTT.o (memcpy)
C:/Program Files/SEGGER/SEGGER Embedded Studio for ARM 4.22/lib/libc_v7em_fpv5_sp_d16_hard_t_le_eabi.a(libc_asm.o)
                              C:/Program Files/SEGGER/SEGGER Embedded Studio for ARM 4.22/lib/libc_v7em_fpv5_sp_d16_hard_t_le_eabi.a(libc2.o) (__aeabi_uldivmod)
C:/Program Files/SEGGER/SEGGER Embedded Studio for ARM 4.22/lib/libdebugio_v7em_fpv5_sp_d16_hard_t_le_eabi.a(libdebugio.o)
                              Output/Skeleton Debug/Obj/thumb_crt0.o (debug_fopen)
C:/Program Files/SEGGER/SEGGER Embedded Studio for ARM 4.22/lib/libdebugio_mempoll_v7em_fpv5_sp_d16_hard_t_le_eabi.a(mempoll_debug_operations.o)
                              C:/Program Files/SEGGER/SEGGER Embedded Studio for ARM 4.22/lib/libdebugio_v7em_fpv5_sp_d16_hard_t_le_eabi.a(libdebugio.o) (__do_debug_operation)
C:/Program Files/SEGGER/SEGGER Embedded Studio for ARM 4.22/lib/libdebugio_mempoll_v7em_fpv5_sp_d16_hard_t_le_eabi.a(do_nv_debug_operation.o)
                              C:/Program Files/SEGGER/SEGGER Embedded Studio for ARM 4.22/lib/libdebugio_v7em_fpv5_sp_d16_hard_t_le_eabi.a(libdebugio.o) (__do_nvdebug_operation)

Discarded input sections

 .group         0x0000000000000000        0xc Output/Skeleton Debug/Obj/system_stm32f7xx.o
 .group         0x0000000000000000        0xc Output/Skeleton Debug/Obj/system_stm32f7xx.o
 .group         0x0000000000000000        0xc Output/Skeleton Debug/Obj/system_stm32f7xx.o
 .group         0x0000000000000000        0xc Output/Skeleton Debug/Obj/system_stm32f7xx.o
 .group         0x0000000000000000        0xc Output/Skeleton Debug/Obj/system_stm32f7xx.o
 .group         0x0000000000000000        0xc Output/Skeleton Debug/Obj/system_stm32f7xx.o
 .group         0x0000000000000000        0xc Output/Skeleton Debug/Obj/system_stm32f7xx.o
 .group         0x0000000000000000        0xc Output/Skeleton Debug/Obj/system_stm32f7xx.o
 .group         0x0000000000000000        0xc Output/Skeleton Debug/Obj/system_stm32f7xx.o
 .text          0x0000000000000000        0x0 Output/Skeleton Debug/Obj/system_stm32f7xx.o
 .data          0x0000000000000000        0x0 Output/Skeleton Debug/Obj/system_stm32f7xx.o
 .bss           0x0000000000000000        0x0 Output/Skeleton Debug/Obj/system_stm32f7xx.o
 .rodata.APBPrescTable
                0x0000000000000000        0x8 Output/Skeleton Debug/Obj/system_stm32f7xx.o
 .group         0x0000000000000000        0xc Output/Skeleton Debug/Obj/SEGGER_RTT.o
 .group         0x0000000000000000        0xc Output/Skeleton Debug/Obj/SEGGER_RTT.o
 .group         0x0000000000000000        0xc Output/Skeleton Debug/Obj/SEGGER_RTT.o
 .group         0x0000000000000000        0xc Output/Skeleton Debug/Obj/SEGGER_RTT.o
 .group         0x0000000000000000        0xc Output/Skeleton Debug/Obj/SEGGER_RTT.o
 .text          0x0000000000000000        0x0 Output/Skeleton Debug/Obj/SEGGER_RTT.o
 .data          0x0000000000000000        0x0 Output/Skeleton Debug/Obj/SEGGER_RTT.o
 .bss           0x0000000000000000        0x0 Output/Skeleton Debug/Obj/SEGGER_RTT.o
 .data._aTerminalId
                0x0000000000000000       0x10 Output/Skeleton Debug/Obj/SEGGER_RTT.o
 .bss._ActiveTerminal
                0x0000000000000000        0x1 Output/Skeleton Debug/Obj/SEGGER_RTT.o
 .text._PostTerminalSwitch
                0x0000000000000000       0x38 Output/Skeleton Debug/Obj/SEGGER_RTT.o
 .text.SEGGER_RTT_Read
                0x0000000000000000       0x34 Output/Skeleton Debug/Obj/SEGGER_RTT.o
 .text.SEGGER_RTT_WriteWithOverwriteNoLock
                0x0000000000000000      0x114 Output/Skeleton Debug/Obj/SEGGER_RTT.o
 .text.SEGGER_RTT_WriteString
[...]
Memory Configuration

Name             Origin             Length             Attributes
UNPLACED_SECTIONS 0x0000000100000000 0x0000000000000000 xw
SDRAM            0x00000000c0000000 0x0000000000800000 xw
RAM              0x0000000020000000 0x0000000000010000 xw
FLASH            0x0000000008000000 0x0000000000100000 xr
FLASH2           0x0000000000200000 0x0000000000100000 xr
RAM2             0x0000000020010000 0x0000000000040000 xw
*default*        0x0000000000000000 0xffffffffffffffff

Linker script and memory map

                0x0000000008008790                __vfprintf = __vfprintf_float_long
                0x0000000000000000                __vfscanf = __vfscanf_int
                0x00000000c0000000                __SDRAM_segment_start__ = 0xc0000000
                0x00000000c0800000                __SDRAM_segment_end__ = 0xc0800000
                0x0000000000800000                __SDRAM_segment_size__ = 0x800000
                0x0000000020000000                __RAM_segment_start__ = 0x20000000
                0x0000000020010000                __RAM_segment_end__ = 0x20010000
                0x0000000000010000                __RAM_segment_size__ = 0x10000
                0x0000000008000000                __FLASH_segment_start__ = 0x8000000
                0x0000000008100000                __FLASH_segment_end__ = 0x8100000
                0x0000000000100000                __FLASH_segment_size__ = 0x100000
                0x0000000000200000                __FLASH2_segment_start__ = 0x200000
                0x0000000000300000                __FLASH2_segment_end__ = 0x300000
                0x0000000000100000                __FLASH2_segment_size__ = 0x100000
                0x0000000020010000                __RAM2_segment_start__ = 0x20010000
                0x0000000020050000                __RAM2_segment_end__ = 0x20050000
                0x0000000000040000                __RAM2_segment_size__ = 0x40000
                0x0000000000000200                __HEAPSIZE__ = 0x200
                0x0000000000000000                __STACKSIZE_PROCESS__ = 0x0
                0x0000000000000400                __STACKSIZE__ = 0x400
                0x00000000c0000000                __GUI_RAM_load_start__ = ALIGN (__SDRAM_segment_start__, 0x4)

.GUI_RAM        0x00000000c0000000        0x0
                0x00000000c0000000                __GUI_RAM_start__ = .
 *(.GUI_RAM .GUI_RAM.*)
                0x00000000c0000000                __GUI_RAM_end__ = (__GUI_RAM_start__ + SIZEOF (.GUI_RAM))
                0x0000000000000000                __GUI_RAM_size__ = SIZEOF (.GUI_RAM)
                0x00000000c0000000                __GUI_RAM_load_end__ = __GUI_RAM_end__
                0x00000000c0000000                __SDRAM_segment_used_end__ = (ALIGN (__SDRAM_segment_start__, 0x4) + SIZEOF (.GUI_RAM))
                0x0000000000000000                __SDRAM_segment_used_size__ = (__SDRAM_segment_used_end__ - __SDRAM_segment_start__)
                0x0000000000000001                . = ASSERT (((__GUI_RAM_start__ == __GUI_RAM_end__) || ((__GUI_RAM_end__ - __SDRAM_segment_start__) <= __SDRAM_segment_size__)), error: .GUI_RAM is too large to fit in SDRAM memory segment)
                0x0000000000200000                __text2_load_start__ = ALIGN (__FLASH2_segment_start__, 0x4)

.text2          0x0000000000200000        0x0
                0x0000000000200000                __text2_start__ = .
 *(.text2 .text2.*)
                0x0000000000200000                __text2_end__ = (__text2_start__ + SIZEOF (.text2))
                0x0000000000000000                __text2_size__ = SIZEOF (.text2)
                0x0000000000200000                __text2_load_end__ = __text2_end__
                0x0000000000000001                . = ASSERT (((__text2_start__ == __text2_end__) || ((__text2_end__ - __FLASH2_segment_start__) <= __FLASH2_segment_size__)), error: .text2 is too large to fit in FLASH2 memory segment)
                0x0000000000200000                __rodata2_load_start__ = ALIGN (__text2_end__, 0x4)

.rodata2        0x0000000000200000        0x0
                0x0000000000200000                __rodata2_start__ = .
 *(.rodata2 .rodata2.*)
                0x0000000000200000                __rodata2_end__ = (__rodata2_start__ + SIZEOF (.rodata2))
                0x0000000000000000                __rodata2_size__ = SIZEOF (.rodata2)
                0x0000000000200000                __rodata2_load_end__ = __rodata2_end__
                0x0000000000000001                . = ASSERT (((__rodata2_start__ == __rodata2_end__) || ((__rodata2_end__ - __FLASH2_segment_start__) <= __FLASH2_segment_size__)), error: .rodata2 is too large to fit in FLASH2 memory segment)
                0x0000000000200000                __data2_load_start__ = ALIGN (__rodata2_end__, 0x4)

.data2          0x0000000020000000        0x0 load address 0x0000000000200000
                0x0000000020000000                __data2_start__ = .
 *(.data2 .data2.*)
                0x0000000020000000                __data2_end__ = (__data2_start__ + SIZEOF (.data2))
                0x0000000000000000                __data2_size__ = SIZEOF (.data2)
                0x0000000000200000                __data2_load_end__ = (__data2_load_start__ + SIZEOF (.data2))
                0x0000000000200000                __FLASH2_segment_used_end__ = (ALIGN (__rodata2_end__, 0x4) + SIZEOF (.data2))
                0x0000000000000000                __FLASH2_segment_used_size__ = (__FLASH2_segment_used_end__ - __FLASH2_segment_start__)
                0x0000000000000001                . = ASSERT (((__data2_load_start__ == __data2_load_end__) || ((__data2_load_end__ - __FLASH2_segment_start__) <= __FLASH2_segment_size__)), error: .data2 is too large to fit in FLASH2 memory segment)

.data2_run      0x0000000020000000        0x0
                0x0000000020000000                __data2_run_start__ = .
                0x0000000020000000                . = MAX ((__data2_run_start__ + SIZEOF (.data2)), .)
                0x0000000020000000                __data2_run_end__ = (__data2_run_start__ + SIZEOF (.data2_run))
                0x0000000000000000                __data2_run_size__ = SIZEOF (.data2_run)
                0x0000000020000000                __data2_run_load_end__ = __data2_run_end__
                0x0000000000000001                . = ASSERT (((__data2_run_start__ == __data2_run_end__) || ((__data2_run_end__ - __RAM_segment_start__) <= __RAM_segment_size__)), error: .data2_run is too large to fit in RAM memory segment)
                0x0000000020000000                __bss2_load_start__ = ALIGN (__data2_run_end__, 0x4)

.bss2           0x0000000020000000        0x0
                0x0000000020000000                __bss2_start__ = .
 *(.bss2 .bss2.*)
                0x0000000020000000                __bss2_end__ = (__bss2_start__ + SIZEOF (.bss2))
                0x0000000000000000                __bss2_size__ = SIZEOF (.bss2)
                0x0000000020000000                __bss2_load_end__ = __bss2_end__
                0x0000000000000001                . = ASSERT (((__bss2_start__ == __bss2_end__) || ((__bss2_end__ - __RAM_segment_start__) <= __RAM_segment_size__)), error: .bss2 is too large to fit in RAM memory segment)
                0x0000000020000000                __IP_RAM_load_start__ = ALIGN (__bss2_end__, 0x4)

IP_RAM          0x0000000020000000        0x0
                0x0000000020000000                __IP_RAM_start__ = .
 *(IP_RAM IP_RAM.*)
                0x0000000020000000                __IP_RAM_end__ = (__IP_RAM_start__ + SIZEOF (IP_RAM))
                0x0000000000000000                __IP_RAM_size__ = SIZEOF (IP_RAM)
                0x0000000020000000                __IP_RAM_load_end__ = __IP_RAM_end__
                0x0000000000000001                . = ASSERT (((__IP_RAM_start__ == __IP_RAM_end__) || ((__IP_RAM_end__ - __RAM_segment_start__) <= __RAM_segment_size__)), error: IP_RAM is too large to fit in RAM memory segment)
                0x0000000020000000                __FS_RAM_load_start__ = ALIGN (__IP_RAM_end__, 0x4)

FS_RAM          0x0000000020000000        0x0
                0x0000000020000000                __FS_RAM_start__ = .
 *(FS_RAM FS_RAM.*)
                0x0000000020000000                __FS_RAM_end__ = (__FS_RAM_start__ + SIZEOF (FS_RAM))
                0x0000000000000000                __FS_RAM_size__ = SIZEOF (FS_RAM)
                0x0000000020000000                __FS_RAM_load_end__ = __FS_RAM_end__
                0x0000000000000001                . = ASSERT (((__FS_RAM_start__ == __FS_RAM_end__) || ((__FS_RAM_end__ - __RAM_segment_start__) <= __RAM_segment_size__)), error: FS_RAM is too large to fit in RAM memory segment)
                0x0000000020000000                __USB_RAM_load_start__ = ALIGN (__FS_RAM_end__, 0x4)

USB_RAM         0x0000000020000000        0x0
                0x0000000020000000                __USB_RAM_start__ = .
 *(USB_RAM USB_RAM.*)
                0x0000000020000000                __USB_RAM_end__ = (__USB_RAM_start__ + SIZEOF (USB_RAM))
                0x0000000000000000                __USB_RAM_size__ = SIZEOF (USB_RAM)
                0x0000000020000000                __USB_RAM_load_end__ = __USB_RAM_end__
                0x0000000020000000                __RAM_segment_used_end__ = (ALIGN (__FS_RAM_end__, 0x4) + SIZEOF (USB_RAM))
                0x0000000000000000                __RAM_segment_used_size__ = (__RAM_segment_used_end__ - __RAM_segment_start__)
                0x0000000000000001                . = ASSERT (((__USB_RAM_start__ == __USB_RAM_end__) || ((__USB_RAM_end__ - __RAM_segment_start__) <= __RAM_segment_size__)), error: USB_RAM is too large to fit in RAM memory segment)
                0x0000000020010000                __vectors_ram_load_start__ = ALIGN (__RAM2_segment_start__, 0x100)

.vectors_ram    0x0000000020010000        0x0
                0x0000000020010000                __vectors_ram_start__ = .
 *(.vectors_ram .vectors_ram.*)
                0x0000000020010000                __vectors_ram_end__ = (__vectors_ram_start__ + SIZEOF (.vectors_ram))
                0x0000000000000000                __vectors_ram_size__ = SIZEOF (.vectors_ram)
                0x0000000020010000                __vectors_ram_load_end__ = __vectors_ram_end__
                0x0000000000000001                . = ASSERT (((__vectors_ram_start__ == __vectors_ram_end__) || ((__vectors_ram_end__ - __RAM2_segment_start__) <= __RAM2_segment_size__)), error: .vectors_ram is too large to fit in RAM2 memory segment)
                0x0000000008000000                __vectors_load_start__ = ALIGN (__FLASH_segment_start__, 0x100)

.vectors        0x0000000008000000      0x1c8
                0x0000000008000000                __vectors_start__ = .
 *(.vectors .vectors.*)
 .vectors       0x0000000008000000      0x1c8 Output/Skeleton Debug/Obj/STM32F7x6_v1r1_Vectors.o
                0x0000000008000000                _vectors
                0x00000000080001c8                __vectors_end__ = (__vectors_start__ + SIZEOF (.vectors))
                0x00000000000001c8                __vectors_size__ = SIZEOF (.vectors)
                0x00000000080001c8                __vectors_load_end__ = __vectors_end__
                0x0000000000000001                . = ASSERT (((__vectors_start__ == __vectors_end__) || ((__vectors_end__ - __FLASH_segment_start__) <= __FLASH_segment_size__)), error: .vectors is too large to fit in FLASH memory segment)
                0x00000000080001c8                __init_load_start__ = ALIGN (__vectors_end__, 0x4)

.init           0x00000000080001c8      0x250
                0x00000000080001c8                __init_start__ = .
 *(.init .init.*)
 .init          0x00000000080001c8      0x158 Output/Skeleton Debug/Obj/thumb_crt0.o
                0x00000000080001c8                _start
                0x000000000800027a                exit
 .init          0x0000000008000320       0xd0 Output/Skeleton Debug/Obj/STM32F7x6_v1r1_Vectors.o
                0x0000000008000320                NMI_Handler
                0x000000000800032c                WWDG_IRQHandler
                0x000000000800032e                PVD_IRQHandler
                0x0000000008000330                TAMP_STAMP_IRQHandler
                0x0000000008000332                RTC_WKUP_IRQHandler
                0x0000000008000334                FLASH_IRQHandler
                0x0000000008000336                RCC_IRQHandler
                0x0000000008000350                ADC_IRQHandler
                0x0000000008000352                CAN1_TX_IRQHandler
                0x0000000008000354                CAN1_RX0_IRQHandler
                0x0000000008000356                CAN1_RX1_IRQHandler
                0x0000000008000358                CAN1_SCE_IRQHandler
                0x000000000800035c                TIM1_BRK_TIM9_IRQHandler
                0x000000000800035e                TIM1_UP_TIM10_IRQHandler
                0x0000000008000360                TIM1_TRG_COM_TIM11_IRQHandler
                0x0000000008000362                TIM1_CC_IRQHandler
                0x0000000008000364                TIM2_IRQHandler
                0x0000000008000366                TIM3_IRQHandler
                0x0000000008000368                TIM4_IRQHandler
                0x000000000800036a                I2C1_EV_IRQHandler
                0x000000000800036c                I2C1_ER_IRQHandler
                0x000000000800036e                I2C2_EV_IRQHandler
                0x0000000008000370                I2C2_ER_IRQHandler
                0x0000000008000376                USART1_IRQHandler
                0x0000000008000378                USART2_IRQHandler
                0x000000000800037a                USART3_IRQHandler
                0x000000000800037e                RTC_ALARM_IRQHandler
                0x0000000008000380                OTG_FS_WKUP_IRQHandler
                0x0000000008000382                TIM8_BRK_TIM12_IRQHandler
                0x0000000008000384                TIM8_UP_TIM13_IRQHandler
                0x0000000008000386                TIM8_TRG_COM_TIM14_IRQHandler
                0x0000000008000388                TIM8_CC_IRQHandler
                0x000000000800038c                FMC_IRQHandler
                0x000000000800038e                SDMMC1_IRQHandler
                0x0000000008000390                TIM5_IRQHandler
                0x0000000008000394                UART4_IRQHandler
                0x0000000008000396                UART5_IRQHandler
                0x0000000008000398                TIM6_DAC_IRQHandler
                0x000000000800039a                TIM7_IRQHandler
                0x00000000080003a6                ETH_IRQHandler
                0x00000000080003a8                ETH_WKUP_IRQHandler
                0x00000000080003aa                CAN2_TX_IRQHandler
                0x00000000080003ac                CAN2_RX0_IRQHandler
                0x00000000080003ae                CAN2_RX1_IRQHandler
                0x00000000080003b0                CAN2_SCE_IRQHandler
                0x00000000080003b2                OTG_FS_IRQHandler
                0x00000000080003ba                USART6_IRQHandler
                0x00000000080003bc                I2C3_EV_IRQHandler
                0x00000000080003be                I2C3_ER_IRQHandler
                0x00000000080003c0                OTG_HS_EP1_OUT_IRQHandler
                0x00000000080003c2                OTG_HS_EP1_IN_IRQHandler
                0x00000000080003c4                OTG_HS_WKUP_IRQHandler
                0x00000000080003c6                OTG_HS_IRQHandler
                0x00000000080003c8                DCMI_IRQHandler
                0x00000000080003ca                CRYP_IRQHandler
                0x00000000080003cc                HASH_RNG_IRQHandler
                0x00000000080003ce                FPU_IRQHandler
                0x00000000080003d0                UART7_IRQHandler
                0x00000000080003d2                UART8_IRQHandler
                0x00000000080003d8                SPI6_IRQHandler
                0x00000000080003da                SAI1_IRQHandler
                0x00000000080003dc                LCD_TFT_IRQHandler
                0x00000000080003de                LTDC_ER_IRQHandler
                0x00000000080003e0                DMA2D_IRQHandler
                0x00000000080003e2                SAI2_IRQHandler
                0x00000000080003e4                QUADSPI_IRQHandler
                0x00000000080003e6                LPTIM1_IRQHandler
                0x00000000080003e8                CEC_IRQHandler
                0x00000000080003ea                I2C4_EV_IRQHandler
                0x00000000080003ec                I2C4_ER_IRQHandler
                0x00000000080003ee                SPDIF_RX_IRQHandler
 .init          0x00000000080003f0       0x28 Output/Skeleton Debug/Obj/STM32F7xx_Startup.o
                0x00000000080003f0                Reset_Handler
                0x0000000008000418                __init_end__ = (__init_start__ + SIZEOF (.init))
                0x0000000000000250                __init_size__ = SIZEOF (.init)
                0x0000000008000418                __init_load_end__ = __init_end__
                0x0000000000000001                . = ASSERT (((__init_start__ == __init_end__) || ((__init_end__ - __FLASH_segment_start__) <= __FLASH_segment_size__)), error: .init is too large to fit in FLASH memory segment)
                0x0000000008000418                __init_rodata_load_start__ = ALIGN (__init_end__, 0x4)

.init_rodata    0x0000000008000418        0x0
                0x0000000008000418                __init_rodata_start__ = .
 *(.init_rodata .init_rodata.*)
                0x0000000008000418                __init_rodata_end__ = (__init_rodata_start__ + SIZEOF (.init_rodata))
                0x0000000000000000                __init_rodata_size__ = SIZEOF (.init_rodata)
                0x0000000008000418                __init_rodata_load_end__ = __init_rodata_end__
                0x0000000000000001                . = ASSERT (((__init_rodata_start__ == __init_rodata_end__) || ((__init_rodata_end__ - __FLASH_segment_start__) <= __FLASH_segment_size__)), error: .init_rodata is too large to fit in FLASH memory segment)
                0x0000000008000418                __text_load_start__ = ALIGN (__init_rodata_end__, 0x4)

.text           0x0000000008000418     0x9548
                0x0000000008000418                __text_start__ = .
 *(.text .text.* .glue_7t .glue_7 .gnu.linkonce.t.* .gcc_except_table .ARM.extab* .gnu.linkonce.armextab.*)
 .glue_7        0x0000000008000418        0x0 linker stubs
 .glue_7t       0x0000000008000418        0x0 linker stubs
 .text.SystemInit
                0x0000000008000418       0x64 Output/Skeleton Debug/Obj/system_stm32f7xx.o
                0x0000000008000418                SystemInit
 .text.SystemCoreClockUpdate
                0x000000000800047c       0xf0 Output/Skeleton Debug/Obj/system_stm32f7xx.o
                0x000000000800047c                SystemCoreClockUpdate
 .text._DoInit  0x000000000800056c       0x9c Output/Skeleton Debug/Obj/SEGGER_RTT.o
 .text._WriteBlocking
                0x0000000008000608       0xb2 Output/Skeleton Debug/Obj/SEGGER_RTT.o
 .text._WriteNoCheck
                0x00000000080006ba       0x7e Output/Skeleton Debug/Obj/SEGGER_RTT.o
 .text._GetAvailWriteSpace
                0x0000000008000738       0x3c Output/Skeleton Debug/Obj/SEGGER_RTT.o
 .text.SEGGER_RTT_ReadNoLock
                0x0000000008000774      0x100 Output/Skeleton Debug/Obj/SEGGER_RTT.o
                0x0000000008000774                SEGGER_RTT_ReadNoLock
 .text.SEGGER_RTT_WriteSkipNoLock
                0x0000000008000874      0x120 Output/Skeleton Debug/Obj/SEGGER_RTT.o
                0x0000000008000874                SEGGER_RTT_WriteSkipNoLock
 .text.SEGGER_RTT_WriteNoLock
                0x0000000008000994       0x9c Output/Skeleton Debug/Obj/SEGGER_RTT.o
                0x0000000008000994                SEGGER_RTT_WriteNoLock
 .text.SEGGER_RTT_Write
                0x0000000008000a30       0x44 Output/Skeleton Debug/Obj/SEGGER_RTT.o
                0x0000000008000a30                SEGGER_RTT_Write
 .text.SEGGER_RTT_ConfigUpBuffer
                0x0000000008000a74       0xd4 Output/Skeleton Debug/Obj/SEGGER_RTT.o
                0x0000000008000a74                SEGGER_RTT_ConfigUpBuffer
 .text.SEGGER_RTT_ConfigDownBuffer
                0x0000000008000b48       0xd0 Output/Skeleton Debug/Obj/SEGGER_RTT.o
                0x0000000008000b48                SEGGER_RTT_ConfigDownBuffer
 .text.printf   0x0000000008000c18       0x58 Output/Skeleton Debug/Obj/SEGGER_RTT_Syscalls_SES.o
                0x0000000008000c18                printf
 .text._EncodeStr
                0x0000000008000c70       0x90 Output/Skeleton Debug/Obj/SEGGER_SYSVIEW.o
 .text._PreparePacket
                0x0000000008000d00        0xe Output/Skeleton Debug/Obj/SEGGER_SYSVIEW.o
 .text._HandleIncomingPacket
                0x0000000008000d0e       0xc2 Output/Skeleton Debug/Obj/SEGGER_SYSVIEW.o
 .text._TrySendOverflowPacket
                0x0000000008000dd0       0xe0 Output/Skeleton Debug/Obj/SEGGER_SYSVIEW.o
 .text._SendPacket
                0x0000000008000eb0      0x1a4 Output/Skeleton Debug/Obj/SEGGER_SYSVIEW.o
 .text.SEGGER_SYSVIEW_Init
                0x0000000008001054       0x78 Output/Skeleton Debug/Obj/SEGGER_SYSVIEW.o
                0x0000000008001054                SEGGER_SYSVIEW_Init
 .text.SEGGER_SYSVIEW_SetRAMBase
                0x00000000080010cc       0x14 Output/Skeleton Debug/Obj/SEGGER_SYSVIEW.o
                0x00000000080010cc                SEGGER_SYSVIEW_SetRAMBase
 .text.SEGGER_SYSVIEW_RecordVoid
                0x00000000080010e0       0x38 Output/Skeleton Debug/Obj/SEGGER_SYSVIEW.o
                0x00000000080010e0                SEGGER_SYSVIEW_RecordVoid
 .text.SEGGER_SYSVIEW_RecordU32
                0x0000000008001118       0x78 Output/Skeleton Debug/Obj/SEGGER_SYSVIEW.o
                0x0000000008001118                SEGGER_SYSVIEW_RecordU32
 .text.SEGGER_SYSVIEW_RecordU32x2
                0x0000000008001190       0xb0 Output/Skeleton Debug/Obj/SEGGER_SYSVIEW.o
                0x0000000008001190                SEGGER_SYSVIEW_RecordU32x2
 .text.SEGGER_SYSVIEW_RecordU32x3
                0x0000000008001240       0xec Output/Skeleton Debug/Obj/SEGGER_SYSVIEW.o
                0x0000000008001240                SEGGER_SYSVIEW_RecordU32x3
 .text.SEGGER_SYSVIEW_RecordU32x4
                0x000000000800132c      0x124 Output/Skeleton Debug/Obj/SEGGER_SYSVIEW.o
                0x000000000800132c                SEGGER_SYSVIEW_RecordU32x4
 .text.SEGGER_SYSVIEW_RecordU32x5
                0x0000000008001450      0x15c Output/Skeleton Debug/Obj/SEGGER_SYSVIEW.o
                0x0000000008001450                SEGGER_SYSVIEW_RecordU32x5
 .text.SEGGER_SYSVIEW_Start
                0x00000000080015ac      0x178 Output/Skeleton Debug/Obj/SEGGER_SYSVIEW.o
                0x00000000080015ac                SEGGER_SYSVIEW_Start
 .text.SEGGER_SYSVIEW_Stop
                0x0000000008001724       0x48 Output/Skeleton Debug/Obj/SEGGER_SYSVIEW.o
                0x0000000008001724                SEGGER_SYSVIEW_Stop
 .text.SEGGER_SYSVIEW_GetSysDesc
                0x000000000800176c      0x134 Output/Skeleton Debug/Obj/SEGGER_SYSVIEW.o
                0x000000000800176c                SEGGER_SYSVIEW_GetSysDesc
 .text.SEGGER_SYSVIEW_SendTaskInfo
                0x00000000080018a0      0x1c8 Output/Skeleton Debug/Obj/SEGGER_SYSVIEW.o
                0x00000000080018a0                SEGGER_SYSVIEW_SendTaskInfo
 .text.SEGGER_SYSVIEW_SendTaskList
                0x0000000008001a68       0x24 Output/Skeleton Debug/Obj/SEGGER_SYSVIEW.o
                0x0000000008001a68                SEGGER_SYSVIEW_SendTaskList
 .text.SEGGER_SYSVIEW_SendSysDesc
                0x0000000008001a8c       0x44 Output/Skeleton Debug/Obj/SEGGER_SYSVIEW.o
                0x0000000008001a8c                SEGGER_SYSVIEW_SendSysDesc
 .text.SEGGER_SYSVIEW_RecordSystime
                0x0000000008001ad0       0x5c Output/Skeleton Debug/Obj/SEGGER_SYSVIEW.o
                0x0000000008001ad0                SEGGER_SYSVIEW_RecordSystime
 .text.SEGGER_SYSVIEW_OnIdle
                0x0000000008001b2c       0x38 Output/Skeleton Debug/Obj/SEGGER_SYSVIEW.o
                0x0000000008001b2c                SEGGER_SYSVIEW_OnIdle
 .text.SEGGER_SYSVIEW_OnTaskCreate
                0x0000000008001b64       0x84 Output/Skeleton Debug/Obj/SEGGER_SYSVIEW.o
                0x0000000008001b64                SEGGER_SYSVIEW_OnTaskCreate
 .text.SEGGER_SYSVIEW_OnTaskStartExec
                0x0000000008001be8       0x84 Output/Skeleton Debug/Obj/SEGGER_SYSVIEW.o
                0x0000000008001be8                SEGGER_SYSVIEW_OnTaskStartExec
 .text.SEGGER_SYSVIEW_OnTaskStartReady
                0x0000000008001c6c       0x84 Output/Skeleton Debug/Obj/SEGGER_SYSVIEW.o
                0x0000000008001c6c                SEGGER_SYSVIEW_OnTaskStartReady
 .text.SEGGER_SYSVIEW_ShrinkId
                0x0000000008001cf0       0x18 Output/Skeleton Debug/Obj/SEGGER_SYSVIEW.o
                0x0000000008001cf0                SEGGER_SYSVIEW_ShrinkId
 .text.SEGGER_SYSVIEW_SendModule
                0x0000000008001d08      0x104 Output/Skeleton Debug/Obj/SEGGER_SYSVIEW.o
                0x0000000008001d08                SEGGER_SYSVIEW_SendModule
 .text.SEGGER_SYSVIEW_SendModuleDescription
                0x0000000008001e0c       0x38 Output/Skeleton Debug/Obj/SEGGER_SYSVIEW.o
                0x0000000008001e0c                SEGGER_SYSVIEW_SendModuleDescription
 .text.SEGGER_SYSVIEW_SendNumModules
                0x0000000008001e44       0x78 Output/Skeleton Debug/Obj/SEGGER_SYSVIEW.o
                0x0000000008001e44                SEGGER_SYSVIEW_SendNumModules
 .text.SEGGER_SYSVIEW_Warn
                0x0000000008001ebc       0xb4 Output/Skeleton Debug/Obj/SEGGER_SYSVIEW.o
                0x0000000008001ebc                SEGGER_SYSVIEW_Warn
 .text._cbSendSystemDesc
                0x0000000008001f70       0x1c Output/Skeleton Debug/Obj/SEGGER_SYSVIEW_Config_FreeRTOS.o
 .text.SEGGER_SYSVIEW_Conf
                0x0000000008001f8c       0x2c Output/Skeleton Debug/Obj/SEGGER_SYSVIEW_Config_FreeRTOS.o
                0x0000000008001f8c                SEGGER_SYSVIEW_Conf
 .text._cbSendTaskList
                0x0000000008001fb8       0xb4 Output/Skeleton Debug/Obj/SEGGER_SYSVIEW_FreeRTOS.o
 .text._cbGetTime
                0x000000000800206c       0x72 Output/Skeleton Debug/Obj/SEGGER_SYSVIEW_FreeRTOS.o
 *fill*         0x00000000080020de        0x2 
 .text.SYSVIEW_AddTask
                0x00000000080020e0       0xcc Output/Skeleton Debug/Obj/SEGGER_SYSVIEW_FreeRTOS.o
                0x00000000080020e0                SYSVIEW_AddTask
 .text.SYSVIEW_DeleteTask
                0x00000000080021ac      0x178 Output/Skeleton Debug/Obj/SEGGER_SYSVIEW_FreeRTOS.o
                0x00000000080021ac                SYSVIEW_DeleteTask
 .text.SYSVIEW_SendTaskInfo
                0x0000000008002324       0x3c Output/Skeleton Debug/Obj/SEGGER_SYSVIEW_FreeRTOS.o
                0x0000000008002324                SYSVIEW_SendTaskInfo
 .text.main     0x0000000008002360       0x68 Output/Skeleton Debug/Obj/main.o
                0x0000000008002360                main
 .text.SystemInitTask
                0x00000000080023c8      0x14c Output/Skeleton Debug/Obj/main.o
 .text.Led1Task
                0x0000000008002514       0x44 Output/Skeleton Debug/Obj/main.o
 .text.Led2Task
                0x0000000008002558       0x48 Output/Skeleton Debug/Obj/main.o
 .text.ScoreTask
                0x00000000080025a0       0x7c Output/Skeleton Debug/Obj/main.o
 .text.SnakeTask
                0x000000000800261c      0x470 Output/Skeleton Debug/Obj/main.o
 .text.main_SpimInit
                0x0000000008002a8c       0xa4 Output/Skeleton Debug/Obj/main.o
 .text.main_LcdInit
                0x0000000008002b30       0x14 Output/Skeleton Debug/Obj/main.o
 .text.OS_SysTickHandler
                0x0000000008002b44       0x34 Output/Skeleton Debug/Obj/main.o
                0x0000000008002b44                OS_SysTickHandler
 .text.Navigation_SWitchIRQHandler
                0x0000000008002b78       0xb4 Output/Skeleton Debug/Obj/main.o
                0x0000000008002b78                Navigation_SWitchIRQHandler
 .text.TM_USB_HIDHOST_ReadKeyboard
                0x0000000008002c2c       0x2c Output/Skeleton Debug/Obj/main.o
 .text.TM_SNAKE_DrawPixel
                0x0000000008002c58       0xaa Output/Skeleton Debug/Obj/main.o
                0x0000000008002c58                TM_SNAKE_DrawPixel
 *fill*         0x0000000008002d02        0x2 
 .text.TM_SNAKE_PrepareDisplay
                0x0000000008002d04       0x2c Output/Skeleton Debug/Obj/main.o
                0x0000000008002d04                TM_SNAKE_PrepareDisplay
 .text.TM_SNAKE_SetFirstOptions
                0x0000000008002d30       0x34 Output/Skeleton Debug/Obj/main.o
                0x0000000008002d30                TM_SNAKE_SetFirstOptions
 .text.TM_SNAKE_SetDefaultSnake
                0x0000000008002d64       0x9c Output/Skeleton Debug/Obj/main.o
                0x0000000008002d64                TM_SNAKE_SetDefaultSnake
 .text.TM_SNAKE_DeleteFromArray
                0x0000000008002e00       0xc0 Output/Skeleton Debug/Obj/main.o
                0x0000000008002e00                TM_SNAKE_DeleteFromArray
 .text.TM_SNAKE_AddToArray
                0x0000000008002ec0       0x84 Output/Skeleton Debug/Obj/main.o
                0x0000000008002ec0                TM_SNAKE_AddToArray
 .text.TM_SNAKE_Random
                0x0000000008002f44       0x7c Output/Skeleton Debug/Obj/main.o
                0x0000000008002f44                TM_SNAKE_Random
 .text.TM_SNAKE_MatchesSnakeLocations
                0x0000000008002fc0       0x68 Output/Skeleton Debug/Obj/main.o
                0x0000000008002fc0                TM_SNAKE_MatchesSnakeLocations
 .text.TM_SNAKE_GenerateTarget
                0x0000000008003028       0x34 Output/Skeleton Debug/Obj/main.o
                0x0000000008003028                TM_SNAKE_GenerateTarget
 .text.TM_SNAKE_DrawArea
                0x000000000800305c       0x2c Output/Skeleton Debug/Obj/main.o
                0x000000000800305c                TM_SNAKE_DrawArea
 .text.SCB_EnableICache
                0x0000000008003088       0x2c Output/Skeleton Debug/Obj/BSP.o
 .text.SCB_EnableDCache
                0x00000000080030b4       0x78 Output/Skeleton Debug/Obj/BSP.o
 .text.BSPInit  0x000000000800312c       0x38 Output/Skeleton Debug/Obj/BSP.o
                0x000000000800312c                BSPInit
 .text.HardFault_Handler
                0x0000000008003164       0x20 Output/Skeleton Debug/Obj/BSP.o
                0x0000000008003164                HardFault_Handler
 .text.PortInit
                0x0000000008003184      0x7c0 Output/Skeleton Debug/Obj/Hal.o
                0x0000000008003184                PortInit
 .text.NVIC_EnableIRQ
                0x0000000008003944       0x2c Output/Skeleton Debug/Obj/IRQ.o
 .text.NVIC_SetPriority
                0x0000000008003970       0x50 Output/Skeleton Debug/Obj/IRQ.o
 .text.IRQInit  0x00000000080039c0       0x22 Output/Skeleton Debug/Obj/IRQ.o
                0x00000000080039c0                IRQInit
 *fill*         0x00000000080039e2        0x2 
 .text.EXTI0_IRQHandler
                0x00000000080039e4       0x14 Output/Skeleton Debug/Obj/IRQ.o
                0x00000000080039e4                EXTI0_IRQHandler
 .text.EXTI1_IRQHandler
                0x00000000080039f8       0x14 Output/Skeleton Debug/Obj/IRQ.o
                0x00000000080039f8                EXTI1_IRQHandler
 .text.EXTI2_IRQHandler
                0x0000000008003a0c       0x18 Output/Skeleton Debug/Obj/IRQ.o
                0x0000000008003a0c                EXTI2_IRQHandler
 .text.EXTI3_IRQHandler
                0x0000000008003a24       0x14 Output/Skeleton Debug/Obj/IRQ.o
                0x0000000008003a24                EXTI3_IRQHandler
 .text.EXTI4_IRQHandler
                0x0000000008003a38       0x24 Output/Skeleton Debug/Obj/IRQ.o
                0x0000000008003a38                EXTI4_IRQHandler
 .text.EXTI9_5_IRQHandler
                0x0000000008003a5c       0x14 Output/Skeleton Debug/Obj/IRQ.o
                0x0000000008003a5c                EXTI9_5_IRQHandler
 .text.EXTI15_10_IRQHandler
                0x0000000008003a70       0x78 Output/Skeleton Debug/Obj/IRQ.o
                0x0000000008003a70                EXTI15_10_IRQHandler
 .text.ClockInit
                0x0000000008003ae8      0x14c Output/Skeleton Debug/Obj/Clock.o
                0x0000000008003ae8                ClockInit
 .text.ClockSetWaitStates
                0x0000000008003c34       0xd8 Output/Skeleton Debug/Obj/Clock.o
                0x0000000008003c34                ClockSetWaitStates
 .text.spi_DmaRx
                0x0000000008003d0c       0x74 Release/spim.a(spim.o)
 .text.spi_DmaTx
                0x0000000008003d80       0x5c Release/spim.a(spim.o)
 .text.SpimInit
                0x0000000008003ddc      0x21c Release/spim.a(spim.o)
                0x0000000008003ddc                SpimInit
 .text.SpimSetDataSize
                0x0000000008003ff8       0xe0 Release/spim.a(spim.o)
                0x0000000008003ff8                SpimSetDataSize
 .text.SpimAddCallbackTransferDone
                0x00000000080040d8        0x4 Release/spim.a(spim.o)
                0x00000000080040d8                SpimAddCallbackTransferDone
 .text.SpimTransfer
                0x00000000080040dc       0xb4 Release/spim.a(spim.o)
                0x00000000080040dc                SpimTransfer
 .text.SPI1_IRQHandler
                0x0000000008004190       0x90 Release/spim.a(spim.o)
                0x0000000008004190                SPI1_IRQHandler
 .text.SPI2_IRQHandler
                0x0000000008004220       0x90 Release/spim.a(spim.o)
                0x0000000008004220                SPI2_IRQHandler
 .text.SPI3_IRQHandler
                0x00000000080042b0       0x90 Release/spim.a(spim.o)
                0x00000000080042b0                SPI3_IRQHandler
 .text.SPI4_IRQHandler
                0x0000000008004340       0x90 Release/spim.a(spim.o)
                0x0000000008004340                SPI4_IRQHandler
 .text.SPI5_IRQHandler
                0x00000000080043d0       0x90 Release/spim.a(spim.o)
                0x00000000080043d0                SPI5_IRQHandler
 .text.NVIC_EnableIRQ
                0x0000000008004460       0x2c Output/Skeleton Debug/Obj/dma.o
 .text.DmaInit  0x000000000800448c      0x230 Output/Skeleton Debug/Obj/dma.o
                0x000000000800448c                DmaInit
 .text.DmaStart
                0x00000000080046bc       0xf0 Output/Skeleton Debug/Obj/dma.o
                0x00000000080046bc                DmaStart
 .text.dma_IRQHandler
                0x00000000080047ac      0x19c Output/Skeleton Debug/Obj/dma.o
                0x00000000080047ac                dma_IRQHandler
 .text.DMA1_Stream0_IRQHandler
                0x0000000008004948       0x14 Output/Skeleton Debug/Obj/dma.o
                0x0000000008004948                DMA1_Stream0_IRQHandler
 .text.DMA1_Stream1_IRQHandler
                0x000000000800495c       0x14 Output/Skeleton Debug/Obj/dma.o
                0x000000000800495c                DMA1_Stream1_IRQHandler
 .text.DMA1_Stream2_IRQHandler
                0x0000000008004970       0x14 Output/Skeleton Debug/Obj/dma.o
                0x0000000008004970                DMA1_Stream2_IRQHandler
 .text.DMA1_Stream3_IRQHandler
                0x0000000008004984       0x14 Output/Skeleton Debug/Obj/dma.o
                0x0000000008004984                DMA1_Stream3_IRQHandler
 .text.DMA1_Stream4_IRQHandler
                0x0000000008004998       0x14 Output/Skeleton Debug/Obj/dma.o
                0x0000000008004998                DMA1_Stream4_IRQHandler
 .text.DMA1_Stream5_IRQHandler
                0x00000000080049ac       0x14 Output/Skeleton Debug/Obj/dma.o
                0x00000000080049ac                DMA1_Stream5_IRQHandler
 .text.DMA1_Stream6_IRQHandler
                0x00000000080049c0       0x14 Output/Skeleton Debug/Obj/dma.o
                0x00000000080049c0                DMA1_Stream6_IRQHandler
 .text.DMA1_Stream7_IRQHandler
                0x00000000080049d4       0x14 Output/Skeleton Debug/Obj/dma.o
                0x00000000080049d4                DMA1_Stream7_IRQHandler
 .text.DMA2_Stream0_IRQHandler
                0x00000000080049e8       0x14 Output/Skeleton Debug/Obj/dma.o
                0x00000000080049e8                DMA2_Stream0_IRQHandler
 .text.DMA2_Stream1_IRQHandler
                0x00000000080049fc       0x14 Output/Skeleton Debug/Obj/dma.o
                0x00000000080049fc                DMA2_Stream1_IRQHandler
 .text.DMA2_Stream2_IRQHandler
                0x0000000008004a10       0x14 Output/Skeleton Debug/Obj/dma.o
                0x0000000008004a10                DMA2_Stream2_IRQHandler
 .text.DMA2_Stream3_IRQHandler
                0x0000000008004a24       0x14 Output/Skeleton Debug/Obj/dma.o
                0x0000000008004a24                DMA2_Stream3_IRQHandler
 .text.DMA2_Stream4_IRQHandler
                0x0000000008004a38       0x14 Output/Skeleton Debug/Obj/dma.o
                0x0000000008004a38                DMA2_Stream4_IRQHandler
 .text.DMA2_Stream5_IRQHandler
                0x0000000008004a4c       0x14 Output/Skeleton Debug/Obj/dma.o
                0x0000000008004a4c                DMA2_Stream5_IRQHandler
 .text.DMA2_Stream6_IRQHandler
                0x0000000008004a60       0x14 Output/Skeleton Debug/Obj/dma.o
                0x0000000008004a60                DMA2_Stream6_IRQHandler
 .text.DMA2_Stream7_IRQHandler
                0x0000000008004a74       0x14 Output/Skeleton Debug/Obj/dma.o
                0x0000000008004a74                DMA2_Stream7_IRQHandler
 .text.vListInitialise
                0x0000000008004a88       0x36 Output/Skeleton Debug/Obj/list.o
                0x0000000008004a88                vListInitialise
 .text.vListInitialiseItem
                0x0000000008004abe       0x10 Output/Skeleton Debug/Obj/list.o
                0x0000000008004abe                vListInitialiseItem
 .text.vListInsertEnd
                0x0000000008004ace       0x3e Output/Skeleton Debug/Obj/list.o
                0x0000000008004ace                vListInsertEnd
 .text.vListInsert
                0x0000000008004b0c       0x68 Output/Skeleton Debug/Obj/list.o
                0x0000000008004b0c                vListInsert
 .text.uxListRemove
                0x0000000008004b74       0x4a Output/Skeleton Debug/Obj/list.o
                0x0000000008004b74                uxListRemove
 *fill*         0x0000000008004bbe        0x2 
 .text.pxPortInitialiseStack
                0x0000000008004bc0       0x60 Output/Skeleton Debug/Obj/port.o
                0x0000000008004bc0                pxPortInitialiseStack
 .text.prvTaskExitError
                0x0000000008004c20       0x48 Output/Skeleton Debug/Obj/port.o
 *fill*         0x0000000008004c68        0x8 
 .text.SVC_Handler
                0x0000000008004c70       0x28 Output/Skeleton Debug/Obj/port.o
                0x0000000008004c70                SVC_Handler
 .text.prvPortStartFirstTask
                0x0000000008004c98       0x28 Output/Skeleton Debug/Obj/port.o
 .text.xPortStartScheduler
                0x0000000008004cc0       0xf8 Output/Skeleton Debug/Obj/port.o
                0x0000000008004cc0                xPortStartScheduler
 .text.vPortEnterCritical
                0x0000000008004db8       0x54 Output/Skeleton Debug/Obj/port.o
                0x0000000008004db8                vPortEnterCritical
 .text.vPortExitCritical
                0x0000000008004e0c       0x44 Output/Skeleton Debug/Obj/port.o
                0x0000000008004e0c                vPortExitCritical
 .text.PendSV_Handler
                0x0000000008004e50       0x68 Output/Skeleton Debug/Obj/port.o
                0x0000000008004e50                PendSV_Handler
 .text.SysTick_Handler
                0x0000000008004eb8       0x44 Output/Skeleton Debug/Obj/port.o
                0x0000000008004eb8                SysTick_Handler
 .text.vPortSetupTimerInterrupt
                0x0000000008004efc       0x3c Output/Skeleton Debug/Obj/port.o
                0x0000000008004efc                vPortSetupTimerInterrupt
 .text.vPortEnableVFP
                0x0000000008004f38       0x14 Output/Skeleton Debug/Obj/port.o
 .text.vPortValidateInterruptPriority
                0x0000000008004f4c       0x68 Output/Skeleton Debug/Obj/port.o
                0x0000000008004f4c                vPortValidateInterruptPriority
 .text.xQueueGenericReset
                0x0000000008004fb4       0xc8 Output/Skeleton Debug/Obj/queue.o
                0x0000000008004fb4                xQueueGenericReset
 .text.xQueueGenericCreateStatic
                0x000000000800507c       0xb0 Output/Skeleton Debug/Obj/queue.o
                0x000000000800507c                xQueueGenericCreateStatic
 .text.prvInitialiseNewQueue
                0x000000000800512c       0x5c Output/Skeleton Debug/Obj/queue.o
 .text.xQueueGenericSend
                0x0000000008005188      0x250 Output/Skeleton Debug/Obj/queue.o
                0x0000000008005188                xQueueGenericSend
 .text.xQueueGenericSendFromISR
                0x00000000080053d8      0x15c Output/Skeleton Debug/Obj/queue.o
                0x00000000080053d8                xQueueGenericSendFromISR
 .text.xQueueReceive
                0x0000000008005534      0x204 Output/Skeleton Debug/Obj/queue.o
                0x0000000008005534                xQueueReceive
 .text.prvCopyDataToQueue
                0x0000000008005738       0xd2 Output/Skeleton Debug/Obj/queue.o
 .text.prvCopyDataFromQueue
                0x000000000800580a       0x4a Output/Skeleton Debug/Obj/queue.o
 .text.prvUnlockQueue
                0x0000000008005854       0xca Output/Skeleton Debug/Obj/queue.o
 .text.prvIsQueueEmpty
                0x000000000800591e       0x2a Output/Skeleton Debug/Obj/queue.o
 .text.prvIsQueueFull
                0x0000000008005948       0x2e Output/Skeleton Debug/Obj/queue.o
 *fill*         0x0000000008005976        0x2 
 .text.vQueueAddToRegistry
                0x0000000008005978       0x60 Output/Skeleton Debug/Obj/queue.o
                0x0000000008005978                vQueueAddToRegistry
 .text.vQueueWaitForMessageRestricted
                0x00000000080059d8       0x66 Output/Skeleton Debug/Obj/queue.o
                0x00000000080059d8                vQueueWaitForMessageRestricted
 *fill*         0x0000000008005a3e        0x2 
 .text.prvNotifyQueueSetContainer
                0x0000000008005a40       0xbc Output/Skeleton Debug/Obj/queue.o
 .text.vApplicationGetTimerTaskMemory
                0x0000000008005afc       0x28 Output/Skeleton Debug/Obj/RTOS.o
                0x0000000008005afc                vApplicationGetTimerTaskMemory
 .text.vApplicationGetIdleTaskMemory
                0x0000000008005b24       0x28 Output/Skeleton Debug/Obj/RTOS.o
                0x0000000008005b24                vApplicationGetIdleTaskMemory
 .text.vApplicationStackOverflowHook
                0x0000000008005b4c       0x28 Output/Skeleton Debug/Obj/RTOS.o
                0x0000000008005b4c                vApplicationStackOverflowHook
 .text.vAssertCalled
                0x0000000008005b74       0x30 Output/Skeleton Debug/Obj/RTOS.o
                0x0000000008005b74                vAssertCalled
 .text.vApplicationTickHook
                0x0000000008005ba4        0xa Output/Skeleton Debug/Obj/RTOS.o
                0x0000000008005ba4                vApplicationTickHook
 *fill*         0x0000000008005bae        0x2 
 .text.xTaskCreateStatic
                0x0000000008005bb0       0x90 Output/Skeleton Debug/Obj/tasks.o
                0x0000000008005bb0                xTaskCreateStatic
 .text.prvInitialiseNewTask
                0x0000000008005c40      0x114 Output/Skeleton Debug/Obj/tasks.o
 .text.prvAddNewTaskToReadyList
                0x0000000008005d54      0x114 Output/Skeleton Debug/Obj/tasks.o
 .text.vTaskDelete
                0x0000000008005e68      0x130 Output/Skeleton Debug/Obj/tasks.o
                0x0000000008005e68                vTaskDelete
 .text.vTaskDelay
                0x0000000008005f98       0x68 Output/Skeleton Debug/Obj/tasks.o
                0x0000000008005f98                vTaskDelay
 .text.vTaskStartScheduler
                0x0000000008006000       0xe4 Output/Skeleton Debug/Obj/tasks.o
                0x0000000008006000                vTaskStartScheduler
 .text.vTaskSuspendAll
                0x00000000080060e4       0x14 Output/Skeleton Debug/Obj/tasks.o
                0x00000000080060e4                vTaskSuspendAll
 .text.xTaskResumeAll
                0x00000000080060f8      0x138 Output/Skeleton Debug/Obj/tasks.o
                0x00000000080060f8                xTaskResumeAll
 .text.xTaskGetTickCount
                0x0000000008006230       0x14 Output/Skeleton Debug/Obj/tasks.o
                0x0000000008006230                xTaskGetTickCount
 .text.xTaskGetTickCountFromISR
                0x0000000008006244       0x20 Output/Skeleton Debug/Obj/tasks.o
                0x0000000008006244                xTaskGetTickCountFromISR
 .text.xTaskIncrementTick
                0x0000000008006264      0x180 Output/Skeleton Debug/Obj/tasks.o
                0x0000000008006264                xTaskIncrementTick
 .text.vTaskSwitchContext
                0x00000000080063e4      0x11c Output/Skeleton Debug/Obj/tasks.o
                0x00000000080063e4                vTaskSwitchContext
 .text.vTaskPlaceOnEventList
                0x0000000008006500       0x40 Output/Skeleton Debug/Obj/tasks.o
                0x0000000008006500                vTaskPlaceOnEventList
 .text.vTaskPlaceOnEventListRestricted
                0x0000000008006540       0x54 Output/Skeleton Debug/Obj/tasks.o
                0x0000000008006540                vTaskPlaceOnEventListRestricted
 .text.xTaskRemoveFromEventList
                0x0000000008006594       0xc4 Output/Skeleton Debug/Obj/tasks.o
                0x0000000008006594                xTaskRemoveFromEventList
 .text.vTaskInternalSetTimeOutState
                0x0000000008006658       0x24 Output/Skeleton Debug/Obj/tasks.o
                0x0000000008006658                vTaskInternalSetTimeOutState
 .text.xTaskCheckForTimeOut
                0x000000000800667c       0xb0 Output/Skeleton Debug/Obj/tasks.o
                0x000000000800667c                xTaskCheckForTimeOut
 .text.vTaskMissedYield
                0x000000000800672c       0x10 Output/Skeleton Debug/Obj/tasks.o
                0x000000000800672c                vTaskMissedYield
 .text.prvIdleTask
                0x000000000800673c       0x2c Output/Skeleton Debug/Obj/tasks.o
 .text.prvInitialiseTaskLists
                0x0000000008006768       0x7c Output/Skeleton Debug/Obj/tasks.o
 .text.prvCheckTasksWaitingTermination
                0x00000000080067e4       0x58 Output/Skeleton Debug/Obj/tasks.o
 .text.prvTaskCheckFreeStackSpace
                0x000000000800683c       0x2e Output/Skeleton Debug/Obj/tasks.o
 *fill*         0x000000000800686a        0x2 
 .text.uxTaskGetStackHighWaterMark
                0x000000000800686c       0x34 Output/Skeleton Debug/Obj/tasks.o
                0x000000000800686c                uxTaskGetStackHighWaterMark
 .text.prvDeleteTCB
                0x00000000080068a0        0xa Output/Skeleton Debug/Obj/tasks.o
 *fill*         0x00000000080068aa        0x2 
 .text.prvResetNextTaskUnblockTime
                0x00000000080068ac       0x38 Output/Skeleton Debug/Obj/tasks.o
 .text.xTaskGetSchedulerState
                0x00000000080068e4       0x34 Output/Skeleton Debug/Obj/tasks.o
                0x00000000080068e4                xTaskGetSchedulerState
 .text.xTaskPriorityDisinherit
                0x0000000008006918      0x108 Output/Skeleton Debug/Obj/tasks.o
                0x0000000008006918                xTaskPriorityDisinherit
 .text.xTaskGenericNotifyFromISR
                0x0000000008006a20      0x1c4 Output/Skeleton Debug/Obj/tasks.o
                0x0000000008006a20                xTaskGenericNotifyFromISR
 .text.prvAddCurrentTaskToDelayedList
                0x0000000008006be4       0xc8 Output/Skeleton Debug/Obj/tasks.o
 .text.xTimerCreateTimerTask
                0x0000000008006cac       0x84 Output/Skeleton Debug/Obj/timers.o
                0x0000000008006cac                xTimerCreateTimerTask
 .text.xTimerGenericCommand
                0x0000000008006d30       0x8c Output/Skeleton Debug/Obj/timers.o
                0x0000000008006d30                xTimerGenericCommand
 .text.prvProcessExpiredTimer
                0x0000000008006dbc       0x78 Output/Skeleton Debug/Obj/timers.o
 .text.prvTimerTask
                0x0000000008006e34       0x20 Output/Skeleton Debug/Obj/timers.o
 .text.prvProcessTimerOrBlockTask
                0x0000000008006e54       0x98 Output/Skeleton Debug/Obj/timers.o
 .text.prvGetNextExpireTime
                0x0000000008006eec       0x3c Output/Skeleton Debug/Obj/timers.o
 .text.prvSampleTimeNow
                0x0000000008006f28       0x3c Output/Skeleton Debug/Obj/timers.o
 .text.prvInsertTimerInActiveList
                0x0000000008006f64       0x84 Output/Skeleton Debug/Obj/timers.o
 .text.prvProcessReceivedCommands
                0x0000000008006fe8      0x134 Output/Skeleton Debug/Obj/timers.o
 .text.prvSwitchTimerLists
                0x000000000800711c       0xb8 Output/Skeleton Debug/Obj/timers.o
 .text.prvCheckForValidListAndQueue
                0x00000000080071d4       0x80 Output/Skeleton Debug/Obj/timers.o
 .text.LcdInit  0x0000000008007254      0x314 Output/Skeleton Debug/Obj/LCD_ST7735R.o
                0x0000000008007254                LcdInit
 .text.LCD_GetSize
                0x0000000008007568       0x24 Output/Skeleton Debug/Obj/LCD_ST7735R.o
                0x0000000008007568                LCD_GetSize
 .text.lcd_cbSpiDone
                0x000000000800758c       0x30 Output/Skeleton Debug/Obj/LCD_ST7735R.o
 .text.lcd_WriteCmd
                0x00000000080075bc       0x80 Output/Skeleton Debug/Obj/LCD_ST7735R.o
 .text.lcd_WriteData
                0x000000000800763c       0x80 Output/Skeleton Debug/Obj/LCD_ST7735R.o
 .text.lcd_WriteMultipleByte
                0x00000000080076bc       0x70 Output/Skeleton Debug/Obj/LCD_ST7735R.o
 .text.lcd_Delayms
                0x000000000800772c       0x34 Output/Skeleton Debug/Obj/LCD_ST7735R.o
 .text.TM_RNG_Init
                0x0000000008007760       0x24 Output/Skeleton Debug/Obj/snake.o
                0x0000000008007760                TM_RNG_Init
 .text.TM_RNG_Get
                0x0000000008007784       0x14 Output/Skeleton Debug/Obj/snake.o
                0x0000000008007784                TM_RNG_Get
 .text.__aeabi_read_tp
                0x0000000008007798        0x8 Output/Skeleton Debug/Obj/thumb_crt0.o
                0x0000000008007798                __aeabi_read_tp
 .text.libc.frexp
                0x00000000080077a0       0x50 C:/Program Files/SEGGER/SEGGER Embedded Studio for ARM 4.22/lib/libm_v7em_fpv5_sp_d16_hard_t_le_eabi.a(libm2.o)
                0x00000000080077a0                frexp
                0x00000000080077a0                frexp(double, int*)
 .text.libc.ldexp
                0x00000000080077f0       0x7c C:/Program Files/SEGGER/SEGGER Embedded Studio for ARM 4.22/lib/libm_v7em_fpv5_sp_d16_hard_t_le_eabi.a(libm2.o)
                0x00000000080077f0                ldexp
                0x00000000080077f0                ldexp(double, int)
 .text.libc.modf
                0x000000000800786c       0x94 C:/Program Files/SEGGER/SEGGER Embedded Studio for ARM 4.22/lib/libm_v7em_fpv5_sp_d16_hard_t_le_eabi.a(libm2.o)
                0x000000000800786c                modf(double, double*)
                0x000000000800786c                modf
 .text.libc.floor
                0x0000000008007900       0xc0 C:/Program Files/SEGGER/SEGGER Embedded Studio for ARM 4.22/lib/libm_v7em_fpv5_sp_d16_hard_t_le_eabi.a(libm2.o)
                0x0000000008007900                floor(double)
                0x0000000008007900                floor
 .text.libc.fmod
                0x00000000080079c0      0x198 C:/Program Files/SEGGER/SEGGER Embedded Studio for ARM 4.22/lib/libm_v7em_fpv5_sp_d16_hard_t_le_eabi.a(libm2.o)
                0x00000000080079c0                fmod
                0x00000000080079c0                fmod(double, double)
 .text.libc.fabs
                0x0000000008007b58        0xe C:/Program Files/SEGGER/SEGGER Embedded Studio for ARM 4.22/lib/libm_v7em_fpv5_sp_d16_hard_t_le_eabi.a(libm2_asm.o)
                0x0000000008007b58                fabs(double)
                0x0000000008007b58                fabs
 .text.libc.__int64_to_float64
                0x0000000008007b66       0xa0 C:/Program Files/SEGGER/SEGGER Embedded Studio for ARM 4.22/lib/libm_v7em_fpv5_sp_d16_hard_t_le_eabi.a(libm_asm.o)
                0x0000000008007b66                __int64_to_float64
                0x0000000008007b66                __aeabi_l2d
                0x0000000008007b66                __floatdidf
                0x0000000008007b8a                __RAL_aeabi_l2d_common
 .text.libc.__uint64_to_float64
                0x0000000008007c06       0x14 C:/Program Files/SEGGER/SEGGER Embedded Studio for ARM 4.22/lib/libm_v7em_fpv5_sp_d16_hard_t_le_eabi.a(libm_asm.o)
                0x0000000008007c06                __aeabi_ul2d
                0x0000000008007c06                __floatundidf
                0x0000000008007c06                __uint64_to_float64
 .text.libc.__float64_to_uint64
                0x0000000008007c1a       0x48 C:/Program Files/SEGGER/SEGGER Embedded Studio for ARM 4.22/lib/libm_v7em_fpv5_sp_d16_hard_t_le_eabi.a(libm_asm.o)
                0x0000000008007c1a                __fixunsdfdi
                0x0000000008007c1a                __float64_to_uint64
                0x0000000008007c1a                __aeabi_d2ulz
 .text.libc.__float64_add
                0x0000000008007c62      0x294 C:/Program Files/SEGGER/SEGGER Embedded Studio for ARM 4.22/lib/libm_v7em_fpv5_sp_d16_hard_t_le_eabi.a(libm_asm.o)
                0x0000000008007c62                __aeabi_drsub
                0x0000000008007c6a                __aeabi_dsub
                0x0000000008007c6a                __float64_sub
                0x0000000008007c6a                __subdf3
                0x0000000008007c6e                __aeabi_dadd
                0x0000000008007c6e                __float64_add
                0x0000000008007c6e                __adddf3
 *fill*         0x0000000008007ef6        0x2 
 .text.libc.__float64_mul
                0x0000000008007ef8      0x16c C:/Program Files/SEGGER/SEGGER Embedded Studio for ARM 4.22/lib/libm_v7em_fpv5_sp_d16_hard_t_le_eabi.a(libm_asm.o)
                0x0000000008007ef8                __float64_mul
                0x0000000008007ef8                __muldf3
                0x0000000008007ef8                __aeabi_dmul
 .text.libc.__float64_div
                0x0000000008008064      0x214 C:/Program Files/SEGGER/SEGGER Embedded Studio for ARM 4.22/lib/libm_v7em_fpv5_sp_d16_hard_t_le_eabi.a(libm_asm.o)
                0x0000000008008064                __divdf3
                0x0000000008008064                __float64_div
                0x0000000008008064                __aeabi_ddiv
 .text.libc.__float64_cmpeq
                0x0000000008008278       0x32 C:/Program Files/SEGGER/SEGGER Embedded Studio for ARM 4.22/lib/libm_v7em_fpv5_sp_d16_hard_t_le_eabi.a(libm_asm.o)
                0x0000000008008278                __aeabi_dcmpeq
 .text.libc.__float64_cmple
                0x00000000080082aa       0x3c C:/Program Files/SEGGER/SEGGER Embedded Studio for ARM 4.22/lib/libm_v7em_fpv5_sp_d16_hard_t_le_eabi.a(libm_asm.o)
                0x00000000080082aa                __aeabi_dcmple
 .text.libc.__float64_cmpge
                0x00000000080082e6       0x3c C:/Program Files/SEGGER/SEGGER Embedded Studio for ARM 4.22/lib/libm_v7em_fpv5_sp_d16_hard_t_le_eabi.a(libm_asm.o)
                0x00000000080082e6                __aeabi_dcmpge
 .text.libc.__float64_cmplt
                0x0000000008008322       0x38 C:/Program Files/SEGGER/SEGGER Embedded Studio for ARM 4.22/lib/libm_v7em_fpv5_sp_d16_hard_t_le_eabi.a(libm_asm.o)
                0x0000000008008322                __aeabi_dcmplt
 .text.libc.__float64_cmpgt
                0x000000000800835a       0x38 C:/Program Files/SEGGER/SEGGER Embedded Studio for ARM 4.22/lib/libm_v7em_fpv5_sp_d16_hard_t_le_eabi.a(libm_asm.o)
                0x000000000800835a                __aeabi_dcmpgt
 .text.libc.__float64_signbit
                0x0000000008008392        0xa C:/Program Files/SEGGER/SEGGER Embedded Studio for ARM 4.22/lib/libm_v7em_fpv5_sp_d16_hard_t_le_eabi.a(libm_asm.o)
                0x0000000008008392                __float64_signbit
 .text.libc.__float64_isinf
                0x000000000800839c       0x14 C:/Program Files/SEGGER/SEGGER Embedded Studio for ARM 4.22/lib/libm_v7em_fpv5_sp_d16_hard_t_le_eabi.a(libm_asm.o)
                0x000000000800839c                __float64_isinf
 .text.libc.__float64_isnan
                0x00000000080083b0       0x14 C:/Program Files/SEGGER/SEGGER Embedded Studio for ARM 4.22/lib/libm_v7em_fpv5_sp_d16_hard_t_le_eabi.a(libm_asm.o)
                0x00000000080083b0                __float64_isnan
 .text.libc.__RAL_pow10
                0x00000000080083c4       0x54 C:/Program Files/SEGGER/SEGGER Embedded Studio for ARM 4.22/lib/libc_v7em_fpv5_sp_d16_hard_t_le_eabi.a(libc2.o)
                0x00000000080083c4                __RAL_pow10
 .text.libc.__putc
                0x0000000008008418       0x34 C:/Program Files/SEGGER/SEGGER Embedded Studio for ARM 4.22/lib/libc_v7em_fpv5_sp_d16_hard_t_le_eabi.a(libc2.o)
                0x0000000008008418                __putc
 .text.libc.__RAL_print_padding
                0x000000000800844c       0x1c C:/Program Files/SEGGER/SEGGER Embedded Studio for ARM 4.22/lib/libc_v7em_fpv5_sp_d16_hard_t_le_eabi.a(libc2.o)
                0x000000000800844c                __RAL_print_padding
 .text.libc.__RAL_pre_padding
                0x0000000008008468       0x1c C:/Program Files/SEGGER/SEGGER Embedded Studio for ARM 4.22/lib/libc_v7em_fpv5_sp_d16_hard_t_le_eabi.a(libc2.o)
                0x0000000008008468                __RAL_pre_padding
 .text.libc.abs
                0x0000000008008484        0x8 C:/Program Files/SEGGER/SEGGER Embedded Studio for ARM 4.22/lib/libc_v7em_fpv5_sp_d16_hard_t_le_eabi.a(libc2.o)
                0x0000000008008484                abs
 .text.libc.__aeabi_errno_addr
                0x000000000800848c       0x14 C:/Program Files/SEGGER/SEGGER Embedded Studio for ARM 4.22/lib/libc_v7em_fpv5_sp_d16_hard_t_le_eabi.a(libc2.o)
                0x000000000800848c                __aeabi_errno_addr
 .text.libc.memcmp
                0x00000000080084a0       0x76 C:/Program Files/SEGGER/SEGGER Embedded Studio for ARM 4.22/lib/libc_v7em_fpv5_sp_d16_hard_t_le_eabi.a(libc2.o)
                0x00000000080084a0                memcmp
 .text.libc.sprintf
                0x0000000008008516       0x2a C:/Program Files/SEGGER/SEGGER Embedded Studio for ARM 4.22/lib/libc_v7em_fpv5_sp_d16_hard_t_le_eabi.a(libc2.o)
                0x0000000008008516                sprintf
 .text.libc.strnlen
                0x0000000008008540       0x22 C:/Program Files/SEGGER/SEGGER Embedded Studio for ARM 4.22/lib/libc_v7em_fpv5_sp_d16_hard_t_le_eabi.a(libc2.o)
                0x0000000008008540                strnlen
 .text.libc.memcpy
                0x0000000008008562       0x52 C:/Program Files/SEGGER/SEGGER Embedded Studio for ARM 4.22/lib/libc_v7em_fpv5_sp_d16_hard_t_le_eabi.a(libc2_asm.o)
                0x0000000008008562                __aeabi_memcpy
                0x0000000008008562                memcpy
                0x000000000800856e                __aeabi_memcpy8
                0x000000000800856e                __aeabi_memcpy4
 .text.libc.memset
                0x00000000080085b4       0x66 C:/Program Files/SEGGER/SEGGER Embedded Studio for ARM 4.22/lib/libc_v7em_fpv5_sp_d16_hard_t_le_eabi.a(libc2_asm.o)
                0x00000000080085b4                memset
 .text.libc.strcpy
                0x000000000800861a       0x44 C:/Program Files/SEGGER/SEGGER Embedded Studio for ARM 4.22/lib/libc_v7em_fpv5_sp_d16_hard_t_le_eabi.a(libc2_asm.o)
                0x000000000800861a                strcpy
 .text.libc.strlen
                0x000000000800865e       0x60 C:/Program Files/SEGGER/SEGGER Embedded Studio for ARM 4.22/lib/libc_v7em_fpv5_sp_d16_hard_t_le_eabi.a(libc2_asm.o)
                0x000000000800865e                strlen
 .text.libc.__int64_udivmod
                0x00000000080086be       0xce C:/Program Files/SEGGER/SEGGER Embedded Studio for ARM 4.22/lib/libc_v7em_fpv5_sp_d16_hard_t_le_eabi.a(libc_asm.o)
                0x00000000080086be                __aeabi_uldivmod
                0x00000000080086be                __int64_udiv
                0x00000000080086be                __udivdi3
                0x00000000080086be                __int64_udivmod
 *fill*         0x000000000800878c        0x4 
 .text.libc.__vfprintf_float_long
                0x0000000008008790     0x11d0 C:/Program Files/SEGGER/SEGGER Embedded Studio for ARM 4.22/lib/libvfprintf_v7em_fpv5_sp_d16_hard_t_le_eabi.o
                0x0000000008008790                __vfprintf_float_long
                0x0000000008009960                __text_end__ = (__text_start__ + SIZEOF (.text))
                0x0000000000009548                __text_size__ = SIZEOF (.text)
                0x0000000008009960                __text_load_end__ = __text_end__

.vfp11_veneer   0x0000000100000000        0x0
 .vfp11_veneer  0x0000000100000000        0x0 linker stubs

.v4_bx          0x0000000100000000        0x0
 .v4_bx         0x0000000100000000        0x0 linker stubs

.iplt           0x0000000100000000        0x0
 .iplt          0x0000000100000000        0x0 Output/Skeleton Debug/Obj/system_stm32f7xx.o
                0x0000000000000001                . = ASSERT (((__text_start__ == __text_end__) || ((__text_end__ - __FLASH_segment_start__) <= __FLASH_segment_size__)), error: .text is too large to fit in FLASH memory segment)
                0x0000000008009960                __os_load_start__ = ALIGN (__text_end__, 0x4)

.os             0x0000000008009960        0x0
                0x0000000008009960                __os_start__ = .
 *(.os .os.*)
                0x0000000008009960                __os_end__ = (__os_start__ + SIZEOF (.os))
                0x0000000000000000                __os_size__ = SIZEOF (.os)
                0x0000000008009960                __os_load_end__ = __os_end__
                0x0000000000000001                . = ASSERT (((__os_start__ == __os_end__) || ((__os_end__ - __FLASH_segment_start__) <= __FLASH_segment_size__)), error: .os is too large to fit in FLASH memory segment)
                0x0000000008009960                __dtors_load_start__ = ALIGN (__os_end__, 0x4)

.dtors          0x0000000008009960        0x0
                0x0000000008009960                __dtors_start__ = .
 *(SORT_BY_NAME(.dtors.*))
 *(.dtors)
 *(.fini_array)
 *(SORT_BY_NAME(.fini_array.*))
                0x0000000008009960                __dtors_end__ = (__dtors_start__ + SIZEOF (.dtors))
                0x0000000000000000                __dtors_size__ = SIZEOF (.dtors)
                0x0000000008009960                __dtors_load_end__ = __dtors_end__
                0x0000000000000001                . = ASSERT (((__dtors_start__ == __dtors_end__) || ((__dtors_end__ - __FLASH_segment_start__) <= __FLASH_segment_size__)), error: .dtors is too large to fit in FLASH memory segment)
                0x0000000008009960                __ctors_load_start__ = ALIGN (__dtors_end__, 0x4)

.ctors          0x0000000008009960        0x0
                0x0000000008009960                __ctors_start__ = .
 *(SORT_BY_NAME(.ctors.*))
 *(.ctors)
 *(.init_array)
 *(SORT_BY_NAME(.init_array.*))
                0x0000000008009960                __ctors_end__ = (__ctors_start__ + SIZEOF (.ctors))
                0x0000000000000000                __ctors_size__ = SIZEOF (.ctors)
                0x0000000008009960                __ctors_load_end__ = __ctors_end__
                0x0000000000000001                . = ASSERT (((__ctors_start__ == __ctors_end__) || ((__ctors_end__ - __FLASH_segment_start__) <= __FLASH_segment_size__)), error: .ctors is too large to fit in FLASH memory segment)
                0x0000000008009960                __rodata_load_start__ = ALIGN (__ctors_end__, 0x4)

.rodata         0x0000000008009960     0xa790
                0x0000000008009960                __rodata_start__ = .
 *(.rodata .rodata.* .gnu.linkonce.r.*)
 .rodata.AHBPrescTable
                0x0000000008009960       0x10 Output/Skeleton Debug/Obj/system_stm32f7xx.o
                0x0000000008009960                AHBPrescTable
 .rodata        0x0000000008009970       0x17 Output/Skeleton Debug/Obj/SEGGER_RTT.o
 *fill*         0x0000000008009987        0x1 
 .rodata._abSync
                0x0000000008009988        0xa Output/Skeleton Debug/Obj/SEGGER_SYSVIEW.o
 *fill*         0x0000000008009992        0x2 
 .rodata        0x0000000008009994        0x8 Output/Skeleton Debug/Obj/SEGGER_SYSVIEW.o
 .rodata        0x000000000800999c       0x41 Output/Skeleton Debug/Obj/SEGGER_SYSVIEW_Config_FreeRTOS.o
 *fill*         0x00000000080099dd        0x3 
 .rodata        0x00000000080099e0       0x58 Output/Skeleton Debug/Obj/SEGGER_SYSVIEW_FreeRTOS.o
 .rodata.SYSVIEW_X_OS_TraceAPI
                0x0000000008009a38        0x8 Output/Skeleton Debug/Obj/SEGGER_SYSVIEW_FreeRTOS.o
                0x0000000008009a38                SYSVIEW_X_OS_TraceAPI
 .rodata        0x0000000008009a40      0x13b Output/Skeleton Debug/Obj/main.o
 *fill*         0x0000000008009b7b        0x1 
 .rodata        0x0000000008009b7c       0x6f Output/Skeleton Debug/Obj/BSP.o
 *fill*         0x0000000008009beb        0x1 
 .rodata.CSWTCH.33
                0x0000000008009bec        0x5 Release/spim.a(spim.o)
 *fill*         0x0000000008009bf1        0x3 
 .rodata.CSWTCH.34
                0x0000000008009bf4       0x14 Release/spim.a(spim.o)
 .rodata.CSWTCH.35
                0x0000000008009c08       0x14 Release/spim.a(spim.o)
 .rodata.DMA_ISR_HCIF
                0x0000000008009c1c       0x20 Output/Skeleton Debug/Obj/dma.o
 .rodata.DMA_ISR_TCIF
                0x0000000008009c3c       0x20 Output/Skeleton Debug/Obj/dma.o
 .rodata.DMA_ISR_TEIF
                0x0000000008009c5c       0x20 Output/Skeleton Debug/Obj/dma.o
 .rodata.DMA1_IRQN
                0x0000000008009c7c        0x8 Output/Skeleton Debug/Obj/dma.o
 .rodata.DMA2_IRQN
                0x0000000008009c84        0x8 Output/Skeleton Debug/Obj/dma.o
 .rodata        0x0000000008009c8c       0x67 Output/Skeleton Debug/Obj/dma.o
 *fill*         0x0000000008009cf3        0x1 
 .rodata        0x0000000008009cf4       0x59 Output/Skeleton Debug/Obj/port.o
 *fill*         0x0000000008009d4d        0x3 
 .rodata        0x0000000008009d50       0x5a Output/Skeleton Debug/Obj/queue.o
 *fill*         0x0000000008009daa        0x2 
 .rodata        0x0000000008009dac       0x9b Output/Skeleton Debug/Obj/RTOS.o
 *fill*         0x0000000008009e47        0x1 
 .rodata        0x0000000008009e48       0x61 Output/Skeleton Debug/Obj/tasks.o
 *fill*         0x0000000008009ea9        0x3 
 .rodata        0x0000000008009eac       0x69 Output/Skeleton Debug/Obj/timers.o
 *fill*         0x0000000008009f15        0x3 
 .rodata        0x0000000008009f18       0x77 Output/Skeleton Debug/Obj/LCD_ST7735R.o
 *fill*         0x0000000008009f8f        0x1 
 .rodata._acsnakegame
                0x0000000008009f90     0xa000 Output/Skeleton Debug/Obj/snakelogo.o
 .rodata.bmsnakegame
                0x0000000008013f90       0x14 Output/Skeleton Debug/Obj/snakelogo.o
                0x0000000008013f90                bmsnakegame
 .rodata.libc.__float64_nan
                0x0000000008013fa4        0x8 C:/Program Files/SEGGER/SEGGER Embedded Studio for ARM 4.22/lib/libm_v7em_fpv5_sp_d16_hard_t_le_eabi.a(libm_asm.o)
                0x0000000008013fa4                __float64_nan
 .rodata.libc.__RAL_hex_lc
                0x0000000008013fac       0x10 C:/Program Files/SEGGER/SEGGER Embedded Studio for ARM 4.22/lib/libc_v7em_fpv5_sp_d16_hard_t_le_eabi.a(libc2.o)
                0x0000000008013fac                __RAL_hex_lc
 .rodata.libc.__RAL_hex_uc
                0x0000000008013fbc       0x10 C:/Program Files/SEGGER/SEGGER Embedded Studio for ARM 4.22/lib/libc_v7em_fpv5_sp_d16_hard_t_le_eabi.a(libc2.o)
                0x0000000008013fbc                __RAL_hex_uc
 .rodata.libc.__aeabi_EDOM
                0x0000000008013fcc        0x4 C:/Program Files/SEGGER/SEGGER Embedded Studio for ARM 4.22/lib/libc_v7em_fpv5_sp_d16_hard_t_le_eabi.a(libc2.o)
                0x0000000008013fcc                __aeabi_EDOM
 .rodata.libc.__aeabi_ERANGE
                0x0000000008013fd0        0x4 C:/Program Files/SEGGER/SEGGER Embedded Studio for ARM 4.22/lib/libc_v7em_fpv5_sp_d16_hard_t_le_eabi.a(libc2.o)
                0x0000000008013fd0                __aeabi_ERANGE
 *fill*         0x0000000008013fd4        0x4 
 .rodata.libc.power
                0x0000000008013fd8       0x48 C:/Program Files/SEGGER/SEGGER Embedded Studio for ARM 4.22/lib/libc_v7em_fpv5_sp_d16_hard_t_le_eabi.a(libc2.o)
 .rodata.libc.__vfprintf_float_long.str1.4
                0x0000000008014020       0x28 C:/Program Files/SEGGER/SEGGER Embedded Studio for ARM 4.22/lib/libvfprintf_v7em_fpv5_sp_d16_hard_t_le_eabi.o
 .rodata.libc.__vfprintf_int.str1.4
                0x0000000008014048        0x8 C:/Program Files/SEGGER/SEGGER Embedded Studio for ARM 4.22/lib/libvfprintf_v7em_fpv5_sp_d16_hard_t_le_eabi.o
                                          0x7 (size before relaxing)
 .rodata.libc.ipow10
                0x0000000008014050       0xa0 C:/Program Files/SEGGER/SEGGER Embedded Studio for ARM 4.22/lib/libvfprintf_v7em_fpv5_sp_d16_hard_t_le_eabi.o
                0x00000000080140f0                __rodata_end__ = (__rodata_start__ + SIZEOF (.rodata))
                0x000000000000a790                __rodata_size__ = SIZEOF (.rodata)
                0x00000000080140f0                __rodata_load_end__ = __rodata_end__

.rel.dyn        0x0000000008000000        0x0
 .rel.iplt      0x0000000008000000        0x0 Output/Skeleton Debug/Obj/system_stm32f7xx.o
                0x0000000000000001                . = ASSERT (((__rodata_start__ == __rodata_end__) || ((__rodata_end__ - __FLASH_segment_start__) <= __FLASH_segment_size__)), error: .rodata is too large to fit in FLASH memory segment)
                0x00000000080140f0                __ARM.exidx_load_start__ = ALIGN (__rodata_end__, 0x4)

.ARM.exidx      0x00000000080140f0        0x0
                0x00000000080140f0                __ARM.exidx_start__ = .
                0x00000000080140f0                __exidx_start = __ARM.exidx_start__
 *(.ARM.exidx .ARM.exidx.*)
                0x00000000080140f0                __ARM.exidx_end__ = (__ARM.exidx_start__ + SIZEOF (.ARM.exidx))
                0x0000000000000000                __ARM.exidx_size__ = SIZEOF (.ARM.exidx)
                0x00000000080140f0                __exidx_end = __ARM.exidx_end__
                0x00000000080140f0                __ARM.exidx_load_end__ = __ARM.exidx_end__
                0x0000000000000001                . = ASSERT (((__ARM.exidx_start__ == __ARM.exidx_end__) || ((__ARM.exidx_end__ - __FLASH_segment_start__) <= __FLASH_segment_size__)), error: .ARM.exidx is too large to fit in FLASH memory segment)
                0x00000000080140f0                __fast_load_start__ = ALIGN (__ARM.exidx_end__, 0x4)

.fast           0x0000000020010000        0x0 load address 0x00000000080140f0
                0x0000000020010000                __fast_start__ = .
 *(.fast .fast.*)
                0x0000000020010000                __fast_end__ = (__fast_start__ + SIZEOF (.fast))
                0x0000000000000000                __fast_size__ = SIZEOF (.fast)
                0x00000000080140f0                __fast_load_end__ = (__fast_load_start__ + SIZEOF (.fast))
                0x0000000000000001                . = ASSERT (((__fast_load_start__ == __fast_load_end__) || ((__fast_load_end__ - __FLASH_segment_start__) <= __FLASH_segment_size__)), error: .fast is too large to fit in FLASH memory segment)

.fast_run       0x0000000020010000        0x0
                0x0000000020010000                __fast_run_start__ = .
                0x0000000020010000                . = MAX ((__fast_run_start__ + SIZEOF (.fast)), .)
                0x0000000020010000                __fast_run_end__ = (__fast_run_start__ + SIZEOF (.fast_run))
                0x0000000000000000                __fast_run_size__ = SIZEOF (.fast_run)
                0x0000000020010000                __fast_run_load_end__ = __fast_run_end__
                0x0000000000000001                . = ASSERT (((__fast_run_start__ == __fast_run_end__) || ((__fast_run_end__ - __RAM2_segment_start__) <= __RAM2_segment_size__)), error: .fast_run is too large to fit in RAM2 memory segment)
                0x00000000080140f0                __data_load_start__ = ALIGN ((__fast_load_start__ + SIZEOF (.fast)), 0x4)

.data           0x0000000020010000       0x6c load address 0x00000000080140f0
                0x0000000020010000                __data_start__ = .
 *(.data .data.* .gnu.linkonce.d.*)
 .data.SystemCoreClock
                0x0000000020010000        0x4 Output/Skeleton Debug/Obj/system_stm32f7xx.o
                0x0000000020010000                SystemCoreClock
 .data.g_nSysTick
                0x0000000020010004        0x4 Output/Skeleton Debug/Obj/main.o
 .data.xNavSwHandle
                0x0000000020010008        0x4 Output/Skeleton Debug/Obj/main.o
 .data.xLed1TaskHandle
                0x000000002001000c        0x4 Output/Skeleton Debug/Obj/main.o
 .data.xLed2TaskHandle
                0x0000000020010010        0x4 Output/Skeleton Debug/Obj/main.o
 .data.xSnakeTaskHandle
                0x0000000020010014        0x4 Output/Skeleton Debug/Obj/main.o
 .data.xScoreTaskHandle
                0x0000000020010018        0x4 Output/Skeleton Debug/Obj/main.o
 .data.Snake_FirstTime
                0x000000002001001c        0x1 Output/Skeleton Debug/Obj/main.o
                0x000000002001001c                Snake_FirstTime
 *fill*         0x000000002001001d        0x3 
 .data.DMA1_STREAM_TABLE
                0x0000000020010020       0x20 Output/Skeleton Debug/Obj/dma.o
 .data.DMA2_STREAM_TABLE
                0x0000000020010040       0x20 Output/Skeleton Debug/Obj/dma.o
 .data.uxCriticalNesting
                0x0000000020010060        0x4 Output/Skeleton Debug/Obj/port.o
 .data.g_nScreenX
                0x0000000020010064        0x4 Output/Skeleton Debug/Obj/LCD_ST7735R.o
 .data.g_nScreenY
                0x0000000020010068        0x4 Output/Skeleton Debug/Obj/LCD_ST7735R.o
                0x000000002001006c                __data_end__ = (__data_start__ + SIZEOF (.data))
                0x000000000000006c                __data_size__ = SIZEOF (.data)
                0x000000000801415c                __data_load_end__ = (__data_load_start__ + SIZEOF (.data))

.igot.plt       0x0000000100000000        0x0
 .igot.plt      0x0000000100000000        0x0 Output/Skeleton Debug/Obj/system_stm32f7xx.o
                0x0000000000000001                . = ASSERT (((__data_load_start__ == __data_load_end__) || ((__data_load_end__ - __FLASH_segment_start__) <= __FLASH_segment_size__)), error: .data is too large to fit in FLASH memory segment)

.data_run       0x0000000020010000       0x6c load address 0x00000000080140f0
                0x0000000020010000                __data_run_start__ = .
                0x000000002001006c                . = MAX ((__data_run_start__ + SIZEOF (.data)), .)
 *fill*         0x0000000020010000       0x6c 
                0x000000002001006c                __data_run_end__ = (__data_run_start__ + SIZEOF (.data_run))
                0x000000000000006c                __data_run_size__ = SIZEOF (.data_run)
                0x000000002001006c                __data_run_load_end__ = __data_run_end__
                0x0000000000000001                . = ASSERT (((__data_run_start__ == __data_run_end__) || ((__data_run_end__ - __RAM2_segment_start__) <= __RAM2_segment_size__)), error: .data_run is too large to fit in RAM2 memory segment)
                0x000000002001006c                __bss_load_start__ = ALIGN (__data_run_end__, 0x4)

.bss            0x000000002001006c     0x4ce0
                0x000000002001006c                __bss_start__ = .
 *(.bss .bss.* .gnu.linkonce.b.*)
 .bss._SEGGER_RTT
                0x000000002001006c       0xa8 Output/Skeleton Debug/Obj/SEGGER_RTT.o
                0x000000002001006c                _SEGGER_RTT
 .bss._acUpBuffer
                0x0000000020010114      0x400 Output/Skeleton Debug/Obj/SEGGER_RTT.o
 .bss._acDownBuffer
                0x0000000020010514       0x10 Output/Skeleton Debug/Obj/SEGGER_RTT.o
 .bss._UpBuffer
                0x0000000020010524      0x400 Output/Skeleton Debug/Obj/SEGGER_SYSVIEW.o
 .bss._DownBuffer
                0x0000000020010924        0x8 Output/Skeleton Debug/Obj/SEGGER_SYSVIEW.o
 .bss._SYSVIEW_Globals
                0x000000002001092c       0x28 Output/Skeleton Debug/Obj/SEGGER_SYSVIEW.o
 .bss._pFirstModule
                0x0000000020010954        0x4 Output/Skeleton Debug/Obj/SEGGER_SYSVIEW.o
 .bss._NumModules
                0x0000000020010958        0x1 Output/Skeleton Debug/Obj/SEGGER_SYSVIEW.o
 *fill*         0x0000000020010959        0x3 
 .bss._aPacket  0x000000002001095c       0xe3 Output/Skeleton Debug/Obj/SEGGER_SYSVIEW.o
 *fill*         0x0000000020010a3f        0x1 
 .bss._aTasks   0x0000000020010a40       0xa0 Output/Skeleton Debug/Obj/SEGGER_SYSVIEW_FreeRTOS.o
 .bss._NumTasks
                0x0000000020010ae0        0x4 Output/Skeleton Debug/Obj/SEGGER_SYSVIEW_FreeRTOS.o
 .bss.g_bSysTickReady
                0x0000000020010ae4        0x4 Output/Skeleton Debug/Obj/main.o
 .bss.xSysInitTCB
                0x0000000020010ae8       0x58 Output/Skeleton Debug/Obj/main.o
 .bss.xLed1TCB  0x0000000020010b40       0x58 Output/Skeleton Debug/Obj/main.o
 .bss.xLed2TCB  0x0000000020010b98       0x58 Output/Skeleton Debug/Obj/main.o
 .bss.xSnakeTCB
                0x0000000020010bf0       0x58 Output/Skeleton Debug/Obj/main.o
 .bss.xScoreTCB
                0x0000000020010c48       0x58 Output/Skeleton Debug/Obj/main.o
 .bss.xSysInitStack
                0x0000000020010ca0      0xc80 Output/Skeleton Debug/Obj/main.o
 .bss.xLed1Stack
                0x0000000020011920      0x4b0 Output/Skeleton Debug/Obj/main.o
 .bss.xLed2Stack
                0x0000000020011dd0      0x4b0 Output/Skeleton Debug/Obj/main.o
 .bss.xSnakeStack
                0x0000000020012280      0x7d0 Output/Skeleton Debug/Obj/main.o
 .bss.xScoreStack
                0x0000000020012a50      0x7d0 Output/Skeleton Debug/Obj/main.o
 .bss.g_SpimLcdHandle
                0x0000000020013220       0x40 Output/Skeleton Debug/Obj/main.o
 .bss.g_Dma1Spi2TxHandle
                0x0000000020013260       0x20 Output/Skeleton Debug/Obj/main.o
 .bss.g_Dma1Spi2RxHandle
                0x0000000020013280       0x20 Output/Skeleton Debug/Obj/main.o
 .bss.xsysInitHandle
                0x00000000200132a0        0x4 Output/Skeleton Debug/Obj/main.o
 .bss.g_Xres    0x00000000200132a4        0x4 Output/Skeleton Debug/Obj/main.o
 .bss.g_Yres    0x00000000200132a8        0x4 Output/Skeleton Debug/Obj/main.o
 .bss.TM_USB_HIDHOST_INT_Keyboard
                0x00000000200132ac        0x2 Output/Skeleton Debug/Obj/main.o
 *fill*         0x00000000200132ae        0x2 
 .bss.Keyboard  0x00000000200132b0        0x2 Output/Skeleton Debug/Obj/main.o
                0x00000000200132b0                Keyboard
 *fill*         0x00000000200132b2        0x2 
 .bss.Random    0x00000000200132b4        0x2 Output/Skeleton Debug/Obj/main.o
                0x00000000200132b4                Random
 *fill*         0x00000000200132b6        0x2 
 .bss.Snake_Food
                0x00000000200132b8        0x2 Output/Skeleton Debug/Obj/main.o
                0x00000000200132b8                Snake_Food
 *fill*         0x00000000200132ba        0x2 
 .bss.Snake_Head
                0x00000000200132bc        0x2 Output/Skeleton Debug/Obj/main.o
                0x00000000200132bc                Snake_Head
 *fill*         0x00000000200132be        0x2 
 .bss.Snake_Head_Last
                0x00000000200132c0        0x2 Output/Skeleton Debug/Obj/main.o
                0x00000000200132c0                Snake_Head_Last
 *fill*         0x00000000200132c2        0x2 
 .bss.Snake_Foot
                0x00000000200132c4        0x2 Output/Skeleton Debug/Obj/main.o
                0x00000000200132c4                Snake_Foot
 .bss.GameOver  0x00000000200132c6        0x1 Output/Skeleton Debug/Obj/main.o
                0x00000000200132c6                GameOver
 .bss.GameOverDisplay
                0x00000000200132c7        0x1 Output/Skeleton Debug/Obj/main.o
                0x00000000200132c7                GameOverDisplay
 .bss.Buffer    0x00000000200132c8       0x32 Output/Skeleton Debug/Obj/main.o
                0x00000000200132c8                Buffer
 *fill*         0x00000000200132fa        0x2 
 .bss.g_GameStart
                0x00000000200132fc        0x4 Output/Skeleton Debug/Obj/main.o
                0x00000000200132fc                g_GameStart
 .bss.Snake     0x0000000020013300      0x550 Output/Skeleton Debug/Obj/main.o
                0x0000000020013300                Snake
 .bss.Snake1    0x0000000020013850      0x550 Output/Skeleton Debug/Obj/main.o
                0x0000000020013850                Snake1
 .bss.Settings  0x0000000020013da0        0xc Output/Skeleton Debug/Obj/main.o
                0x0000000020013da0                Settings
 .bss.Settings1
                0x0000000020013dac        0xc Output/Skeleton Debug/Obj/main.o
                0x0000000020013dac                Settings1
 .bss.g_pSpiIrqhandles
                0x0000000020013db8       0x14 Release/spim.a(spim.o)
 .bss.g_pDma1IrqHandles
                0x0000000020013dcc       0x20 Output/Skeleton Debug/Obj/dma.o
 .bss.g_pDma2IrqHandles
                0x0000000020013dec       0x20 Output/Skeleton Debug/Obj/dma.o
 .bss.ucMaxSysCallPriority
                0x0000000020013e0c        0x1 Output/Skeleton Debug/Obj/port.o
 *fill*         0x0000000020013e0d        0x3 
 .bss.ulMaxPRIGROUPValue
                0x0000000020013e10        0x4 Output/Skeleton Debug/Obj/port.o
 .bss.xQueueRegistry
                0x0000000020013e14       0x40 Output/Skeleton Debug/Obj/queue.o
                0x0000000020013e14                xQueueRegistry
 .bss.xTimerTCB
                0x0000000020013e54       0x58 Output/Skeleton Debug/Obj/RTOS.o
 .bss.xTimerStack
                0x0000000020013eac      0x320 Output/Skeleton Debug/Obj/RTOS.o
 .bss.xIdleTCB  0x00000000200141cc       0x58 Output/Skeleton Debug/Obj/RTOS.o
 .bss.xIldeStack
                0x0000000020014224      0x320 Output/Skeleton Debug/Obj/RTOS.o
 .bss.pxCurrentTCB
                0x0000000020014544        0x4 Output/Skeleton Debug/Obj/tasks.o
                0x0000000020014544                pxCurrentTCB
 .bss.pxReadyTasksLists
                0x0000000020014548       0xc8 Output/Skeleton Debug/Obj/tasks.o
 .bss.xDelayedTaskList1
                0x0000000020014610       0x14 Output/Skeleton Debug/Obj/tasks.o
 .bss.xDelayedTaskList2
                0x0000000020014624       0x14 Output/Skeleton Debug/Obj/tasks.o
 .bss.pxDelayedTaskList
                0x0000000020014638        0x4 Output/Skeleton Debug/Obj/tasks.o
 .bss.pxOverflowDelayedTaskList
                0x000000002001463c        0x4 Output/Skeleton Debug/Obj/tasks.o
 .bss.xPendingReadyList
                0x0000000020014640       0x14 Output/Skeleton Debug/Obj/tasks.o
 .bss.xTasksWaitingTermination
                0x0000000020014654       0x14 Output/Skeleton Debug/Obj/tasks.o
 .bss.uxDeletedTasksWaitingCleanUp
                0x0000000020014668        0x4 Output/Skeleton Debug/Obj/tasks.o
 .bss.xSuspendedTaskList
                0x000000002001466c       0x14 Output/Skeleton Debug/Obj/tasks.o
 .bss.uxCurrentNumberOfTasks
                0x0000000020014680        0x4 Output/Skeleton Debug/Obj/tasks.o
 .bss.xTickCount
                0x0000000020014684        0x4 Output/Skeleton Debug/Obj/tasks.o
 .bss.uxTopReadyPriority
                0x0000000020014688        0x4 Output/Skeleton Debug/Obj/tasks.o
 .bss.xSchedulerRunning
                0x000000002001468c        0x4 Output/Skeleton Debug/Obj/tasks.o
 .bss.uxPendedTicks
                0x0000000020014690        0x4 Output/Skeleton Debug/Obj/tasks.o
 .bss.xYieldPending
                0x0000000020014694        0x4 Output/Skeleton Debug/Obj/tasks.o
 .bss.xNumOfOverflows
                0x0000000020014698        0x4 Output/Skeleton Debug/Obj/tasks.o
 .bss.uxTaskNumber
                0x000000002001469c        0x4 Output/Skeleton Debug/Obj/tasks.o
 .bss.xNextTaskUnblockTime
                0x00000000200146a0        0x4 Output/Skeleton Debug/Obj/tasks.o
 .bss.xIdleTaskHandle
                0x00000000200146a4        0x4 Output/Skeleton Debug/Obj/tasks.o
 .bss.uxSchedulerSuspended
                0x00000000200146a8        0x4 Output/Skeleton Debug/Obj/tasks.o
 .bss.xActiveTimerList1
                0x00000000200146ac       0x14 Output/Skeleton Debug/Obj/timers.o
 .bss.xActiveTimerList2
                0x00000000200146c0       0x14 Output/Skeleton Debug/Obj/timers.o
 .bss.pxCurrentTimerList
                0x00000000200146d4        0x4 Output/Skeleton Debug/Obj/timers.o
 .bss.pxOverflowTimerList
                0x00000000200146d8        0x4 Output/Skeleton Debug/Obj/timers.o
 .bss.xTimerQueue
                0x00000000200146dc        0x4 Output/Skeleton Debug/Obj/timers.o
 .bss.xTimerTaskHandle
                0x00000000200146e0        0x4 Output/Skeleton Debug/Obj/timers.o
 .bss.xLastTime.6424
                0x00000000200146e4        0x4 Output/Skeleton Debug/Obj/timers.o
 .bss.ucStaticTimerQueueStorage.6471
                0x00000000200146e8      0x400 Output/Skeleton Debug/Obj/timers.o
 .bss.xStaticTimerQueue.6470
                0x0000000020014ae8       0x54 Output/Skeleton Debug/Obj/timers.o
 .bss.g_pSpimHandle
                0x0000000020014b3c        0x4 Output/Skeleton Debug/Obj/LCD_ST7735R.o
 .bss.g_bSpiDone
                0x0000000020014b40        0x4 Output/Skeleton Debug/Obj/LCD_ST7735R.o
 .bss.g_pfLcdCbTransferDone
                0x0000000020014b44        0x4 Output/Skeleton Debug/Obj/LCD_ST7735R.o
 .bss.g_aTxBuf  0x0000000020014b48      0x200 Output/Skeleton Debug/Obj/LCD_ST7735R.o
 .bss.libc.__user_format_extender
                0x0000000020014d48        0x4 C:/Program Files/SEGGER/SEGGER Embedded Studio for ARM 4.22/lib/libc_v7em_fpv5_sp_d16_hard_t_le_eabi.a(libc2.o)
                0x0000000020014d48                __user_format_extender
 *(COMMON)
                0x0000000020014d4c                __bss_end__ = (__bss_start__ + SIZEOF (.bss))
                0x0000000000004ce0                __bss_size__ = SIZEOF (.bss)
                0x0000000020014d4c                __bss_load_end__ = __bss_end__
                0x0000000000000001                . = ASSERT (((__bss_start__ == __bss_end__) || ((__bss_end__ - __RAM2_segment_start__) <= __RAM2_segment_size__)), error: .bss is too large to fit in RAM2 memory segment)
                0x0000000020014d4c                __tbss_load_start__ = ALIGN (__bss_end__, 0x4)

.tbss           0x0000000020014d4c        0x4
                0x0000000020014d4c                __tbss_start__ = .
 *(.tbss .tbss.*)
 .tbss.errno_val
                0x0000000020014d4c        0x4 C:/Program Files/SEGGER/SEGGER Embedded Studio for ARM 4.22/lib/libc_v7em_fpv5_sp_d16_hard_t_le_eabi.a(libc2.o)
                0x0000000020014d50                __tbss_end__ = (__tbss_start__ + SIZEOF (.tbss))
                0x0000000000000004                __tbss_size__ = SIZEOF (.tbss)
                0x0000000020014d50                __tbss_load_end__ = __tbss_end__
                0x0000000000000001                . = ASSERT (((__tbss_start__ == __tbss_end__) || ((__tbss_end__ - __RAM2_segment_start__) <= __RAM2_segment_size__)), error: .tbss is too large to fit in RAM2 memory segment)
                0x000000000801415c                __tdata_load_start__ = ALIGN ((__data_load_start__ + SIZEOF (.data)), 0x4)

.tdata          0x0000000020014d50        0x0 load address 0x000000000801415c
                0x0000000020014d50                __tdata_start__ = .
 *(.tdata .tdata.*)
                0x0000000020014d50                __tdata_end__ = (__tdata_start__ + SIZEOF (.tdata))
                0x0000000000000000                __tdata_size__ = SIZEOF (.tdata)
                0x000000000801415c                __tdata_load_end__ = (__tdata_load_start__ + SIZEOF (.tdata))
                0x000000000801415c                __FLASH_segment_used_end__ = (ALIGN ((__data_load_start__ + SIZEOF (.data)), 0x4) + SIZEOF (.tdata))
                0x000000000001415c                __FLASH_segment_used_size__ = (__FLASH_segment_used_end__ - __FLASH_segment_start__)
                0x0000000000000001                . = ASSERT (((__tdata_load_start__ == __tdata_load_end__) || ((__tdata_load_end__ - __FLASH_segment_start__) <= __FLASH_segment_size__)), error: .tdata is too large to fit in FLASH memory segment)

.tdata_run      0x0000000020014d50        0x0
                0x0000000020014d50                __tdata_run_start__ = .
                0x0000000020014d50                . = MAX ((__tdata_run_start__ + SIZEOF (.tdata)), .)
                0x0000000020014d50                __tdata_run_end__ = (__tdata_run_start__ + SIZEOF (.tdata_run))
                0x0000000000000000                __tdata_run_size__ = SIZEOF (.tdata_run)
                0x0000000020014d50                __tdata_run_load_end__ = __tdata_run_end__
                0x0000000000000001                . = ASSERT (((__tdata_run_start__ == __tdata_run_end__) || ((__tdata_run_end__ - __RAM2_segment_start__) <= __RAM2_segment_size__)), error: .tdata_run is too large to fit in RAM2 memory segment)
                0x0000000020014d50                __non_init_load_start__ = ALIGN (__tdata_run_end__, 0x4)

.non_init       0x0000000020014d50        0x0
                0x0000000020014d50                __non_init_start__ = .
 *(.non_init .non_init.*)
                0x0000000020014d50                __non_init_end__ = (__non_init_start__ + SIZEOF (.non_init))
                0x0000000000000000                __non_init_size__ = SIZEOF (.non_init)
                0x0000000020014d50                __non_init_load_end__ = __non_init_end__
                0x0000000000000001                . = ASSERT (((__non_init_start__ == __non_init_end__) || ((__non_init_end__ - __RAM2_segment_start__) <= __RAM2_segment_size__)), error: .non_init is too large to fit in RAM2 memory segment)
                0x0000000020014d50                __heap_load_start__ = ALIGN (__non_init_end__, 0x4)

.heap           0x0000000020014d50      0x200
                0x0000000020014d50                __heap_start__ = .
 *(.heap .heap.*)
                0x0000000020014f50                . = ALIGN (MAX ((__heap_start__ + __HEAPSIZE__), .), 0x4)
 *fill*         0x0000000020014d50      0x200 
                0x0000000020014f50                __heap_end__ = (__heap_start__ + SIZEOF (.heap))
                0x0000000000000200                __heap_size__ = SIZEOF (.heap)
                0x0000000020014f50                __heap_load_end__ = __heap_end__
                0x0000000000000001                . = ASSERT (((__heap_start__ == __heap_end__) || ((__heap_end__ - __RAM2_segment_start__) <= __RAM2_segment_size__)), error: .heap is too large to fit in RAM2 memory segment)
                0x000000002004fc00                __stack_load_start__ = (__RAM2_segment_start__ + (__RAM2_segment_size__ - 0x400))

.stack          0x000000002004fc00      0x400
                0x000000002004fc00                __stack_start__ = .
 *(.stack .stack.*)
                0x0000000020050000                . = ALIGN (MAX ((__stack_start__ + __STACKSIZE__), .), 0x8)
 *fill*         0x000000002004fc00      0x400 
                0x0000000020050000                __stack_end__ = (__stack_start__ + SIZEOF (.stack))
                0x0000000000000400                __stack_size__ = SIZEOF (.stack)
                0x0000000020050000                __stack_load_end__ = __stack_end__
                0x0000000000000001                . = ASSERT (((__stack_start__ == __stack_end__) || ((__stack_end__ - __RAM2_segment_start__) <= __RAM2_segment_size__)), error: .stack is too large to fit in RAM2 memory segment)
                0x0000000000000001                . = ASSERT ((__heap_end__ <= __stack_start__), error: section .heap overlaps absolute placed section .stack)
                0x0000000020050000                __stack_process_load_start__ = ALIGN (__stack_end__, 0x8)

.stack_process  0x0000000020050000        0x0
                0x0000000020050000                __stack_process_start__ = .
 *(.stack_process .stack_process.*)
                0x0000000020050000                . = ALIGN (MAX ((__stack_process_start__ + __STACKSIZE_PROCESS__), .), 0x8)
                0x0000000020050000                __stack_process_end__ = (__stack_process_start__ + SIZEOF (.stack_process))
                0x0000000000000000                __stack_process_size__ = SIZEOF (.stack_process)
                0x0000000020050000                __stack_process_load_end__ = __stack_process_end__
                0x0000000020050000                __RAM2_segment_used_end__ = (ALIGN (__stack_end__, 0x8) + SIZEOF (.stack_process))