Component: ARM Compiler 5.06 update 6 (build 750) Tool: armlink [4d35ed]

==============================================================================

Section Cross References

    main.o(i.GUI_AppDraw) refers to _printf_percent.o(.ARM.Collect$$_printf_percent$$00000000) for _printf_percent
    main.o(i.GUI_AppDraw) refers to _printf_d.o(.ARM.Collect$$_printf_percent$$00000009) for _printf_d
    main.o(i.GUI_AppDraw) refers to _printf_dec.o(.text) for _printf_int_dec
    main.o(i.GUI_AppDraw) refers to gui.o(i.GUI_Clear) for GUI_Clear
    main.o(i.GUI_AppDraw) refers to main.o(i.I2C_Recv2) for I2C_Recv2
    main.o(i.GUI_AppDraw) refers to main.o(i.parseTemp) for parseTemp
    main.o(i.GUI_AppDraw) refers to gui.o(i.GUI_SetFont) for GUI_SetFont
    main.o(i.GUI_AppDraw) refers to gui.o(i.GUI_PrintString) for GUI_PrintString
    main.o(i.GUI_AppDraw) refers to noretval__2sprintf.o(.text) for __2sprintf
    main.o(i.GUI_AppDraw) refers to gui.o(i.GUI_DrawBitmap) for GUI_DrawBitmap
    main.o(i.GUI_AppDraw) refers to gui.o(i.GUI_SetColor) for GUI_SetColor
    main.o(i.GUI_AppDraw) refers to gui.o(i.GUI_DrawFilledRect) for GUI_DrawFilledRect
    main.o(i.GUI_AppDraw) refers to font_calibri10.o(.constdata) for g_sFontCalibri10
    main.o(i.GUI_AppDraw) refers to main.o(.data) for g_I2CStatus
    main.o(i.GUI_AppDraw) refers to font_calibri24.o(.constdata) for g_sFontCalibri24
    main.o(i.GUI_AppDraw) refers to bmps.o(.constdata) for temp
    main.o(i.SsiInit) refers to main.o(i.__NVIC_SetPriority) for __NVIC_SetPriority
    main.o(i.SsiInit) refers to spim.o(i.SpimInit) for SpimInit
    main.o(i.SsiInit) refers to main.o(.bss) for g_SpimHandle
    main.o(i.SysTick_Handler) refers to main.o(.data) for g_nLCD
    main.o(i.main) refers to pll.o(i.PLL_Init) for PLL_Init
    main.o(i.main) refers to main.o(i.__NVIC_SetPriority) for __NVIC_SetPriority
    main.o(i.main) refers to hal.o(i.PortInit) for PortInit
    main.o(i.main) refers to main.o(i.SsiInit) for SsiInit
    main.o(i.main) refers to main.o(i.main_LcdInit) for main_LcdInit
    main.o(i.main) refers to i2c.o(i.I2C_Init) for I2C_Init
    main.o(i.main) refers to main.o(i.I2C_Send1) for I2C_Send1
    main.o(i.main) refers to main.o(i.I2C_Recv2) for I2C_Recv2
    main.o(i.main) refers to gui.o(i.GUI_Draw_Exe) for GUI_Draw_Exe
    main.o(i.main) refers to system_tm4c123.o(.data) for SystemCoreClock
    main.o(i.main) refers to main.o(.data) for g_I2CStatus
    main.o(i.main_LcdInit) refers to lcd_st7735r.o(i.LcdInit) for LcdInit
    main.o(i.main_LcdInit) refers to lcd_st7735r.o(i.LCD_GetSize) for LCD_GetSize
    main.o(i.main_LcdInit) refers to gui.o(i.GUI_Init) for GUI_Init
    main.o(i.main_LcdInit) refers to spim.o(i.SpimSetDataSize) for SpimSetDataSize
    main.o(i.main_LcdInit) refers to gui.o(i.GUI_16BitPerPixel) for GUI_16BitPerPixel
    main.o(i.main_LcdInit) refers to lcd_st7735r.o(i.LCD_AddCallback) for LCD_AddCallback
    main.o(i.main_LcdInit) refers to gui.o(i.GUI_AddCbFrameEnd) for GUI_AddCbFrameEnd
    main.o(i.main_LcdInit) refers to main.o(.bss) for g_SpimHandle
    main.o(i.main_LcdInit) refers to main.o(i.main_cbLcdTransferDone) for main_cbLcdTransferDone
    main.o(i.main_LcdInit) refers to main.o(i.main_cbGuiFrameEnd) for main_cbGuiFrameEnd
    main.o(i.main_cbGuiFrameEnd) refers to main.o(.data) for g_bLcdFree
    main.o(i.main_cbLcdTransferDone) refers to main.o(.data) for g_bLcdFree
    spim.o(i.SSI0_Handler) refers to spim.o(i.SPI_Handler) for SPI_Handler
    spim.o(i.SSI0_Handler) refers to spim.o(.bss) for g_pSpiIrqhandles
    spim.o(i.SpimInit) refers to spim.o(.bss) for g_pSpiIrqhandles
    spim.o(i.SpimInit) refers to system_tm4c123.o(.data) for SystemCoreClock
    spim.o(i.SpimSetSpeed) refers to system_tm4c123.o(.data) for SystemCoreClock
    lcd_st7735r.o(i.LCD_AddCallback) refers to lcd_st7735r.o(.data) for g_pLcdCbDone
    lcd_st7735r.o(i.LCD_GetSize) refers to lcd_st7735r.o(.data) for g_nScreenX
    lcd_st7735r.o(i.LCD_Reset) refers to lcd_st7735r.o(i.lcd_WriteCmd) for lcd_WriteCmd
    lcd_st7735r.o(i.LCD_Reset) refers to lcd_st7735r.o(i.lcd_WriteMultipleByte) for lcd_WriteMultipleByte
    lcd_st7735r.o(i.LCD_Reset) refers to lcd_st7735r.o(.data) for g_nScreenX
    lcd_st7735r.o(i.LCD_WriteData8) refers to spim.o(i.SpimTransfer) for SpimTransfer
    lcd_st7735r.o(i.LCD_WriteData8) refers to lcd_st7735r.o(.data) for g_Data
    lcd_st7735r.o(i.LCD_WriteDataPixel) refers to spim.o(i.SpimTransfer) for SpimTransfer
    lcd_st7735r.o(i.LCD_WriteDataPixel) refers to lcd_st7735r.o(.data) for g_pSpimHandle
    lcd_st7735r.o(i.LcdInit) refers to spim.o(i.SpimAddCallbackTransferDone) for SpimAddCallbackTransferDone
    lcd_st7735r.o(i.LcdInit) refers to lcd_st7735r.o(i.lcd_Delayms) for lcd_Delayms
    lcd_st7735r.o(i.LcdInit) refers to lcd_st7735r.o(i.lcd_WriteCmd) for lcd_WriteCmd
    lcd_st7735r.o(i.LcdInit) refers to lcd_st7735r.o(i.lcd_WriteData) for lcd_WriteData
[...]
    startup_tm4c123.o(.text) refers to system_tm4c123.o(i.SystemInit) for SystemInit
    startup_tm4c123.o(.text) refers to __main.o(!!!main) for __main
    startup_tm4c123.o(.text) refers to startup_tm4c123.o(HEAP) for Heap_Mem
    startup_tm4c123.o(.text) refers to startup_tm4c123.o(STACK) for Stack_Mem
    system_tm4c123.o(i.SystemCoreClockUpdate) refers to system_tm4c123.o(i.getOscClk) for getOscClk
    system_tm4c123.o(i.SystemCoreClockUpdate) refers to system_tm4c123.o(.data) for SystemCoreClock
    font_calibri10.o(.constdata) refers to font_calibri10.o(.constdata) for g_pucCalibri10Data
    font_calibri24.o(.constdata) refers to font_calibri24.o(.constdata) for g_pucCalibri24Data
    gui.o(i.GUI_16BitPerPixel) refers to gui.o(.data) for .data
    gui.o(i.GUI_AddCbFrameEnd) refers to gui.o(.data) for .data
    gui.o(i.GUI_Clear) refers to gui.o(.data) for .data
    gui.o(i.GUI_DrawBitmap) refers to gui.o(i.GUI_WriteMem) for GUI_WriteMem
    gui.o(i.GUI_DrawBitmap) refers to gui.o(.data) for .data
    gui.o(i.GUI_DrawCircle) refers to gui.o(i.GUI_WriteMem) for GUI_WriteMem
    gui.o(i.GUI_DrawCircle) refers to gui.o(i.GUI_DrawHortLine) for GUI_DrawHortLine
    gui.o(i.GUI_DrawCircle) refers to gui.o(.data) for .data
    gui.o(i.GUI_DrawEx_Exe) refers to main.o(i.GUI_AppDraw) for GUI_AppDraw
    gui.o(i.GUI_DrawEx_Exe) refers to lcd_st7735r.o(i.LCD_WriteDataPixel) for LCD_WriteDataPixel
    gui.o(i.GUI_DrawEx_Exe) refers to gui.o(.data) for .data
    gui.o(i.GUI_DrawFilledRect) refers to gui.o(i.GUI_WriteMem) for GUI_WriteMem
    gui.o(i.GUI_DrawFilledRect) refers to gui.o(.data) for .data
    gui.o(i.GUI_DrawHortLine) refers to gui.o(i.GUI_WriteMem) for GUI_WriteMem
    gui.o(i.GUI_DrawHortLine) refers to gui.o(.data) for .data
    gui.o(i.GUI_DrawLine) refers to gui.o(i.GUI_DrawVertLine) for GUI_DrawVertLine
    gui.o(i.GUI_DrawLine) refers to gui.o(i.GUI_DrawHortLine) for GUI_DrawHortLine
    gui.o(i.GUI_DrawLine) refers to gui.o(i.GUI_WriteMem) for GUI_WriteMem
    gui.o(i.GUI_DrawLine) refers to gui.o(.data) for .data
    gui.o(i.GUI_DrawRect) refers to gui.o(i.GUI_DrawHortLine) for GUI_DrawHortLine
    gui.o(i.GUI_DrawRect) refers to gui.o(i.GUI_DrawVertLine) for GUI_DrawVertLine
    gui.o(i.GUI_DrawRect) refers to gui.o(.data) for .data
    gui.o(i.GUI_DrawVertLine) refers to gui.o(i.GUI_WriteMem) for GUI_WriteMem
    gui.o(i.GUI_DrawVertLine) refers to gui.o(.data) for .data
    gui.o(i.GUI_Draw_Exe) refers to main.o(i.GUI_AppDraw) for GUI_AppDraw
    gui.o(i.GUI_Draw_Exe) refers to lcd_st7735r.o(i.LCD_WriteDataPixel) for LCD_WriteDataPixel
    gui.o(i.GUI_Draw_Exe) refers to gui.o(.data) for .data
    gui.o(i.GUI_Init) refers to gui.o(.data) for .data
    gui.o(i.GUI_PrintChar) refers to gui.o(i.GUI_DrawHortLine) for GUI_DrawHortLine
    gui.o(i.GUI_PrintChar) refers to gui.o(i.GUI_WriteMem) for GUI_WriteMem
    gui.o(i.GUI_PrintChar) refers to gui.o(.data) for .data
    gui.o(i.GUI_PrintString) refers to strlen.o(.text) for strlen
    gui.o(i.GUI_PrintString) refers to gui.o(i.GUI_PrintChar) for GUI_PrintChar
    gui.o(i.GUI_PrintString) refers to gui.o(.data) for .data
    gui.o(i.GUI_SetColor) refers to gui.o(.data) for .data
    gui.o(i.GUI_SetFont) refers to gui.o(.data) for .data
    gui.o(i.GUI_SetFontBackColor) refers to gui.o(.data) for .data
    gui.o(i.GUI_SetPenWidth) refers to gui.o(.data) for .data
    gui.o(i.GUI_WriteMem) refers to gui.o(.data) for .data
    __2sprintf.o(.text) refers to _printf_char_common.o(.text) for _printf_char_common
    __2sprintf.o(.text) refers to _sputc.o(.text) for _sputc
    noretval__2sprintf.o(.text) refers to _printf_char_common.o(.text) for _printf_char_common
    noretval__2sprintf.o(.text) refers to _sputc.o(.text) for _sputc
    __printf.o(.text) refers to _printf_percent.o(.ARM.Collect$$_printf_percent$$00000000) for _printf_percent
    _printf_dec.o(.text) refers to _printf_intcommon.o(.text) for _printf_int_common
    __printf_flags.o(.text) refers to _printf_percent.o(.ARM.Collect$$_printf_percent$$00000000) for _printf_percent
    __printf_flags.o(.text) refers to __printf_flags.o(.constdata) for .constdata
    __printf_ss.o(.text) refers to _printf_percent.o(.ARM.Collect$$_printf_percent$$00000000) for _printf_percent
    __printf_flags_ss.o(.text) refers to _printf_percent.o(.ARM.Collect$$_printf_percent$$00000000) for _printf_percent
    __printf_flags_ss.o(.text) refers to __printf_flags_ss.o(.constdata) for .constdata
    __printf_wp.o(.text) refers to __printf_wp.o(i._is_digit) for _is_digit
    __printf_wp.o(.text) refers to _printf_percent.o(.ARM.Collect$$_printf_percent$$00000000) for _printf_percent
    __printf_flags_wp.o(.text) refers to __printf_wp.o(i._is_digit) for _is_digit
    __printf_flags_wp.o(.text) refers to _printf_percent.o(.ARM.Collect$$_printf_percent$$00000000) for _printf_percent
    __printf_flags_wp.o(.text) refers to __printf_flags_wp.o(.constdata) for .constdata
    __printf_ss_wp.o(.text) refers to __printf_wp.o(i._is_digit) for _is_digit
    __printf_ss_wp.o(.text) refers to _printf_percent.o(.ARM.Collect$$_printf_percent$$00000000) for _printf_percent
    __printf_flags_ss_wp.o(.text) refers to __printf_wp.o(i._is_digit) for _is_digit
    __printf_flags_ss_wp.o(.text) refers to _printf_percent.o(.ARM.Collect$$_printf_percent$$00000000) for _printf_percent
    __printf_flags_ss_wp.o(.text) refers to __printf_flags_ss_wp.o(.constdata) for .constdata
    _printf_d.o(.ARM.Collect$$_printf_percent$$00000009) refers (Weak) to _printf_dec.o(.text) for _printf_int_dec
    _printf_percent.o(.ARM.Collect$$_printf_percent$$00000000) refers (Special) to _printf_percent_end.o(.ARM.Collect$$_printf_percent$$00000017) for _printf_percent_end
    __main.o(!!!main) refers to __rtentry.o(.ARM.Collect$$rtentry$$00000000) for __rt_entry
    __rtentry.o(.ARM.Collect$$rtentry$$00000000) refers (Special) to __rtentry2.o(.ARM.Collect$$rtentry$$0000000A) for __rt_entry_li
    __rtentry.o(.ARM.Collect$$rtentry$$00000000) refers (Special) to __rtentry2.o(.ARM.Collect$$rtentry$$0000000D) for __rt_entry_main
    __rtentry.o(.ARM.Collect$$rtentry$$00000000) refers (Special) to __rtentry2.o(.ARM.Collect$$rtentry$$0000000C) for __rt_entry_postli_1
    __rtentry.o(.ARM.Collect$$rtentry$$00000000) refers (Special) to __rtentry2.o(.ARM.Collect$$rtentry$$00000009) for __rt_entry_postsh_1
    __rtentry.o(.ARM.Collect$$rtentry$$00000000) refers (Special) to __rtentry2.o(.ARM.Collect$$rtentry$$00000002) for __rt_entry_presh_1
    __rtentry.o(.ARM.Collect$$rtentry$$00000000) refers (Special) to __rtentry4.o(.ARM.Collect$$rtentry$$00000004) for __rt_entry_sh
    _printf_char_common.o(.text) refers to __printf.o(.text) for __printf
    __rtentry2.o(.ARM.Collect$$rtentry$$00000008) refers to boardinit2.o(.text) for _platform_post_stackheap_init
    __rtentry2.o(.ARM.Collect$$rtentry$$0000000A) refers to libinit.o(.ARM.Collect$$libinit$$00000000) for __rt_lib_init
    __rtentry2.o(.ARM.Collect$$rtentry$$0000000B) refers to boardinit3.o(.text) for _platform_post_lib_init
    __rtentry2.o(.ARM.Collect$$rtentry$$0000000D) refers to main.o(i.main) for main
    __rtentry2.o(.ARM.Collect$$rtentry$$0000000D) refers to exit.o(.text) for exit
    __rtentry2.o(.ARM.exidx) refers to __rtentry2.o(.ARM.Collect$$rtentry$$00000001) for .ARM.Collect$$rtentry$$00000001
    __rtentry2.o(.ARM.exidx) refers to __rtentry2.o(.ARM.Collect$$rtentry$$00000008) for .ARM.Collect$$rtentry$$00000008
    __rtentry2.o(.ARM.exidx) refers to __rtentry2.o(.ARM.Collect$$rtentry$$0000000A) for .ARM.Collect$$rtentry$$0000000A
    __rtentry2.o(.ARM.exidx) refers to __rtentry2.o(.ARM.Collect$$rtentry$$0000000B) for .ARM.Collect$$rtentry$$0000000B
    __rtentry2.o(.ARM.exidx) refers to __rtentry2.o(.ARM.Collect$$rtentry$$0000000D) for .ARM.Collect$$rtentry$$0000000D
    __rtentry4.o(.ARM.Collect$$rtentry$$00000004) refers to sys_stackheap_outer.o(.text) for __user_setup_stackheap
    __rtentry4.o(.ARM.exidx) refers to __rtentry4.o(.ARM.Collect$$rtentry$$00000004) for .ARM.Collect$$rtentry$$00000004
    sys_stackheap_outer.o(.text) refers to libspace.o(.text) for __user_perproc_libspace
    sys_stackheap_outer.o(.text) refers to startup_tm4c123.o(.text) for __user_initial_stackheap
    exit.o(.text) refers to rtexit.o(.ARM.Collect$$rtexit$$00000000) for __rt_exit
    libinit.o(.ARM.Collect$$libinit$$00000000) refers (Special) to libinit2.o(.ARM.Collect$$libinit$$0000002E) for __rt_lib_init_alloca_1
    libinit.o(.ARM.Collect$$libinit$$00000000) refers (Special) to libinit2.o(.ARM.Collect$$libinit$$0000002C) for __rt_lib_init_argv_1
    libinit.o(.ARM.Collect$$libinit$$00000000) refers (Special) to libinit2.o(.ARM.Collect$$libinit$$0000001B) for __rt_lib_init_atexit_1
    libinit.o(.ARM.Collect$$libinit$$00000000) refers (Special) to libinit2.o(.ARM.Collect$$libinit$$00000021) for __rt_lib_init_clock_1
    libinit.o(.ARM.Collect$$libinit$$00000000) refers (Special) to libinit2.o(.ARM.Collect$$libinit$$00000032) for __rt_lib_init_cpp_1
    libinit.o(.ARM.Collect$$libinit$$00000000) refers (Special) to libinit2.o(.ARM.Collect$$libinit$$00000030) for __rt_lib_init_exceptions_1
    libinit.o(.ARM.Collect$$libinit$$00000000) refers (Special) to libinit2.o(.ARM.Collect$$libinit$$00000001) for __rt_lib_init_fp_1
    libinit.o(.ARM.Collect$$libinit$$00000000) refers (Special) to libinit2.o(.ARM.Collect$$libinit$$0000001F) for __rt_lib_init_fp_trap_1
    libinit.o(.ARM.Collect$$libinit$$00000000) refers (Special) to libinit2.o(.ARM.Collect$$libinit$$00000023) for __rt_lib_init_getenv_1
    libinit.o(.ARM.Collect$$libinit$$00000000) refers (Special) to libinit2.o(.ARM.Collect$$libinit$$0000000A) for __rt_lib_init_heap_1
    libinit.o(.ARM.Collect$$libinit$$00000000) refers (Special) to libinit2.o(.ARM.Collect$$libinit$$00000011) for __rt_lib_init_lc_collate_1
    libinit.o(.ARM.Collect$$libinit$$00000000) refers (Special) to libinit2.o(.ARM.Collect$$libinit$$00000013) for __rt_lib_init_lc_ctype_1
    libinit.o(.ARM.Collect$$libinit$$00000000) refers (Special) to libinit2.o(.ARM.Collect$$libinit$$00000015) for __rt_lib_init_lc_monetary_1
    libinit.o(.ARM.Collect$$libinit$$00000000) refers (Special) to libinit2.o(.ARM.Collect$$libinit$$00000017) for __rt_lib_init_lc_numeric_1
    libinit.o(.ARM.Collect$$libinit$$00000000) refers (Special) to libinit2.o(.ARM.Collect$$libinit$$00000019) for __rt_lib_init_lc_time_1
    libinit.o(.ARM.Collect$$libinit$$00000000) refers (Special) to libinit2.o(.ARM.Collect$$libinit$$00000004) for __rt_lib_init_preinit_1
    libinit.o(.ARM.Collect$$libinit$$00000000) refers (Special) to libinit2.o(.ARM.Collect$$libinit$$0000000E) for __rt_lib_init_rand_1
    libinit.o(.ARM.Collect$$libinit$$00000000) refers (Special) to libinit2.o(.ARM.Collect$$libinit$$00000033) for __rt_lib_init_return
    libinit.o(.ARM.Collect$$libinit$$00000000) refers (Special) to libinit2.o(.ARM.Collect$$libinit$$0000001D) for __rt_lib_init_signal_1
    libinit.o(.ARM.Collect$$libinit$$00000000) refers (Special) to libinit2.o(.ARM.Collect$$libinit$$00000025) for __rt_lib_init_stdio_1
    libinit.o(.ARM.Collect$$libinit$$00000000) refers (Special) to libinit2.o(.ARM.Collect$$libinit$$0000000C) for __rt_lib_init_user_alloc_1
    libspace.o(.text) refers to libspace.o(.bss) for __libspace_start
    rtexit.o(.ARM.Collect$$rtexit$$00000000) refers (Special) to rtexit2.o(.ARM.Collect$$rtexit$$00000004) for __rt_exit_exit
    rtexit.o(.ARM.Collect$$rtexit$$00000000) refers (Special) to rtexit2.o(.ARM.Collect$$rtexit$$00000003) for __rt_exit_ls
    rtexit.o(.ARM.Collect$$rtexit$$00000000) refers (Special) to rtexit2.o(.ARM.Collect$$rtexit$$00000002) for __rt_exit_prels_1
    rtexit.o(.ARM.exidx) refers (Special) to rtexit2.o(.ARM.Collect$$rtexit$$00000004) for __rt_exit_exit
    rtexit.o(.ARM.exidx) refers (Special) to rtexit2.o(.ARM.Collect$$rtexit$$00000003) for __rt_exit_ls
    rtexit.o(.ARM.exidx) refers (Special) to rtexit2.o(.ARM.Collect$$rtexit$$00000002) for __rt_exit_prels_1
    rtexit.o(.ARM.exidx) refers to rtexit.o(.ARM.Collect$$rtexit$$00000000) for .ARM.Collect$$rtexit$$00000000
    libinit2.o(.ARM.Collect$$libinit$$00000001) refers to fpinit.o(x$fpl$fpinit) for _fp_init
    libinit2.o(.ARM.Collect$$libinit$$00000010) refers to libinit2.o(.ARM.Collect$$libinit$$0000000F) for .ARM.Collect$$libinit$$0000000F
    libinit2.o(.ARM.Collect$$libinit$$00000012) refers to libinit2.o(.ARM.Collect$$libinit$$0000000F) for .ARM.Collect$$libinit$$0000000F
    libinit2.o(.ARM.Collect$$libinit$$00000014) refers to libinit2.o(.ARM.Collect$$libinit$$0000000F) for .ARM.Collect$$libinit$$0000000F
    libinit2.o(.ARM.Collect$$libinit$$00000016) refers to libinit2.o(.ARM.Collect$$libinit$$0000000F) for .ARM.Collect$$libinit$$0000000F
    libinit2.o(.ARM.Collect$$libinit$$00000018) refers to libinit2.o(.ARM.Collect$$libinit$$0000000F) for .ARM.Collect$$libinit$$0000000F
    libinit2.o(.ARM.Collect$$libinit$$00000026) refers to argv_veneer.o(.emb_text) for __ARM_argv_veneer
    libinit2.o(.ARM.Collect$$libinit$$00000027) refers to argv_veneer.o(.emb_text) for __ARM_argv_veneer
    rtexit2.o(.ARM.Collect$$rtexit$$00000003) refers to libshutdown.o(.ARM.Collect$$libshutdown$$00000000) for __rt_lib_shutdown
    rtexit2.o(.ARM.Collect$$rtexit$$00000004) refers to sys_exit.o(.text) for _sys_exit
    rtexit2.o(.ARM.exidx) refers to rtexit2.o(.ARM.Collect$$rtexit$$00000001) for .ARM.Collect$$rtexit$$00000001
    rtexit2.o(.ARM.exidx) refers to rtexit2.o(.ARM.Collect$$rtexit$$00000003) for .ARM.Collect$$rtexit$$00000003
    rtexit2.o(.ARM.exidx) refers to rtexit2.o(.ARM.Collect$$rtexit$$00000004) for .ARM.Collect$$rtexit$$00000004
    argv_veneer.o(.emb_text) refers to no_argv.o(.text) for __ARM_get_argv
    sys_exit.o(.text) refers (Special) to use_no_semi.o(.text) for __I$use$semihosting
    sys_exit.o(.text) refers (Special) to indicate_semi.o(.text) for __semihosting_library_function
    _get_argv_nomalloc.o(.text) refers (Special) to hrguard.o(.text) for __heap_region$guard
    _get_argv_nomalloc.o(.text) refers to defsig_rtmem_outer.o(.text) for __rt_SIGRTMEM
    _get_argv_nomalloc.o(.text) refers to sys_command.o(.text) for _sys_command_string
    libshutdown.o(.ARM.Collect$$libshutdown$$00000000) refers (Special) to libshutdown2.o(.ARM.Collect$$libshutdown$$00000002) for __rt_lib_shutdown_cpp_1
    libshutdown.o(.ARM.Collect$$libshutdown$$00000000) refers (Special) to libshutdown2.o(.ARM.Collect$$libshutdown$$00000007) for __rt_lib_shutdown_fp_trap_1
    libshutdown.o(.ARM.Collect$$libshutdown$$00000000) refers (Special) to libshutdown2.o(.ARM.Collect$$libshutdown$$0000000F) for __rt_lib_shutdown_heap_1
    libshutdown.o(.ARM.Collect$$libshutdown$$00000000) refers (Special) to libshutdown2.o(.ARM.Collect$$libshutdown$$00000010) for __rt_lib_shutdown_return
    libshutdown.o(.ARM.Collect$$libshutdown$$00000000) refers (Special) to libshutdown2.o(.ARM.Collect$$libshutdown$$0000000A) for __rt_lib_shutdown_signal_1
    libshutdown.o(.ARM.Collect$$libshutdown$$00000000) refers (Special) to libshutdown2.o(.ARM.Collect$$libshutdown$$00000004) for __rt_lib_shutdown_stdio_1
    libshutdown.o(.ARM.Collect$$libshutdown$$00000000) refers (Special) to libshutdown2.o(.ARM.Collect$$libshutdown$$0000000C) for __rt_lib_shutdown_user_alloc_1
    sys_command.o(.text) refers (Special) to use_no_semi.o(.text) for __I$use$semihosting
    sys_command.o(.text) refers (Special) to indicate_semi.o(.text) for __semihosting_library_function
    defsig_rtmem_outer.o(.text) refers to defsig_rtmem_inner.o(.text) for __rt_SIGRTMEM_inner
    defsig_rtmem_outer.o(.text) refers to defsig_exit.o(.text) for __sig_exit
    defsig_rtmem_formal.o(.text) refers to rt_raise.o(.text) for __rt_raise
    rt_raise.o(.text) refers to __raise.o(.text) for __raise
    rt_raise.o(.text) refers to sys_exit.o(.text) for _sys_exit
    defsig_exit.o(.text) refers to sys_exit.o(.text) for _sys_exit
    defsig_rtmem_inner.o(.text) refers to defsig_general.o(.text) for __default_signal_display
    __raise.o(.text) refers to defsig.o(CL$$defsig) for __default_signal_handler
    defsig_general.o(.text) refers to sys_wrch.o(.text) for _ttywrch
    sys_wrch.o(.text) refers (Special) to use_no_semi.o(.text) for __I$use$semihosting
    sys_wrch.o(.text) refers (Special) to indicate_semi.o(.text) for __semihosting_library_function
    defsig.o(CL$$defsig) refers to defsig_rtmem_inner.o(.text) for __rt_SIGRTMEM_inner
    defsig_abrt_inner.o(.text) refers to defsig_general.o(.text) for __default_signal_display
    defsig_fpe_inner.o(.text) refers to defsig_general.o(.text) for __default_signal_display
    defsig_rtred_inner.o(.text) refers to defsig_general.o(.text) for __default_signal_display
    defsig_stak_inner.o(.text) refers to defsig_general.o(.text) for __default_signal_display
    defsig_pvfn_inner.o(.text) refers to defsig_general.o(.text) for __default_signal_display
    defsig_cppl_inner.o(.text) refers to defsig_general.o(.text) for __default_signal_display
    defsig_segv_inner.o(.text) refers to defsig_general.o(.text) for __default_signal_display
    defsig_other.o(.text) refers to defsig_general.o(.text) for __default_signal_display


==============================================================================

Removing Unused input sections from the image.

    Removing main.o(.rev16_text), (4 bytes).
    Removing main.o(.revsh_text), (4 bytes).
    Removing main.o(.rrx_text), (6 bytes).
    Removing pll.o(.rev16_text), (4 bytes).
    Removing pll.o(.revsh_text), (4 bytes).
    Removing pll.o(.rrx_text), (6 bytes).
    Removing i2c.o(.rev16_text), (4 bytes).
    Removing i2c.o(.revsh_text), (4 bytes).
    Removing i2c.o(.rrx_text), (6 bytes).
    Removing bsp.o(.rev16_text), (4 bytes).
    Removing bsp.o(.revsh_text), (4 bytes).
    Removing bsp.o(.rrx_text), (6 bytes).
    Removing hal.o(.rev16_text), (4 bytes).
    Removing hal.o(.revsh_text), (4 bytes).
    Removing hal.o(.rrx_text), (6 bytes).
    Removing spim.o(.rev16_text), (4 bytes).
    Removing spim.o(.revsh_text), (4 bytes).
    Removing spim.o(.rrx_text), (6 bytes).
    Removing spim.o(i.SpimSetSpeed), (116 bytes).
    Removing lcd_st7735r.o(.rev16_text), (4 bytes).
    Removing lcd_st7735r.o(.revsh_text), (4 bytes).
    Removing lcd_st7735r.o(.rrx_text), (6 bytes).
    Removing lcd_st7735r.o(i.LCD_Reset), (100 bytes).
    Removing lcd_st7735r.o(i.LCD_WriteData8), (104 bytes).
    Removing system_tm4c123.o(.rev16_text), (4 bytes).
    Removing system_tm4c123.o(.revsh_text), (4 bytes).
    Removing system_tm4c123.o(.rrx_text), (6 bytes).
    Removing system_tm4c123.o(i.SystemCoreClockUpdate), (196 bytes).
    Removing system_tm4c123.o(i.getOscClk), (244 bytes).
    Removing font_calibri10.o(.rev16_text), (4 bytes).
    Removing font_calibri10.o(.revsh_text), (4 bytes).
    Removing font_calibri10.o(.rrx_text), (6 bytes).
    Removing font_calibri24.o(.rev16_text), (4 bytes).
    Removing font_calibri24.o(.revsh_text), (4 bytes).
    Removing font_calibri24.o(.rrx_text), (6 bytes).
    Removing gui.o(.rev16_text), (4 bytes).
    Removing gui.o(.revsh_text), (4 bytes).
    Removing gui.o(.rrx_text), (6 bytes).
    Removing gui.o(i.GUI_DrawCircle), (568 bytes).
    Removing gui.o(i.GUI_DrawEx_Exe), (140 bytes).
    Removing gui.o(i.GUI_DrawLine), (292 bytes).
    Removing gui.o(i.GUI_DrawRect), (68 bytes).
    Removing gui.o(i.GUI_DrawVertLine), (96 bytes).
    Removing gui.o(i.GUI_SetFontBackColor), (36 bytes).
    Removing gui.o(i.GUI_SetPenWidth), (12 bytes).

45 unused section(s) (total 2126 bytes) removed from the image.

==============================================================================

Image Symbol Table

    Local Symbols

    Symbol Name                              Value     Ov Type        Size  Object(Section)

    RESET                                    0x00000000   Section      620  startup_tm4c123.o(RESET)
    ../clib/angel/boardlib.s                 0x00000000   Number         0  boardinit1.o ABSOLUTE
    ../clib/angel/boardlib.s                 0x00000000   Number         0  boardinit2.o ABSOLUTE
    ../clib/angel/boardlib.s                 0x00000000   Number         0  boardinit3.o ABSOLUTE
    ../clib/angel/boardlib.s                 0x00000000   Number         0  boardshut.o ABSOLUTE
    ../clib/angel/handlers.s                 0x00000000   Number         0  __scatter_zi.o ABSOLUTE
    ../clib/angel/handlers.s                 0x00000000   Number         0  __scatter_copy.o ABSOLUTE
    ../clib/angel/kernel.s                   0x00000000   Number         0  __rtentry4.o ABSOLUTE
    ../clib/angel/kernel.s                   0x00000000   Number         0  __rtentry2.o ABSOLUTE
    ../clib/angel/kernel.s                   0x00000000   Number         0  __rtentry.o ABSOLUTE
    ../clib/angel/kernel.s                   0x00000000   Number         0  rtexit.o ABSOLUTE
    ../clib/angel/kernel.s                   0x00000000   Number         0  rtexit2.o ABSOLUTE
    ../clib/angel/rt.s                       0x00000000   Number         0  rt_raise.o ABSOLUTE
    ../clib/angel/scatter.s                  0x00000000   Number         0  __scatter.o ABSOLUTE
    ../clib/angel/startup.s                  0x00000000   Number         0  __main.o ABSOLUTE
    ../clib/angel/sys.s                      0x00000000   Number         0  use_no_semi.o ABSOLUTE
    ../clib/angel/sys.s                      0x00000000   Number         0  indicate_semi.o ABSOLUTE
    ../clib/angel/sys.s                      0x00000000   Number         0  sys_stackheap_outer.o ABSOLUTE
    ../clib/angel/sys.s                      0x00000000   Number         0  libspace.o ABSOLUTE
    ../clib/angel/sysapp.c                   0x00000000   Number         0  sys_command.o ABSOLUTE
    ../clib/angel/sysapp.c                   0x00000000   Number         0  sys_exit.o ABSOLUTE
    ../clib/angel/sysapp.c                   0x00000000   Number         0  sys_wrch.o ABSOLUTE
    ../clib/armsys.c                         0x00000000   Number         0  argv_veneer.o ABSOLUTE
    ../clib/armsys.c                         0x00000000   Number         0  argv_veneer.o ABSOLUTE
    ../clib/armsys.c                         0x00000000   Number         0  _get_argv_nomalloc.o ABSOLUTE
    ../clib/armsys.c                         0x00000000   Number         0  no_argv.o ABSOLUTE
    ../clib/heapalloc.c                      0x00000000   Number         0  hrguard.o ABSOLUTE
    ../clib/heapaux.c                        0x00000000   Number         0  heapauxi.o ABSOLUTE
    ../clib/libinit.s                        0x00000000   Number         0  libshutdown.o ABSOLUTE
    ../clib/libinit.s                        0x00000000   Number         0  libinit2.o ABSOLUTE
    ../clib/libinit.s                        0x00000000   Number         0  libinit.o ABSOLUTE
    ../clib/libinit.s                        0x00000000   Number         0  libshutdown2.o ABSOLUTE
    ../clib/printf.c                         0x00000000   Number         0  __printf_wp.o ABSOLUTE
    ../clib/printf.c                         0x00000000   Number         0  _printf_char_common.o ABSOLUTE
    ../clib/printf.c                         0x00000000   Number         0  _sputc.o ABSOLUTE
    ../clib/printf.c                         0x00000000   Number         0  __2sprintf.o ABSOLUTE
    ../clib/printf.c                         0x00000000   Number         0  noretval__2sprintf.o ABSOLUTE
    ../clib/printf.c                         0x00000000   Number         0  _printf_dec.o ABSOLUTE
    ../clib/printf.c                         0x00000000   Number         0  __printf_nopercent.o ABSOLUTE
    ../clib/printf.c                         0x00000000   Number         0  __printf.o ABSOLUTE
    ../clib/printf.c                         0x00000000   Number         0  __printf_flags_ss_wp.o ABSOLUTE
    ../clib/printf.c                         0x00000000   Number         0  __printf_ss_wp.o ABSOLUTE
    ../clib/printf.c                         0x00000000   Number         0  __printf_flags_wp.o ABSOLUTE
    ../clib/printf.c                         0x00000000   Number         0  __printf_flags_ss.o ABSOLUTE
    ../clib/printf.c                         0x00000000   Number         0  __printf_ss.o ABSOLUTE
    ../clib/printf.c                         0x00000000   Number         0  __printf_flags.o ABSOLUTE
    ../clib/printf.c                         0x00000000   Number         0  _printf_intcommon.o ABSOLUTE
    ../clib/printf_percent.s                 0x00000000   Number         0  _printf_percent_end.o ABSOLUTE
    ../clib/printf_percent.s                 0x00000000   Number         0  _printf_percent.o ABSOLUTE
    ../clib/printf_percent.s                 0x00000000   Number         0  _printf_d.o ABSOLUTE
    ../clib/signal.c                         0x00000000   Number         0  defsig_cppl_inner.o ABSOLUTE
    ../clib/signal.c                         0x00000000   Number         0  defsig_segv_inner.o ABSOLUTE
    ../clib/signal.c                         0x00000000   Number         0  defsig_pvfn_inner.o ABSOLUTE
    ../clib/signal.c                         0x00000000   Number         0  defsig_stak_inner.o ABSOLUTE
    ../clib/signal.c                         0x00000000   Number         0  defsig_exit.o ABSOLUTE
    ../clib/signal.c                         0x00000000   Number         0  defsig_rtmem_outer.o ABSOLUTE
    ../clib/signal.c                         0x00000000   Number         0  defsig_rtmem_formal.o ABSOLUTE
    ../clib/signal.c                         0x00000000   Number         0  defsig_rtmem_inner.o ABSOLUTE
    ../clib/signal.c                         0x00000000   Number         0  __raise.o ABSOLUTE
    ../clib/signal.c                         0x00000000   Number         0  defsig_general.o ABSOLUTE
    ../clib/signal.c                         0x00000000   Number         0  defsig_rtred_inner.o ABSOLUTE
    ../clib/signal.c                         0x00000000   Number         0  defsig_abrt_inner.o ABSOLUTE
    ../clib/signal.c                         0x00000000   Number         0  defsig_fpe_inner.o ABSOLUTE
    ../clib/signal.c                         0x00000000   Number         0  defsig_other.o ABSOLUTE
    ../clib/signal.s                         0x00000000   Number         0  defsig.o ABSOLUTE
    ../clib/stdlib.c                         0x00000000   Number         0  exit.o ABSOLUTE
    ../clib/string.c                         0x00000000   Number         0  strlen.o ABSOLUTE
    ../fplib/fpinit.s                        0x00000000   Number         0  fpinit.o ABSOLUTE
    ..\Src\App\LCD\FONT_calibri10.c          0x00000000   Number         0  font_calibri10.o ABSOLUTE
    ..\Src\App\LCD\FONT_calibri24.c          0x00000000   Number         0  font_calibri24.o ABSOLUTE
    ..\Src\App\LCD\gui.c                     0x00000000   Number         0  gui.o ABSOLUTE
    ..\\Src\\App\\LCD\\FONT_calibri10.c      0x00000000   Number         0  font_calibri10.o ABSOLUTE
    ..\\Src\\App\\LCD\\FONT_calibri24.c      0x00000000   Number         0  font_calibri24.o ABSOLUTE
    ..\\Src\\App\\LCD\\gui.c                 0x00000000   Number         0  gui.o ABSOLUTE
    App\LCD\BMPs.c                           0x00000000   Number         0  bmps.o ABSOLUTE
    App\LCD\LCD_ST7735R.c                    0x00000000   Number         0  lcd_st7735r.o ABSOLUTE
    App\\LCD\\LCD_ST7735R.c                  0x00000000   Number         0  lcd_st7735r.o ABSOLUTE
    BSP\BSP.c                                0x00000000   Number         0  bsp.o ABSOLUTE
    BSP\Hal.c                                0x00000000   Number         0  hal.o ABSOLUTE
    BSP\\BSP.c                               0x00000000   Number         0  bsp.o ABSOLUTE
    BSP\\Hal.c                               0x00000000   Number         0  hal.o ABSOLUTE
    BSP\\spim.c                              0x00000000   Number         0  spim.o ABSOLUTE
    BSP\spim.c                               0x00000000   Number         0  spim.o ABSOLUTE
    I2C.c                                    0x00000000   Number         0  i2c.o ABSOLUTE
    I2C.c                                    0x00000000   Number         0  i2c.o ABSOLUTE
    PLL.c                                    0x00000000   Number         0  pll.o ABSOLUTE
    PLL.c                                    0x00000000   Number         0  pll.o ABSOLUTE
    RTE\Device\TM4C123GH6PM\startup_TM4C123.s 0x00000000   Number         0  startup_tm4c123.o ABSOLUTE
    RTE\Device\TM4C123GH6PM\system_TM4C123.c 0x00000000   Number         0  system_tm4c123.o ABSOLUTE
    RTE\\Device\\TM4C123GH6PM\\system_TM4C123.c 0x00000000   Number         0  system_tm4c123.o ABSOLUTE
    dc.s                                     0x00000000   Number         0  dc.o ABSOLUTE
    main.c                                   0x00000000   Number         0  main.o ABSOLUTE
    main.c                                   0x00000000   Number         0  main.o ABSOLUTE
    !!!main                                  0x0000026c   Section        8  __main.o(!!!main)
    !!!scatter                               0x00000274   Section       52  __scatter.o(!!!scatter)
    !!handler_copy                           0x000002a8   Section       26  __scatter_copy.o(!!handler_copy)
    !!handler_zi                             0x000002c4   Section       28  __scatter_zi.o(!!handler_zi)
    .ARM.Collect$$_printf_percent$$00000000  0x000002e0   Section        0  _printf_percent.o(.ARM.Collect$$_printf_percent$$00000000)
    .ARM.Collect$$_printf_percent$$00000009  0x000002e0   Section        6  _printf_d.o(.ARM.Collect$$_printf_percent$$00000009)
    .ARM.Collect$$_printf_percent$$00000017  0x000002e6   Section        4  _printf_percent_end.o(.ARM.Collect$$_printf_percent$$00000017)
    .ARM.Collect$$libinit$$00000000          0x000002ea   Section        2  libinit.o(.ARM.Collect$$libinit$$00000000)
    .ARM.Collect$$libinit$$00000001          0x000002ec   Section        4  libinit2.o(.ARM.Collect$$libinit$$00000001)
    .ARM.Collect$$libinit$$00000004          0x000002f0   Section        0  libinit2.o(.ARM.Collect$$libinit$$00000004)
    .ARM.Collect$$libinit$$0000000A          0x000002f0   Section        0  libinit2.o(.ARM.Collect$$libinit$$0000000A)
    .ARM.Collect$$libinit$$0000000C          0x000002f0   Section        0  libinit2.o(.ARM.Collect$$libinit$$0000000C)
    .ARM.Collect$$libinit$$0000000E          0x000002f0   Section        0  libinit2.o(.ARM.Collect$$libinit$$0000000E)
    .ARM.Collect$$libinit$$00000011          0x000002f0   Section        0  libinit2.o(.ARM.Collect$$libinit$$00000011)
    .ARM.Collect$$libinit$$00000013          0x000002f0   Section        0  libinit2.o(.ARM.Collect$$libinit$$00000013)
    .ARM.Collect$$libinit$$00000015          0x000002f0   Section        0  libinit2.o(.ARM.Collect$$libinit$$00000015)
    .ARM.Collect$$libinit$$00000017          0x000002f0   Section        0  libinit2.o(.ARM.Collect$$libinit$$00000017)
    .ARM.Collect$$libinit$$00000019          0x000002f0   Section        0  libinit2.o(.ARM.Collect$$libinit$$00000019)
    .ARM.Collect$$libinit$$0000001B          0x000002f0   Section        0  libinit2.o(.ARM.Collect$$libinit$$0000001B)
    .ARM.Collect$$libinit$$0000001D          0x000002f0   Section        0  libinit2.o(.ARM.Collect$$libinit$$0000001D)
    .ARM.Collect$$libinit$$0000001F          0x000002f0   Section        0  libinit2.o(.ARM.Collect$$libinit$$0000001F)
    .ARM.Collect$$libinit$$00000021          0x000002f0   Section        0  libinit2.o(.ARM.Collect$$libinit$$00000021)
    .ARM.Collect$$libinit$$00000023          0x000002f0   Section        0  libinit2.o(.ARM.Collect$$libinit$$00000023)
    .ARM.Collect$$libinit$$00000025          0x000002f0   Section        0  libinit2.o(.ARM.Collect$$libinit$$00000025)
    .ARM.Collect$$libinit$$0000002C          0x000002f0   Section        0  libinit2.o(.ARM.Collect$$libinit$$0000002C)
    .ARM.Collect$$libinit$$0000002E          0x000002f0   Section        0  libinit2.o(.ARM.Collect$$libinit$$0000002E)
    .ARM.Collect$$libinit$$00000030          0x000002f0   Section        0  libinit2.o(.ARM.Collect$$libinit$$00000030)
    .ARM.Collect$$libinit$$00000032          0x000002f0   Section        0  libinit2.o(.ARM.Collect$$libinit$$00000032)
    .ARM.Collect$$libinit$$00000033          0x000002f0   Section        2  libinit2.o(.ARM.Collect$$libinit$$00000033)
    .ARM.Collect$$libshutdown$$00000000      0x000002f2   Section        2  libshutdown.o(.ARM.Collect$$libshutdown$$00000000)
    .ARM.Collect$$libshutdown$$00000002      0x000002f4   Section        0  libshutdown2.o(.ARM.Collect$$libshutdown$$00000002)
    .ARM.Collect$$libshutdown$$00000004      0x000002f4   Section        0  libshutdown2.o(.ARM.Collect$$libshutdown$$00000004)
    .ARM.Collect$$libshutdown$$00000007      0x000002f4   Section        0  libshutdown2.o(.ARM.Collect$$libshutdown$$00000007)
    .ARM.Collect$$libshutdown$$0000000A      0x000002f4   Section        0  libshutdown2.o(.ARM.Collect$$libshutdown$$0000000A)
    .ARM.Collect$$libshutdown$$0000000C      0x000002f4   Section        0  libshutdown2.o(.ARM.Collect$$libshutdown$$0000000C)
    .ARM.Collect$$libshutdown$$0000000F      0x000002f4   Section        0  libshutdown2.o(.ARM.Collect$$libshutdown$$0000000F)
    .ARM.Collect$$libshutdown$$00000010      0x000002f4   Section        2  libshutdown2.o(.ARM.Collect$$libshutdown$$00000010)
    .ARM.Collect$$rtentry$$00000000          0x000002f6   Section        0  __rtentry.o(.ARM.Collect$$rtentry$$00000000)
    .ARM.Collect$$rtentry$$00000002          0x000002f6   Section        0  __rtentry2.o(.ARM.Collect$$rtentry$$00000002)
    .ARM.Collect$$rtentry$$00000004          0x000002f6   Section        6  __rtentry4.o(.ARM.Collect$$rtentry$$00000004)
    .ARM.Collect$$rtentry$$00000009          0x000002fc   Section        0  __rtentry2.o(.ARM.Collect$$rtentry$$00000009)
    .ARM.Collect$$rtentry$$0000000A          0x000002fc   Section        4  __rtentry2.o(.ARM.Collect$$rtentry$$0000000A)
    .ARM.Collect$$rtentry$$0000000C          0x00000300   Section        0  __rtentry2.o(.ARM.Collect$$rtentry$$0000000C)
    .ARM.Collect$$rtentry$$0000000D          0x00000300   Section        8  __rtentry2.o(.ARM.Collect$$rtentry$$0000000D)
    .ARM.Collect$$rtexit$$00000000           0x00000308   Section        2  rtexit.o(.ARM.Collect$$rtexit$$00000000)
    .ARM.Collect$$rtexit$$00000002           0x0000030a   Section        0  rtexit2.o(.ARM.Collect$$rtexit$$00000002)
    .ARM.Collect$$rtexit$$00000003           0x0000030a   Section        4  rtexit2.o(.ARM.Collect$$rtexit$$00000003)
    .ARM.Collect$$rtexit$$00000004           0x0000030e   Section        6  rtexit2.o(.ARM.Collect$$rtexit$$00000004)
    .text                                    0x00000314   Section      276  startup_tm4c123.o(.text)
    $v0                                      0x00000314   Number         0  startup_tm4c123.o(.text)
    .text                                    0x00000428   Section        0  noretval__2sprintf.o(.text)
    .text                                    0x00000450   Section        0  __printf.o(.text)
    .text                                    0x000004b8   Section        0  _printf_dec.o(.text)
    .text                                    0x00000530   Section        0  strlen.o(.text)
    .text                                    0x0000056e   Section        0  heapauxi.o(.text)
    .text                                    0x00000574   Section        0  _printf_intcommon.o(.text)
    .text                                    0x00000628   Section        0  _printf_char_common.o(.text)
    _printf_input_char                       0x00000629   Thumb Code    10  _printf_char_common.o(.text)
    .text                                    0x00000658   Section        0  _sputc.o(.text)
    .text                                    0x00000662   Section       74  sys_stackheap_outer.o(.text)
    .text                                    0x000006ac   Section        0  exit.o(.text)
    .text                                    0x000006c0   Section        8  libspace.o(.text)
    .text                                    0x000006c8   Section        0  sys_exit.o(.text)
    .text                                    0x000006d4   Section        2  use_no_semi.o(.text)
    .text                                    0x000006d6   Section        0  indicate_semi.o(.text)
    i.GUI_16BitPerPixel                      0x000006d8   Section        0  gui.o(i.GUI_16BitPerPixel)
    i.GUI_AddCbFrameEnd                      0x000006e4   Section        0  gui.o(i.GUI_AddCbFrameEnd)
    i.GUI_AppDraw                            0x000006f0   Section        0  main.o(i.GUI_AppDraw)
    i.GUI_Clear                              0x0000088c   Section        0  gui.o(i.GUI_Clear)
    i.GUI_DrawBitmap                         0x000008f0   Section        0  gui.o(i.GUI_DrawBitmap)
    i.GUI_DrawFilledRect                     0x000009c8   Section        0  gui.o(i.GUI_DrawFilledRect)
    i.GUI_DrawHortLine                       0x00000a20   Section        0  gui.o(i.GUI_DrawHortLine)
    i.GUI_Draw_Exe                           0x00000a80   Section        0  gui.o(i.GUI_Draw_Exe)
    i.GUI_Init                               0x00000b30   Section        0  gui.o(i.GUI_Init)
    i.GUI_PrintChar                          0x00000b7c   Section        0  gui.o(i.GUI_PrintChar)
    i.GUI_PrintString                        0x00000e24   Section        0  gui.o(i.GUI_PrintString)
    i.GUI_SetColor                           0x00000ea8   Section        0  gui.o(i.GUI_SetColor)
    i.GUI_SetFont                            0x00000ecc   Section        0  gui.o(i.GUI_SetFont)
    i.GUI_WriteMem                           0x00000ed8   Section        0  gui.o(i.GUI_WriteMem)
    GUI_WriteMem                             0x00000ed9   Thumb Code   114  gui.o(i.GUI_WriteMem)
    i.HardFault_Handler                      0x00000f50   Section        0  bsp.o(i.HardFault_Handler)
    i.I2C_Init                               0x00000fa4   Section        0  i2c.o(i.I2C_Init)
    i.I2C_Recv2                              0x00001048   Section        0  main.o(i.I2C_Recv2)
    i.I2C_Send1                              0x000010c0   Section        0  main.o(i.I2C_Send1)
    i.LCD_AddCallback                        0x00001108   Section        0  lcd_st7735r.o(i.LCD_AddCallback)
    i.LCD_GetSize                            0x00001114   Section        0  lcd_st7735r.o(i.LCD_GetSize)
    i.LCD_WriteDataPixel                     0x0000112c   Section        0  lcd_st7735r.o(i.LCD_WriteDataPixel)
    i.LcdInit                                0x00001198   Section        0  lcd_st7735r.o(i.LcdInit)
    i.PLL_Init                               0x00001434   Section        0  pll.o(i.PLL_Init)
    i.PortInit                               0x000014a4   Section        0  hal.o(i.PortInit)
    i.SPI_Handler                            0x000015bc   Section        0  spim.o(i.SPI_Handler)
    SPI_Handler                              0x000015bd   Thumb Code   166  spim.o(i.SPI_Handler)
    i.SSI0_Handler                           0x00001664   Section        0  spim.o(i.SSI0_Handler)
    i.SpimAddCallbackTransferDone            0x00001674   Section        0  spim.o(i.SpimAddCallbackTransferDone)
    i.SpimInit                               0x0000167c   Section        0  spim.o(i.SpimInit)
    i.SpimSetDataSize                        0x00001944   Section        0  spim.o(i.SpimSetDataSize)
    i.SpimTransfer                           0x00001abe   Section        0  spim.o(i.SpimTransfer)
    i.SsiInit                                0x00001b08   Section        0  main.o(i.SsiInit)
    SsiInit                                  0x00001b09   Thumb Code    32  main.o(i.SsiInit)
    i.SysTick_Handler                        0x00001b30   Section        0  main.o(i.SysTick_Handler)
    i.SystemInit                             0x00001b5c   Section        0  system_tm4c123.o(i.SystemInit)
    i.__NVIC_SetPriority                     0x00001bf4   Section        0  main.o(i.__NVIC_SetPriority)
    __NVIC_SetPriority                       0x00001bf5   Thumb Code    32  main.o(i.__NVIC_SetPriority)
    i.lcd_Delayms                            0x00001c1c   Section        0  lcd_st7735r.o(i.lcd_Delayms)
    lcd_Delayms                              0x00001c1d   Thumb Code    34  lcd_st7735r.o(i.lcd_Delayms)
    i.lcd_WriteCmd                           0x00001c44   Section        0  lcd_st7735r.o(i.lcd_WriteCmd)
    lcd_WriteCmd                             0x00001c45   Thumb Code    86  lcd_st7735r.o(i.lcd_WriteCmd)
    i.lcd_WriteData                          0x00001cac   Section        0  lcd_st7735r.o(i.lcd_WriteData)
    lcd_WriteData                            0x00001cad   Thumb Code    86  lcd_st7735r.o(i.lcd_WriteData)
    i.lcd_WriteMultipleByte                  0x00001d14   Section        0  lcd_st7735r.o(i.lcd_WriteMultipleByte)
    lcd_WriteMultipleByte                    0x00001d15   Thumb Code    84  lcd_st7735r.o(i.lcd_WriteMultipleByte)
    i.lcd_cbSpiDone                          0x00001d74   Section        0  lcd_st7735r.o(i.lcd_cbSpiDone)
    lcd_cbSpiDone                            0x00001d75   Thumb Code    40  lcd_st7735r.o(i.lcd_cbSpiDone)
    i.main                                   0x00001da8   Section        0  main.o(i.main)
    i.main_LcdInit                           0x00001e88   Section        0  main.o(i.main_LcdInit)
    main_LcdInit                             0x00001e89   Thumb Code    80  main.o(i.main_LcdInit)
    i.main_cbGuiFrameEnd                     0x00001ef0   Section        0  main.o(i.main_cbGuiFrameEnd)
    main_cbGuiFrameEnd                       0x00001ef1   Thumb Code     8  main.o(i.main_cbGuiFrameEnd)
    i.main_cbLcdTransferDone                 0x00001efc   Section        0  main.o(i.main_cbLcdTransferDone)
    main_cbLcdTransferDone                   0x00001efd   Thumb Code     8  main.o(i.main_cbLcdTransferDone)
    i.parseTemp                              0x00001f08   Section        0  main.o(i.parseTemp)
    x$fpl$fpinit                             0x00001f9c   Section       10  fpinit.o(x$fpl$fpinit)
    $v0                                      0x00001f9c   Number         0  fpinit.o(x$fpl$fpinit)
    .constdata                               0x00001fa6   Section    13830  bmps.o(.constdata)
    .constdata                               0x000055ac   Section     1047  font_calibri10.o(.constdata)
    g_pucCalibri10Data                       0x000055ac   Data        1047  font_calibri10.o(.constdata)
    .constdata                               0x000059c4   Section      200  font_calibri10.o(.constdata)
    .constdata                               0x00005a8c   Section     2441  font_calibri24.o(.constdata)
    g_pucCalibri24Data                       0x00005a8c   Data        2441  font_calibri24.o(.constdata)
    .constdata                               0x00006418   Section      200  font_calibri24.o(.constdata)
    .data                                    0x20000000   Section       24  main.o(.data)
    g_nBlink                                 0x20000000   Data           4  main.o(.data)
    g_bSpiDone                               0x20000004   Data           4  main.o(.data)
    g_bLCDUpdate                             0x20000008   Data           4  main.o(.data)
    g_nLCD                                   0x2000000c   Data           4  main.o(.data)
    .data                                    0x20000018   Section       22  lcd_st7735r.o(.data)
    g_pSpimHandle                            0x20000018   Data           4  lcd_st7735r.o(.data)
    g_bSpiDone                               0x2000001c   Data           4  lcd_st7735r.o(.data)
    g_nScreenX                               0x20000020   Data           4  lcd_st7735r.o(.data)
    g_nScreenY                               0x20000024   Data           4  lcd_st7735r.o(.data)
    g_pLcdCbDone                             0x20000028   Data           4  lcd_st7735r.o(.data)
    g_Cmd                                    0x2000002c   Data           1  lcd_st7735r.o(.data)
    g_Data                                   0x2000002d   Data           1  lcd_st7735r.o(.data)
    .data                                    0x20000030   Section        4  system_tm4c123.o(.data)
    .data                                    0x20000034   Section       28  gui.o(.data)
    g_pFont                                  0x20000034   Data           4  gui.o(.data)
    g_Color                                  0x20000038   Data           4  gui.o(.data)
    g_hMemPtr                                0x2000003c   Data           4  gui.o(.data)
    g_b16BitPerPixel                         0x20000040   Data           4  gui.o(.data)
    g_pFramEnd                               0x20000044   Data           4  gui.o(.data)
    g_nWidth                                 0x20000048   Data           4  gui.o(.data)
    g_FontBackColor                          0x2000004c   Data           4  gui.o(.data)
    .bss                                     0x20000050   Section    16516  main.o(.bss)
    g_SpimHandle                             0x20000050   Data          52  main.o(.bss)
    g_aBuf                                   0x20000084   Data       16384  main.o(.bss)
    g_MemDev                                 0x20004084   Data          80  main.o(.bss)
    .bss                                     0x200040d4   Section       16  spim.o(.bss)
    g_pSpiIrqhandles                         0x200040d4   Data          16  spim.o(.bss)
    .bss                                     0x200040e4   Section       64  lcd_st7735r.o(.bss)
    data                                     0x200040e4   Data          64  lcd_st7735r.o(.bss)
    .bss                                     0x20004124   Section       96  libspace.o(.bss)
    HEAP                                     0x20004188   Section        0  startup_tm4c123.o(HEAP)
    STACK                                    0x20004188   Section      512  startup_tm4c123.o(STACK)
    Heap_Mem                                 0x20004188   Data           0  startup_tm4c123.o(HEAP)
    Stack_Mem                                0x20004188   Data         512  startup_tm4c123.o(STACK)
    __initial_sp                             0x20004388   Data           0  startup_tm4c123.o(STACK)

    Global Symbols

    Symbol Name                              Value     Ov Type        Size  Object(Section)

    BuildAttributes$$THM_ISAv4$E$P$D$K$B$S$7EM$VFPi3$EXTD16$VFPS$VFMA$PE$A:L22UL41UL21$X:L11$S22US41US21$IEEE1$IW$USESV6$~STKCKD$USESV7$~SHL$OTIME$ROPI$EBA8$UX$STANDARDLIB$REQ8$PRES8$EABIv2 0x00000000   Number         0  anon$$obj.o ABSOLUTE
    __ARM_use_no_argv                        0x00000000   Number         0  main.o ABSOLUTE
    __Vectors                                0x00000000   Data           4  startup_tm4c123.o(RESET)
    __ARM_exceptions_init                     - Undefined Weak Reference
    __alloca_initialize                       - Undefined Weak Reference
    __arm_preinit_                            - Undefined Weak Reference
    __cpp_initialize__aeabi_                  - Undefined Weak Reference
    __cxa_finalize                            - Undefined Weak Reference
    __rt_locale                               - Undefined Weak Reference
    __sigvec_lookup                           - Undefined Weak Reference
    _atexit_init                              - Undefined Weak Reference
    _call_atexit_fns                          - Undefined Weak Reference
    _clock_init                               - Undefined Weak Reference
    _fp_trap_init                             - Undefined Weak Reference
    _fp_trap_shutdown                         - Undefined Weak Reference
    _get_lc_collate                           - Undefined Weak Reference
    _get_lc_ctype                             - Undefined Weak Reference
    _get_lc_monetary                          - Undefined Weak Reference
    _get_lc_numeric                           - Undefined Weak Reference
    _get_lc_time                              - Undefined Weak Reference
    _getenv_init                              - Undefined Weak Reference
    _handle_redirection                       - Undefined Weak Reference
    _init_alloc                               - Undefined Weak Reference
    _init_user_alloc                          - Undefined Weak Reference
    _initio                                   - Undefined Weak Reference
    _printf_post_padding                      - Undefined Weak Reference
    _printf_pre_padding                       - Undefined Weak Reference
    _printf_truncate_signed                   - Undefined Weak Reference
    _printf_truncate_unsigned                 - Undefined Weak Reference
    _rand_init                                - Undefined Weak Reference
    _signal_finish                            - Undefined Weak Reference
    _signal_init                              - Undefined Weak Reference
    _terminate_alloc                          - Undefined Weak Reference
    _terminate_user_alloc                     - Undefined Weak Reference
    _terminateio                              - Undefined Weak Reference
    __Vectors_End                            0x0000026c   Data           0  startup_tm4c123.o(RESET)
    __Vectors_Size                           0x0000026c   Number         0  startup_tm4c123.o ABSOLUTE
    __main                                   0x0000026d   Thumb Code     8  __main.o(!!!main)
    __scatterload                            0x00000275   Thumb Code     0  __scatter.o(!!!scatter)
    __scatterload_rt2                        0x00000275   Thumb Code    44  __scatter.o(!!!scatter)
    __scatterload_rt2_thumb_only             0x00000275   Thumb Code     0  __scatter.o(!!!scatter)
    __scatterload_null                       0x00000283   Thumb Code     0  __scatter.o(!!!scatter)
    __scatterload_copy                       0x000002a9   Thumb Code    26  __scatter_copy.o(!!handler_copy)
    __scatterload_zeroinit                   0x000002c5   Thumb Code    28  __scatter_zi.o(!!handler_zi)
    _printf_d                                0x000002e1   Thumb Code     0  _printf_d.o(.ARM.Collect$$_printf_percent$$00000009)
    _printf_percent                          0x000002e1   Thumb Code     0  _printf_percent.o(.ARM.Collect$$_printf_percent$$00000000)
    _printf_percent_end                      0x000002e7   Thumb Code     0  _printf_percent_end.o(.ARM.Collect$$_printf_percent$$00000017)
    __rt_lib_init                            0x000002eb   Thumb Code     0  libinit.o(.ARM.Collect$$libinit$$00000000)
    __rt_lib_init_fp_1                       0x000002ed   Thumb Code     0  libinit2.o(.ARM.Collect$$libinit$$00000001)
    __rt_lib_init_alloca_1                   0x000002f1   Thumb Code     0  libinit2.o(.ARM.Collect$$libinit$$0000002E)
    __rt_lib_init_argv_1                     0x000002f1   Thumb Code     0  libinit2.o(.ARM.Collect$$libinit$$0000002C)
    __rt_lib_init_atexit_1                   0x000002f1   Thumb Code     0  libinit2.o(.ARM.Collect$$libinit$$0000001B)
    __rt_lib_init_clock_1                    0x000002f1   Thumb Code     0  libinit2.o(.ARM.Collect$$libinit$$00000021)
    __rt_lib_init_cpp_1                      0x000002f1   Thumb Code     0  libinit2.o(.ARM.Collect$$libinit$$00000032)
    __rt_lib_init_exceptions_1               0x000002f1   Thumb Code     0  libinit2.o(.ARM.Collect$$libinit$$00000030)
    __rt_lib_init_fp_trap_1                  0x000002f1   Thumb Code     0  libinit2.o(.ARM.Collect$$libinit$$0000001F)
    __rt_lib_init_getenv_1                   0x000002f1   Thumb Code     0  libinit2.o(.ARM.Collect$$libinit$$00000023)
    __rt_lib_init_heap_1                     0x000002f1   Thumb Code     0  libinit2.o(.ARM.Collect$$libinit$$0000000A)
    __rt_lib_init_lc_collate_1               0x000002f1   Thumb Code     0  libinit2.o(.ARM.Collect$$libinit$$00000011)
    __rt_lib_init_lc_ctype_1                 0x000002f1   Thumb Code     0  libinit2.o(.ARM.Collect$$libinit$$00000013)
    __rt_lib_init_lc_monetary_1              0x000002f1   Thumb Code     0  libinit2.o(.ARM.Collect$$libinit$$00000015)
    __rt_lib_init_lc_numeric_1               0x000002f1   Thumb Code     0  libinit2.o(.ARM.Collect$$libinit$$00000017)
    __rt_lib_init_lc_time_1                  0x000002f1   Thumb Code     0  libinit2.o(.ARM.Collect$$libinit$$00000019)
    __rt_lib_init_preinit_1                  0x000002f1   Thumb Code     0  libinit2.o(.ARM.Collect$$libinit$$00000004)
    __rt_lib_init_rand_1                     0x000002f1   Thumb Code     0  libinit2.o(.ARM.Collect$$libinit$$0000000E)
    __rt_lib_init_return                     0x000002f1   Thumb Code     0  libinit2.o(.ARM.Collect$$libinit$$00000033)
    __rt_lib_init_signal_1                   0x000002f1   Thumb Code     0  libinit2.o(.ARM.Collect$$libinit$$0000001D)
    __rt_lib_init_stdio_1                    0x000002f1   Thumb Code     0  libinit2.o(.ARM.Collect$$libinit$$00000025)
    __rt_lib_init_user_alloc_1               0x000002f1   Thumb Code     0  libinit2.o(.ARM.Collect$$libinit$$0000000C)
    __rt_lib_shutdown                        0x000002f3   Thumb Code     0  libshutdown.o(.ARM.Collect$$libshutdown$$00000000)
    __rt_lib_shutdown_cpp_1                  0x000002f5   Thumb Code     0  libshutdown2.o(.ARM.Collect$$libshutdown$$00000002)
    __rt_lib_shutdown_fp_trap_1              0x000002f5   Thumb Code     0  libshutdown2.o(.ARM.Collect$$libshutdown$$00000007)
    __rt_lib_shutdown_heap_1                 0x000002f5   Thumb Code     0  libshutdown2.o(.ARM.Collect$$libshutdown$$0000000F)
    __rt_lib_shutdown_return                 0x000002f5   Thumb Code     0  libshutdown2.o(.ARM.Collect$$libshutdown$$00000010)
    __rt_lib_shutdown_signal_1               0x000002f5   Thumb Code     0  libshutdown2.o(.ARM.Collect$$libshutdown$$0000000A)
    __rt_lib_shutdown_stdio_1                0x000002f5   Thumb Code     0  libshutdown2.o(.ARM.Collect$$libshutdown$$00000004)
    __rt_lib_shutdown_user_alloc_1           0x000002f5   Thumb Code     0  libshutdown2.o(.ARM.Collect$$libshutdown$$0000000C)
    __rt_entry                               0x000002f7   Thumb Code     0  __rtentry.o(.ARM.Collect$$rtentry$$00000000)
    __rt_entry_presh_1                       0x000002f7   Thumb Code     0  __rtentry2.o(.ARM.Collect$$rtentry$$00000002)
    __rt_entry_sh                            0x000002f7   Thumb Code     0  __rtentry4.o(.ARM.Collect$$rtentry$$00000004)
    __rt_entry_li                            0x000002fd   Thumb Code     0  __rtentry2.o(.ARM.Collect$$rtentry$$0000000A)
    __rt_entry_postsh_1                      0x000002fd   Thumb Code     0  __rtentry2.o(.ARM.Collect$$rtentry$$00000009)
    __rt_entry_main                          0x00000301   Thumb Code     0  __rtentry2.o(.ARM.Collect$$rtentry$$0000000D)
    __rt_entry_postli_1                      0x00000301   Thumb Code     0  __rtentry2.o(.ARM.Collect$$rtentry$$0000000C)
    __rt_exit                                0x00000309   Thumb Code     0  rtexit.o(.ARM.Collect$$rtexit$$00000000)
    __rt_exit_ls                             0x0000030b   Thumb Code     0  rtexit2.o(.ARM.Collect$$rtexit$$00000003)
    __rt_exit_prels_1                        0x0000030b   Thumb Code     0  rtexit2.o(.ARM.Collect$$rtexit$$00000002)
    __rt_exit_exit                           0x0000030f   Thumb Code     0  rtexit2.o(.ARM.Collect$$rtexit$$00000004)
    Reset_Handler                            0x00000315   Thumb Code     8  startup_tm4c123.o(.text)
    NMI_Handler                              0x0000031d   Thumb Code     2  startup_tm4c123.o(.text)
    MemManage_Handler                        0x00000321   Thumb Code     2  startup_tm4c123.o(.text)
    BusFault_Handler                         0x00000323   Thumb Code     2  startup_tm4c123.o(.text)
    UsageFault_Handler                       0x00000325   Thumb Code     2  startup_tm4c123.o(.text)
    SVC_Handler                              0x00000327   Thumb Code     2  startup_tm4c123.o(.text)
    DebugMon_Handler                         0x00000329   Thumb Code     2  startup_tm4c123.o(.text)
    PendSV_Handler                           0x0000032b   Thumb Code     2  startup_tm4c123.o(.text)
    GPIOA_Handler                            0x0000032f   Thumb Code     2  startup_tm4c123.o(.text)
    GPIOB_Handler                            0x00000331   Thumb Code     2  startup_tm4c123.o(.text)
    GPIOC_Handler                            0x00000333   Thumb Code     2  startup_tm4c123.o(.text)
    GPIOD_Handler                            0x00000335   Thumb Code     2  startup_tm4c123.o(.text)
    GPIOE_Handler                            0x00000337   Thumb Code     2  startup_tm4c123.o(.text)
    UART0_Handler                            0x00000339   Thumb Code     2  startup_tm4c123.o(.text)
    UART1_Handler                            0x0000033b   Thumb Code     2  startup_tm4c123.o(.text)
    I2C0_Handler                             0x0000033f   Thumb Code     2  startup_tm4c123.o(.text)
    PMW0_FAULT_Handler                       0x00000341   Thumb Code     2  startup_tm4c123.o(.text)
    PWM0_0_Handler                           0x00000343   Thumb Code     2  startup_tm4c123.o(.text)
    PWM0_1_Handler                           0x00000345   Thumb Code     2  startup_tm4c123.o(.text)
    PWM0_2_Handler                           0x00000347   Thumb Code     2  startup_tm4c123.o(.text)
    QEI0_Handler                             0x00000349   Thumb Code     2  startup_tm4c123.o(.text)
    ADC0SS0_Handler                          0x0000034b   Thumb Code     2  startup_tm4c123.o(.text)
    ADC0SS1_Handler                          0x0000034d   Thumb Code     2  startup_tm4c123.o(.text)
    ADC0SS2_Handler                          0x0000034f   Thumb Code     2  startup_tm4c123.o(.text)
    ADC0SS3_Handler                          0x00000351   Thumb Code     2  startup_tm4c123.o(.text)
    WDT0_Handler                             0x00000353   Thumb Code     2  startup_tm4c123.o(.text)
    TIMER0A_Handler                          0x00000355   Thumb Code     2  startup_tm4c123.o(.text)
    TIMER0B_Handler                          0x00000357   Thumb Code     2  startup_tm4c123.o(.text)
    TIMER1A_Handler                          0x00000359   Thumb Code     2  startup_tm4c123.o(.text)
    TIMER1B_Handler                          0x0000035b   Thumb Code     2  startup_tm4c123.o(.text)
    TIMER2A_Handler                          0x0000035d   Thumb Code     2  startup_tm4c123.o(.text)
    TIMER2B_Handler                          0x0000035f   Thumb Code     2  startup_tm4c123.o(.text)
    COMP0_Handler                            0x00000361   Thumb Code     2  startup_tm4c123.o(.text)
    COMP1_Handler                            0x00000363   Thumb Code     2  startup_tm4c123.o(.text)
    COMP2_Handler                            0x00000365   Thumb Code     2  startup_tm4c123.o(.text)
    SYSCTL_Handler                           0x00000367   Thumb Code     2  startup_tm4c123.o(.text)
    FLASH_Handler                            0x00000369   Thumb Code     2  startup_tm4c123.o(.text)
    GPIOF_Handler                            0x0000036b   Thumb Code     2  startup_tm4c123.o(.text)
    GPIOG_Handler                            0x0000036d   Thumb Code     2  startup_tm4c123.o(.text)
    GPIOH_Handler                            0x0000036f   Thumb Code     2  startup_tm4c123.o(.text)
    UART2_Handler                            0x00000371   Thumb Code     2  startup_tm4c123.o(.text)
    SSI1_Handler                             0x00000373   Thumb Code     2  startup_tm4c123.o(.text)
    TIMER3A_Handler                          0x00000375   Thumb Code     2  startup_tm4c123.o(.text)
    TIMER3B_Handler                          0x00000377   Thumb Code     2  startup_tm4c123.o(.text)
    I2C1_Handler                             0x00000379   Thumb Code     2  startup_tm4c123.o(.text)
    QEI1_Handler                             0x0000037b   Thumb Code     2  startup_tm4c123.o(.text)
    CAN0_Handler                             0x0000037d   Thumb Code     2  startup_tm4c123.o(.text)
    CAN1_Handler                             0x0000037f   Thumb Code     2  startup_tm4c123.o(.text)
    CAN2_Handler                             0x00000381   Thumb Code     2  startup_tm4c123.o(.text)
    HIB_Handler                              0x00000383   Thumb Code     2  startup_tm4c123.o(.text)
    USB0_Handler                             0x00000385   Thumb Code     2  startup_tm4c123.o(.text)
    PWM0_3_Handler                           0x00000387   Thumb Code     2  startup_tm4c123.o(.text)
    UDMA_Handler                             0x00000389   Thumb Code     2  startup_tm4c123.o(.text)
    UDMAERR_Handler                          0x0000038b   Thumb Code     2  startup_tm4c123.o(.text)
    ADC1SS0_Handler                          0x0000038d   Thumb Code     2  startup_tm4c123.o(.text)
    ADC1SS1_Handler                          0x0000038f   Thumb Code     2  startup_tm4c123.o(.text)
    ADC1SS2_Handler                          0x00000391   Thumb Code     2  startup_tm4c123.o(.text)
    ADC1SS3_Handler                          0x00000393   Thumb Code     2  startup_tm4c123.o(.text)
    GPIOJ_Handler                            0x00000395   Thumb Code     2  startup_tm4c123.o(.text)
    GPIOK_Handler                            0x00000397   Thumb Code     2  startup_tm4c123.o(.text)
    GPIOL_Handler                            0x00000399   Thumb Code     2  startup_tm4c123.o(.text)
    SSI2_Handler                             0x0000039b   Thumb Code     2  startup_tm4c123.o(.text)
    SSI3_Handler                             0x0000039d   Thumb Code     2  startup_tm4c123.o(.text)
    UART3_Handler                            0x0000039f   Thumb Code     2  startup_tm4c123.o(.text)
    UART4_Handler                            0x000003a1   Thumb Code     2  startup_tm4c123.o(.text)
    UART5_Handler                            0x000003a3   Thumb Code     2  startup_tm4c123.o(.text)
    UART6_Handler                            0x000003a5   Thumb Code     2  startup_tm4c123.o(.text)
    UART7_Handler                            0x000003a7   Thumb Code     2  startup_tm4c123.o(.text)
    I2C2_Handler                             0x000003a9   Thumb Code     2  startup_tm4c123.o(.text)
    I2C3_Handler                             0x000003ab   Thumb Code     2  startup_tm4c123.o(.text)
    TIMER4A_Handler                          0x000003ad   Thumb Code     2  startup_tm4c123.o(.text)
    TIMER4B_Handler                          0x000003af   Thumb Code     2  startup_tm4c123.o(.text)
    TIMER5A_Handler                          0x000003b1   Thumb Code     2  startup_tm4c123.o(.text)
    TIMER5B_Handler                          0x000003b3   Thumb Code     2  startup_tm4c123.o(.text)
    WTIMER0A_Handler                         0x000003b5   Thumb Code     2  startup_tm4c123.o(.text)
    WTIMER0B_Handler                         0x000003b7   Thumb Code     2  startup_tm4c123.o(.text)
    WTIMER1A_Handler                         0x000003b9   Thumb Code     2  startup_tm4c123.o(.text)
    WTIMER1B_Handler                         0x000003bb   Thumb Code     2  startup_tm4c123.o(.text)
    WTIMER2A_Handler                         0x000003bd   Thumb Code     2  startup_tm4c123.o(.text)
    WTIMER2B_Handler                         0x000003bf   Thumb Code     2  startup_tm4c123.o(.text)
    WTIMER3A_Handler                         0x000003c1   Thumb Code     2  startup_tm4c123.o(.text)
    WTIMER3B_Handler                         0x000003c3   Thumb Code     2  startup_tm4c123.o(.text)
    WTIMER4A_Handler                         0x000003c5   Thumb Code     2  startup_tm4c123.o(.text)
    WTIMER4B_Handler                         0x000003c7   Thumb Code     2  startup_tm4c123.o(.text)
    WTIMER5A_Handler                         0x000003c9   Thumb Code     2  startup_tm4c123.o(.text)
    WTIMER5B_Handler                         0x000003cb   Thumb Code     2  startup_tm4c123.o(.text)
    FPU_Handler                              0x000003cd   Thumb Code     2  startup_tm4c123.o(.text)
    I2C4_Handler                             0x000003cf   Thumb Code     2  startup_tm4c123.o(.text)
    I2C5_Handler                             0x000003d1   Thumb Code     2  startup_tm4c123.o(.text)
    GPIOM_Handler                            0x000003d3   Thumb Code     2  startup_tm4c123.o(.text)
    GPION_Handler                            0x000003d5   Thumb Code     2  startup_tm4c123.o(.text)
    QEI2_Handler                             0x000003d7   Thumb Code     2  startup_tm4c123.o(.text)
    GPIOP0_Handler                           0x000003d9   Thumb Code     2  startup_tm4c123.o(.text)
    GPIOP1_Handler                           0x000003db   Thumb Code     2  startup_tm4c123.o(.text)
    GPIOP2_Handler                           0x000003dd   Thumb Code     2  startup_tm4c123.o(.text)
    GPIOP3_Handler                           0x000003df   Thumb Code     2  startup_tm4c123.o(.text)
    GPIOP4_Handler                           0x000003e1   Thumb Code     2  startup_tm4c123.o(.text)
    GPIOP5_Handler                           0x000003e3   Thumb Code     2  startup_tm4c123.o(.text)
    GPIOP6_Handler                           0x000003e5   Thumb Code     2  startup_tm4c123.o(.text)
    GPIOP7_Handler                           0x000003e7   Thumb Code     2  startup_tm4c123.o(.text)
    GPIOQ0_Handler                           0x000003e9   Thumb Code     2  startup_tm4c123.o(.text)
    GPIOQ1_Handler                           0x000003eb   Thumb Code     2  startup_tm4c123.o(.text)
    GPIOQ2_Handler                           0x000003ed   Thumb Code     2  startup_tm4c123.o(.text)
    GPIOQ3_Handler                           0x000003ef   Thumb Code     2  startup_tm4c123.o(.text)
    GPIOQ4_Handler                           0x000003f1   Thumb Code     2  startup_tm4c123.o(.text)
    GPIOQ5_Handler                           0x000003f3   Thumb Code     2  startup_tm4c123.o(.text)
    GPIOQ6_Handler                           0x000003f5   Thumb Code     2  startup_tm4c123.o(.text)
    GPIOQ7_Handler                           0x000003f7   Thumb Code     2  startup_tm4c123.o(.text)
    GPIOR_Handler                            0x000003f9   Thumb Code     2  startup_tm4c123.o(.text)
    GPIOS_Handler                            0x000003fb   Thumb Code     2  startup_tm4c123.o(.text)
    PMW1_0_Handler                           0x000003fd   Thumb Code     2  startup_tm4c123.o(.text)
    PWM1_1_Handler                           0x000003ff   Thumb Code     2  startup_tm4c123.o(.text)
    PWM1_2_Handler                           0x00000401   Thumb Code     2  startup_tm4c123.o(.text)
    PWM1_3_Handler                           0x00000403   Thumb Code     2  startup_tm4c123.o(.text)
    PWM1_FAULT_Handler                       0x00000405   Thumb Code     2  startup_tm4c123.o(.text)
    __user_initial_stackheap                 0x00000409   Thumb Code     0  startup_tm4c123.o(.text)
    __2sprintf                               0x00000429   Thumb Code    34  noretval__2sprintf.o(.text)
    __printf                                 0x00000451   Thumb Code   104  __printf.o(.text)
    _printf_int_dec                          0x000004b9   Thumb Code   104  _printf_dec.o(.text)
    strlen                                   0x00000531   Thumb Code    62  strlen.o(.text)
    __use_two_region_memory                  0x0000056f   Thumb Code     2  heapauxi.o(.text)
    __rt_heap_escrow$2region                 0x00000571   Thumb Code     2  heapauxi.o(.text)
    __rt_heap_expand$2region                 0x00000573   Thumb Code     2  heapauxi.o(.text)
    _printf_int_common                       0x00000575   Thumb Code   178  _printf_intcommon.o(.text)
    _printf_char_common                      0x00000633   Thumb Code    32  _printf_char_common.o(.text)
    _sputc                                   0x00000659   Thumb Code    10  _sputc.o(.text)
    __user_setup_stackheap                   0x00000663   Thumb Code    74  sys_stackheap_outer.o(.text)
    exit                                     0x000006ad   Thumb Code    18  exit.o(.text)
    __user_libspace                          0x000006c1   Thumb Code     8  libspace.o(.text)
    __user_perproc_libspace                  0x000006c1   Thumb Code     0  libspace.o(.text)
    __user_perthread_libspace                0x000006c1   Thumb Code     0  libspace.o(.text)
    _sys_exit                                0x000006c9   Thumb Code     8  sys_exit.o(.text)
    __I$use$semihosting                      0x000006d5   Thumb Code     0  use_no_semi.o(.text)
    __use_no_semihosting_swi                 0x000006d5   Thumb Code     2  use_no_semi.o(.text)
    __semihosting_library_function           0x000006d7   Thumb Code     0  indicate_semi.o(.text)
    GUI_16BitPerPixel                        0x000006d9   Thumb Code     6  gui.o(i.GUI_16BitPerPixel)
    GUI_AddCbFrameEnd                        0x000006e5   Thumb Code     6  gui.o(i.GUI_AddCbFrameEnd)
    GUI_AppDraw                              0x000006f1   Thumb Code   290  main.o(i.GUI_AppDraw)
    GUI_Clear                                0x0000088d   Thumb Code    96  gui.o(i.GUI_Clear)
    GUI_DrawBitmap                           0x000008f1   Thumb Code   210  gui.o(i.GUI_DrawBitmap)
    GUI_DrawFilledRect                       0x000009c9   Thumb Code    84  gui.o(i.GUI_DrawFilledRect)
    GUI_DrawHortLine                         0x00000a21   Thumb Code    90  gui.o(i.GUI_DrawHortLine)
    GUI_Draw_Exe                             0x00000a81   Thumb Code   170  gui.o(i.GUI_Draw_Exe)
    GUI_Init                                 0x00000b31   Thumb Code    70  gui.o(i.GUI_Init)
    GUI_PrintChar                            0x00000b7d   Thumb Code   676  gui.o(i.GUI_PrintChar)
    GUI_PrintString                          0x00000e25   Thumb Code   128  gui.o(i.GUI_PrintString)
    GUI_SetColor                             0x00000ea9   Thumb Code    30  gui.o(i.GUI_SetColor)
    GUI_SetFont                              0x00000ecd   Thumb Code     6  gui.o(i.GUI_SetFont)
    HardFault_Handler                        0x00000f51   Thumb Code    64  bsp.o(i.HardFault_Handler)
    I2C_Init                                 0x00000fa5   Thumb Code   142  i2c.o(i.I2C_Init)
    I2C_Recv2                                0x00001049   Thumb Code   116  main.o(i.I2C_Recv2)
    I2C_Send1                                0x000010c1   Thumb Code    68  main.o(i.I2C_Send1)
    LCD_AddCallback                          0x00001109   Thumb Code     6  lcd_st7735r.o(i.LCD_AddCallback)
    LCD_GetSize                              0x00001115   Thumb Code    14  lcd_st7735r.o(i.LCD_GetSize)
    LCD_WriteDataPixel                       0x0000112d   Thumb Code    90  lcd_st7735r.o(i.LCD_WriteDataPixel)
    LcdInit                                  0x00001199   Thumb Code   644  lcd_st7735r.o(i.LcdInit)
    PLL_Init                                 0x00001435   Thumb Code   108  pll.o(i.PLL_Init)
    PortInit                                 0x000014a5   Thumb Code   240  hal.o(i.PortInit)
    SSI0_Handler                             0x00001665   Thumb Code    12  spim.o(i.SSI0_Handler)
    SpimAddCallbackTransferDone              0x00001675   Thumb Code     6  spim.o(i.SpimAddCallbackTransferDone)
    SpimInit                                 0x0000167d   Thumb Code   684  spim.o(i.SpimInit)
    SpimSetDataSize                          0x00001945   Thumb Code   378  spim.o(i.SpimSetDataSize)
    SpimTransfer                             0x00001abf   Thumb Code    74  spim.o(i.SpimTransfer)
    SysTick_Handler                          0x00001b31   Thumb Code    34  main.o(i.SysTick_Handler)
    SystemInit                               0x00001b5d   Thumb Code   112  system_tm4c123.o(i.SystemInit)
    main                                     0x00001da9   Thumb Code   196  main.o(i.main)
    parseTemp                                0x00001f09   Thumb Code   148  main.o(i.parseTemp)
    _fp_init                                 0x00001f9d   Thumb Code    10  fpinit.o(x$fpl$fpinit)
    __fplib_config_fpu_vfp                   0x00001fa5   Thumb Code     0  fpinit.o(x$fpl$fpinit)
    __fplib_config_pureend_doubles           0x00001fa5   Thumb Code     0  fpinit.o(x$fpl$fpinit)
    temp                                     0x00001fa6   Data       13830  bmps.o(.constdata)
    g_sFontCalibri10                         0x000059c4   Data         200  font_calibri10.o(.constdata)
    g_sFontCalibri24                         0x00006418   Data         200  font_calibri24.o(.constdata)
    Region$$Table$$Base                      0x000064e0   Number         0  anon$$obj.o(Region$$Table)
    Region$$Table$$Limit                     0x00006500   Number         0  anon$$obj.o(Region$$Table)
    g_bLcdFree                               0x20000010   Data           4  main.o(.data)
    g_I2CStatus                              0x20000014   Data           4  main.o(.data)
    SystemCoreClock                          0x20000030   Data           4  system_tm4c123.o(.data)
    __libspace_start                         0x20004124   Data          96  libspace.o(.bss)
    __temporary_stack_top$libspace           0x20004184   Data           0  libspace.o(.bss)



==============================================================================

Memory Map of the image

  Image Entry point : 0x00000315

  Load Region LR_1 (Base: 0x00000000, Size: 0x00006550, Max: 0xffffffff, ABSOLUTE)

    Execution Region ER_RO (Exec base: 0x00000000, Load base: 0x00000000, Size: 0x00006500, Max: 0xffffffff, ABSOLUTE)

    Exec Addr    Load Addr    Size         Type   Attr      Idx    E Section Name        Object

    0x00000000   0x00000000   0x0000026c   Data   RO          457    RESET               startup_tm4c123.o
    0x0000026c   0x0000026c   0x00000008   Code   RO          605  * !!!main             c_w.l(__main.o)
    0x00000274   0x00000274   0x00000034   Code   RO          771    !!!scatter          c_w.l(__scatter.o)
    0x000002a8   0x000002a8   0x0000001a   Code   RO          773    !!handler_copy      c_w.l(__scatter_copy.o)
    0x000002c2   0x000002c2   0x00000002   PAD
    0x000002c4   0x000002c4   0x0000001c   Code   RO          775    !!handler_zi        c_w.l(__scatter_zi.o)
    0x000002e0   0x000002e0   0x00000000   Code   RO          600    .ARM.Collect$$_printf_percent$$00000000  c_w.l(_printf_percent.o)
    0x000002e0   0x000002e0   0x00000006   Code   RO          599    .ARM.Collect$$_printf_percent$$00000009  c_w.l(_printf_d.o)
    0x000002e6   0x000002e6   0x00000004   Code   RO          614    .ARM.Collect$$_printf_percent$$00000017  c_w.l(_printf_percent_end.o)
    0x000002ea   0x000002ea   0x00000002   Code   RO          641    .ARM.Collect$$libinit$$00000000  c_w.l(libinit.o)
    0x000002ec   0x000002ec   0x00000004   Code   RO          647    .ARM.Collect$$libinit$$00000001  c_w.l(libinit2.o)
    0x000002f0   0x000002f0   0x00000000   Code   RO          650    .ARM.Collect$$libinit$$00000004  c_w.l(libinit2.o)
    0x000002f0   0x000002f0   0x00000000   Code   RO          653    .ARM.Collect$$libinit$$0000000A  c_w.l(libinit2.o)
    0x000002f0   0x000002f0   0x00000000   Code   RO          655    .ARM.Collect$$libinit$$0000000C  c_w.l(libinit2.o)
    0x000002f0   0x000002f0   0x00000000   Code   RO          657    .ARM.Collect$$libinit$$0000000E  c_w.l(libinit2.o)
    0x000002f0   0x000002f0   0x00000000   Code   RO          660    .ARM.Collect$$libinit$$00000011  c_w.l(libinit2.o)
    0x000002f0   0x000002f0   0x00000000   Code   RO          662    .ARM.Collect$$libinit$$00000013  c_w.l(libinit2.o)
    0x000002f0   0x000002f0   0x00000000   Code   RO          664    .ARM.Collect$$libinit$$00000015  c_w.l(libinit2.o)
    0x000002f0   0x000002f0   0x00000000   Code   RO          666    .ARM.Collect$$libinit$$00000017  c_w.l(libinit2.o)
    0x000002f0   0x000002f0   0x00000000   Code   RO          668    .ARM.Collect$$libinit$$00000019  c_w.l(libinit2.o)
    0x000002f0   0x000002f0   0x00000000   Code   RO          670    .ARM.Collect$$libinit$$0000001B  c_w.l(libinit2.o)
    0x000002f0   0x000002f0   0x00000000   Code   RO          672    .ARM.Collect$$libinit$$0000001D  c_w.l(libinit2.o)
    0x000002f0   0x000002f0   0x00000000   Code   RO          674    .ARM.Collect$$libinit$$0000001F  c_w.l(libinit2.o)
    0x000002f0   0x000002f0   0x00000000   Code   RO          676    .ARM.Collect$$libinit$$00000021  c_w.l(libinit2.o)
    0x000002f0   0x000002f0   0x00000000   Code   RO          678    .ARM.Collect$$libinit$$00000023  c_w.l(libinit2.o)
    0x000002f0   0x000002f0   0x00000000   Code   RO          680    .ARM.Collect$$libinit$$00000025  c_w.l(libinit2.o)
    0x000002f0   0x000002f0   0x00000000   Code   RO          684    .ARM.Collect$$libinit$$0000002C  c_w.l(libinit2.o)
    0x000002f0   0x000002f0   0x00000000   Code   RO          686    .ARM.Collect$$libinit$$0000002E  c_w.l(libinit2.o)
    0x000002f0   0x000002f0   0x00000000   Code   RO          688    .ARM.Collect$$libinit$$00000030  c_w.l(libinit2.o)
    0x000002f0   0x000002f0   0x00000000   Code   RO          690    .ARM.Collect$$libinit$$00000032  c_w.l(libinit2.o)
    0x000002f0   0x000002f0   0x00000002   Code   RO          691    .ARM.Collect$$libinit$$00000033  c_w.l(libinit2.o)
    0x000002f2   0x000002f2   0x00000002   Code   RO          711    .ARM.Collect$$libshutdown$$00000000  c_w.l(libshutdown.o)
    0x000002f4   0x000002f4   0x00000000   Code   RO          724    .ARM.Collect$$libshutdown$$00000002  c_w.l(libshutdown2.o)
    0x000002f4   0x000002f4   0x00000000   Code   RO          726    .ARM.Collect$$libshutdown$$00000004  c_w.l(libshutdown2.o)
    0x000002f4   0x000002f4   0x00000000   Code   RO          729    .ARM.Collect$$libshutdown$$00000007  c_w.l(libshutdown2.o)
    0x000002f4   0x000002f4   0x00000000   Code   RO          732    .ARM.Collect$$libshutdown$$0000000A  c_w.l(libshutdown2.o)
    0x000002f4   0x000002f4   0x00000000   Code   RO          734    .ARM.Collect$$libshutdown$$0000000C  c_w.l(libshutdown2.o)
    0x000002f4   0x000002f4   0x00000000   Code   RO          737    .ARM.Collect$$libshutdown$$0000000F  c_w.l(libshutdown2.o)
    0x000002f4   0x000002f4   0x00000002   Code   RO          738    .ARM.Collect$$libshutdown$$00000010  c_w.l(libshutdown2.o)
    0x000002f6   0x000002f6   0x00000000   Code   RO          607    .ARM.Collect$$rtentry$$00000000  c_w.l(__rtentry.o)
    0x000002f6   0x000002f6   0x00000000   Code   RO          616    .ARM.Collect$$rtentry$$00000002  c_w.l(__rtentry2.o)
    0x000002f6   0x000002f6   0x00000006   Code   RO          628    .ARM.Collect$$rtentry$$00000004  c_w.l(__rtentry4.o)
    0x000002fc   0x000002fc   0x00000000   Code   RO          618    .ARM.Collect$$rtentry$$00000009  c_w.l(__rtentry2.o)
    0x000002fc   0x000002fc   0x00000004   Code   RO          619    .ARM.Collect$$rtentry$$0000000A  c_w.l(__rtentry2.o)
    0x00000300   0x00000300   0x00000000   Code   RO          621    .ARM.Collect$$rtentry$$0000000C  c_w.l(__rtentry2.o)
    0x00000300   0x00000300   0x00000008   Code   RO          622    .ARM.Collect$$rtentry$$0000000D  c_w.l(__rtentry2.o)
    0x00000308   0x00000308   0x00000002   Code   RO          645    .ARM.Collect$$rtexit$$00000000  c_w.l(rtexit.o)
    0x0000030a   0x0000030a   0x00000000   Code   RO          693    .ARM.Collect$$rtexit$$00000002  c_w.l(rtexit2.o)
    0x0000030a   0x0000030a   0x00000004   Code   RO          694    .ARM.Collect$$rtexit$$00000003  c_w.l(rtexit2.o)
    0x0000030e   0x0000030e   0x00000006   Code   RO          695    .ARM.Collect$$rtexit$$00000004  c_w.l(rtexit2.o)
    0x00000314   0x00000314   0x00000114   Code   RO          458  * .text               startup_tm4c123.o
    0x00000428   0x00000428   0x00000028   Code   RO          573    .text               c_w.l(noretval__2sprintf.o)
    0x00000450   0x00000450   0x00000068   Code   RO          575    .text               c_w.l(__printf.o)
    0x000004b8   0x000004b8   0x00000078   Code   RO          577    .text               c_w.l(_printf_dec.o)
    0x00000530   0x00000530   0x0000003e   Code   RO          601    .text               c_w.l(strlen.o)
    0x0000056e   0x0000056e   0x00000006   Code   RO          603    .text               c_w.l(heapauxi.o)
    0x00000574   0x00000574   0x000000b2   Code   RO          608    .text               c_w.l(_printf_intcommon.o)
    0x00000626   0x00000626   0x00000002   PAD
    0x00000628   0x00000628   0x00000030   Code   RO          610    .text               c_w.l(_printf_char_common.o)
    0x00000658   0x00000658   0x0000000a   Code   RO          612    .text               c_w.l(_sputc.o)
    0x00000662   0x00000662   0x0000004a   Code   RO          632    .text               c_w.l(sys_stackheap_outer.o)
    0x000006ac   0x000006ac   0x00000012   Code   RO          634    .text               c_w.l(exit.o)
    0x000006be   0x000006be   0x00000002   PAD
    0x000006c0   0x000006c0   0x00000008   Code   RO          642    .text               c_w.l(libspace.o)
    0x000006c8   0x000006c8   0x0000000c   Code   RO          703    .text               c_w.l(sys_exit.o)
    0x000006d4   0x000006d4   0x00000002   Code   RO          714    .text               c_w.l(use_no_semi.o)
    0x000006d6   0x000006d6   0x00000000   Code   RO          716    .text               c_w.l(indicate_semi.o)
    0x000006d6   0x000006d6   0x00000002   PAD
    0x000006d8   0x000006d8   0x0000000c   Code   RO          525    i.GUI_16BitPerPixel  DPGUI_KEIL_CM4_V11.lib(gui.o)
    0x000006e4   0x000006e4   0x0000000c   Code   RO          526    i.GUI_AddCbFrameEnd  DPGUI_KEIL_CM4_V11.lib(gui.o)
    0x000006f0   0x000006f0   0x0000019c   Code   RO            4    i.GUI_AppDraw       main.o
    0x0000088c   0x0000088c   0x00000064   Code   RO          527    i.GUI_Clear         DPGUI_KEIL_CM4_V11.lib(gui.o)
    0x000008f0   0x000008f0   0x000000d8   Code   RO          528    i.GUI_DrawBitmap    DPGUI_KEIL_CM4_V11.lib(gui.o)
    0x000009c8   0x000009c8   0x00000058   Code   RO          531    i.GUI_DrawFilledRect  DPGUI_KEIL_CM4_V11.lib(gui.o)
    0x00000a20   0x00000a20   0x00000060   Code   RO          532    i.GUI_DrawHortLine  DPGUI_KEIL_CM4_V11.lib(gui.o)
    0x00000a80   0x00000a80   0x000000b0   Code   RO          536    i.GUI_Draw_Exe      DPGUI_KEIL_CM4_V11.lib(gui.o)
    0x00000b30   0x00000b30   0x0000004c   Code   RO          537    i.GUI_Init          DPGUI_KEIL_CM4_V11.lib(gui.o)
    0x00000b7c   0x00000b7c   0x000002a8   Code   RO          538    i.GUI_PrintChar     DPGUI_KEIL_CM4_V11.lib(gui.o)
    0x00000e24   0x00000e24   0x00000084   Code   RO          539    i.GUI_PrintString   DPGUI_KEIL_CM4_V11.lib(gui.o)
    0x00000ea8   0x00000ea8   0x00000024   Code   RO          540    i.GUI_SetColor      DPGUI_KEIL_CM4_V11.lib(gui.o)
    0x00000ecc   0x00000ecc   0x0000000c   Code   RO          541    i.GUI_SetFont       DPGUI_KEIL_CM4_V11.lib(gui.o)
    0x00000ed8   0x00000ed8   0x00000078   Code   RO          544    i.GUI_WriteMem      DPGUI_KEIL_CM4_V11.lib(gui.o)
    0x00000f50   0x00000f50   0x00000054   Code   RO          211    i.HardFault_Handler  bsp.o
    0x00000fa4   0x00000fa4   0x000000a4   Code   RO          187    i.I2C_Init          i2c.o
    0x00001048   0x00001048   0x00000078   Code   RO            5    i.I2C_Recv2         main.o
    0x000010c0   0x000010c0   0x00000048   Code   RO            6    i.I2C_Send1         main.o
    0x00001108   0x00001108   0x0000000c   Code   RO          359    i.LCD_AddCallback   lcd_st7735r.o
    0x00001114   0x00001114   0x00000018   Code   RO          360    i.LCD_GetSize       lcd_st7735r.o
    0x0000112c   0x0000112c   0x0000006c   Code   RO          363    i.LCD_WriteDataPixel  lcd_st7735r.o
    0x00001198   0x00001198   0x0000029c   Code   RO          364    i.LcdInit           lcd_st7735r.o
    0x00001434   0x00001434   0x00000070   Code   RO          159    i.PLL_Init          pll.o
    0x000014a4   0x000014a4   0x00000118   Code   RO          251    i.PortInit          hal.o
    0x000015bc   0x000015bc   0x000000a6   Code   RO          279    i.SPI_Handler       spim.o
    0x00001662   0x00001662   0x00000002   PAD
    0x00001664   0x00001664   0x00000010   Code   RO          280    i.SSI0_Handler      spim.o
    0x00001674   0x00001674   0x00000006   Code   RO          281    i.SpimAddCallbackTransferDone  spim.o
    0x0000167a   0x0000167a   0x00000002   PAD
    0x0000167c   0x0000167c   0x000002c8   Code   RO          282    i.SpimInit          spim.o
    0x00001944   0x00001944   0x0000017a   Code   RO          283    i.SpimSetDataSize   spim.o
    0x00001abe   0x00001abe   0x0000004a   Code   RO          285    i.SpimTransfer      spim.o
    0x00001b08   0x00001b08   0x00000028   Code   RO            7    i.SsiInit           main.o
    0x00001b30   0x00001b30   0x0000002c   Code   RO            8    i.SysTick_Handler   main.o
    0x00001b5c   0x00001b5c   0x00000098   Code   RO          466    i.SystemInit        system_tm4c123.o
    0x00001bf4   0x00001bf4   0x00000028   Code   RO            9    i.__NVIC_SetPriority  main.o
    0x00001c1c   0x00001c1c   0x00000028   Code   RO          365    i.lcd_Delayms       lcd_st7735r.o
    0x00001c44   0x00001c44   0x00000068   Code   RO          366    i.lcd_WriteCmd      lcd_st7735r.o
    0x00001cac   0x00001cac   0x00000068   Code   RO          367    i.lcd_WriteData     lcd_st7735r.o
    0x00001d14   0x00001d14   0x00000060   Code   RO          368    i.lcd_WriteMultipleByte  lcd_st7735r.o
    0x00001d74   0x00001d74   0x00000034   Code   RO          369    i.lcd_cbSpiDone     lcd_st7735r.o
    0x00001da8   0x00001da8   0x000000e0   Code   RO           10    i.main              main.o
    0x00001e88   0x00001e88   0x00000068   Code   RO           11    i.main_LcdInit      main.o
    0x00001ef0   0x00001ef0   0x0000000c   Code   RO           12    i.main_cbGuiFrameEnd  main.o
    0x00001efc   0x00001efc   0x0000000c   Code   RO           13    i.main_cbLcdTransferDone  main.o
    0x00001f08   0x00001f08   0x00000094   Code   RO           14    i.parseTemp         main.o
    0x00001f9c   0x00001f9c   0x0000000a   Code   RO          701    x$fpl$fpinit        fz_wm.l(fpinit.o)
    0x00001fa6   0x00001fa6   0x00003606   Data   RO          348    .constdata          bmps.o
    0x000055ac   0x000055ac   0x00000417   Data   RO          509    .constdata          DPGUI_KEIL_CM4_V11.lib(font_calibri10.o)
    0x000059c3   0x000059c3   0x00000001   PAD
    0x000059c4   0x000059c4   0x000000c8   Data   RO          510    .constdata          DPGUI_KEIL_CM4_V11.lib(font_calibri10.o)
    0x00005a8c   0x00005a8c   0x00000989   Data   RO          517    .constdata          DPGUI_KEIL_CM4_V11.lib(font_calibri24.o)
    0x00006415   0x00006415   0x00000003   PAD
    0x00006418   0x00006418   0x000000c8   Data   RO          518    .constdata          DPGUI_KEIL_CM4_V11.lib(font_calibri24.o)
    0x000064e0   0x000064e0   0x00000020   Data   RO          769    Region$$Table       anon$$obj.o


    Execution Region ER_RW (Exec base: 0x20000000, Load base: 0x00006500, Size: 0x00000050, Max: 0xffffffff, ABSOLUTE)

    Exec Addr    Load Addr    Size         Type   Attr      Idx    E Section Name        Object

    0x20000000   0x00006500   0x00000018   Data   RW           16    .data               main.o
    0x20000018   0x00006518   0x00000016   Data   RW          371    .data               lcd_st7735r.o
    0x2000002e   0x0000652e   0x00000002   PAD
    0x20000030   0x00006530   0x00000004   Data   RW          468    .data               system_tm4c123.o
    0x20000034   0x00006534   0x0000001c   Data   RW          545    .data               DPGUI_KEIL_CM4_V11.lib(gui.o)


    Execution Region ER_ZI (Exec base: 0x20000050, Load base: 0x00006550, Size: 0x00004338, Max: 0xffffffff, ABSOLUTE)

    Exec Addr    Load Addr    Size         Type   Attr      Idx    E Section Name        Object

    0x20000050        -       0x00004084   Zero   RW           15    .bss                main.o
    0x200040d4        -       0x00000010   Zero   RW          286    .bss                spim.o
    0x200040e4        -       0x00000040   Zero   RW          370    .bss                lcd_st7735r.o
    0x20004124        -       0x00000060   Zero   RW          643    .bss                c_w.l(libspace.o)
    0x20004184   0x00006550   0x00000004   PAD
    0x20004188        -       0x00000000   Zero   RW          456    HEAP                startup_tm4c123.o
    0x20004188        -       0x00000200   Zero   RW          455    STACK               startup_tm4c123.o


==============================================================================

Image component sizes


      Code (inc. data)   RO Data    RW Data    ZI Data      Debug   Object Name

         0          0      13830          0          0        635   bmps.o
        84         20          0          0          0      30743   bsp.o
       280         40          0          0          0        543   hal.o
       164         22          0          0          0        503   i2c.o
      1208        124          0         22         64       8259   lcd_st7735r.o
      1228        216          0         24      16516      72050   main.o
       112          4          0          0          0        491   pll.o
      1352         60          0          0         16      38404   spim.o
       276         24        620          0        512       5488   startup_tm4c123.o
       152         40          0          4          0        915   system_tm4c123.o

    ----------------------------------------------------------------------
      4860        550      14482         52      17108     158031   Object Totals
         0          0         32          0          0          0   (incl. Generated)
         4          0          0          2          0          0   (incl. Padding)

    ----------------------------------------------------------------------

      Code (inc. data)   RO Data    RW Data    ZI Data      Debug   Library Member Name

         0          0       1247          0          0          0   font_calibri10.o
         0          0       2641          0          0          0   font_calibri24.o
      1756         70          0         28          0       1704   gui.o
         8          0          0          0          0         68   __main.o
       104          0          0          0          0         84   __printf.o
         0          0          0          0          0          0   __rtentry.o
        12          0          0          0          0          0   __rtentry2.o
         6          0          0          0          0          0   __rtentry4.o
        52          8          0          0          0          0   __scatter.o
        26          0          0          0          0          0   __scatter_copy.o
        28          0          0          0          0          0   __scatter_zi.o
        48          6          0          0          0         96   _printf_char_common.o
         6          0          0          0          0          0   _printf_d.o
       120         16          0          0          0         92   _printf_dec.o
       178          0          0          0          0         88   _printf_intcommon.o
         0          0          0          0          0          0   _printf_percent.o
         4          0          0          0          0          0   _printf_percent_end.o
        10          0          0          0          0         68   _sputc.o
        18          0          0          0          0         80   exit.o
         6          0          0          0          0        152   heapauxi.o
         0          0          0          0          0          0   indicate_semi.o
         2          0          0          0          0          0   libinit.o
         6          0          0          0          0          0   libinit2.o
         2          0          0          0          0          0   libshutdown.o
         2          0          0          0          0          0   libshutdown2.o
         8          4          0          0         96         68   libspace.o
        40          6          0          0          0         84   noretval__2sprintf.o
         2          0          0          0          0          0   rtexit.o
        10          0          0          0          0          0   rtexit2.o
        62          0          0          0          0         76   strlen.o
        12          4          0          0          0         68   sys_exit.o
        74          0          0          0          0         80   sys_stackheap_outer.o
         2          0          0          0          0         68   use_no_semi.o
        10          0          0          0          0        116   fpinit.o

    ----------------------------------------------------------------------
      2622        114       3892         28        100       2992   Library Totals
         8          0          4          0          4          0   (incl. Padding)

    ----------------------------------------------------------------------

      Code (inc. data)   RO Data    RW Data    ZI Data      Debug   Library Name

      1756         70       3888         28          0       1704   DPGUI_KEIL_CM4_V11.lib
       848         44          0          0         96       1172   c_w.l
        10          0          0          0          0        116   fz_wm.l

    ----------------------------------------------------------------------
      2622        114       3892         28        100       2992   Library Totals

    ----------------------------------------------------------------------

==============================================================================


      Code (inc. data)   RO Data    RW Data    ZI Data      Debug   

      7482        664      18374         80      17208     156703   Grand Totals
      7482        664      18374         80      17208     156703   ELF Image Totals
      7482        664      18374         80          0          0   ROM Totals

==============================================================================

    Total RO  Size (Code + RO Data)                25856 (  25.25kB)
    Total RW  Size (RW Data + ZI Data)             17288 (  16.88kB)
    Total ROM Size (Code + RO Data + RW Data)      25936 (  25.33kB)

==============================================================================

